2026-09-30 16:12:13.463 [info] [main] Log level: Info
2026-09-30 16:12:13.463 [info] [main] Validating found git in: "git"
2026-09-30 16:12:13.463 [info] [main] Using git "2.55.0" from "git"
2026-09-30 16:12:13.463 [info] [Model][doInitialScan] Initial repository scan started
2026-09-30 16:12:13.463 [info] > git rev-parse --show-toplevel [192ms]
2026-09-30 16:12:13.463 [info] fatal: not a git repository (or any of the parent directories): .git
2026-09-30 16:12:13.464 [info] > git rev-parse --show-toplevel [2ms]
2026-09-30 16:12:13.464 [info] fatal: not a git repository (or any of the parent directories): .git
2026-09-30 16:12:13.467 [info] > git rev-parse --show-toplevel [1ms]
2026-09-30 16:12:13.467 [info] fatal: not a git repository (or any of the parent directories): .git
2026-09-30 16:12:13.471 [info] > git rev-parse --show-toplevel [1ms]
2026-09-30 16:12:13.471 [info] fatal: not a git repository (or any of the parent directories): .git
2026-09-30 16:12:13.474 [info] > git rev-parse --show-toplevel [1ms]
2026-09-30 16:12:13.474 [info] fatal: not a git repository (or any of the parent directories): .git
2026-09-30 16:12:13.478 [info] > git rev-parse --show-toplevel [1ms]
2026-09-30 16:12:13.478 [info] fatal: not a git repository (or any of the parent directories): .git
2026-09-30 16:12:13.481 [info] > git rev-parse --show-toplevel [1ms]
2026-09-30 16:12:13.481 [info] fatal: not a git repository (or any of the parent directories): .git
2026-09-30 16:12:13.485 [info] > git rev-parse --show-toplevel [1ms]
2026-09-30 16:12:13.485 [info] fatal: not a git repository (or any of the parent directories): .git
2026-09-30 16:12:13.489 [info] > git rev-parse --show-toplevel [1ms]
2026-09-30 16:12:13.489 [info] fatal: not a git repository (or any of the parent directories): .git
2026-09-30 16:12:13.685 [info] > git rev-parse --show-toplevel [193ms]
2026-09-30 16:12:13.685 [info] fatal: not a git repository (or any of the parent directories): .git
2026-09-30 16:12:13.995 [info] > git rev-parse --show-toplevel [140ms]
2026-09-30 16:12:13.995 [info] fatal: not a git repository (or any of the parent directories): .git
2026-09-30 16:12:14.023 [info] > git rev-parse --show-toplevel [10ms]
2026-09-30 16:12:14.023 [info] fatal: not a git repository (or any of the parent directories): .git
2026-09-30 16:12:14.029 [info] > git rev-parse --show-toplevel [1ms]
2026-09-30 16:12:14.029 [info] fatal: not a git repository (or any of the parent directories): .git
2026-09-30 16:12:14.035 [info] > git rev-parse --show-toplevel [2ms]
2026-09-30 16:12:14.035 [info] fatal: not a git repository (or any of the parent directories): .git
2026-09-30 16:12:14.040 [info] > git rev-parse --show-toplevel [1ms]
2026-09-30 16:12:14.040 [info] fatal: not a git repository (or any of the parent directories): .git
2026-09-30 16:12:14.044 [info] > git rev-parse --show-toplevel [1ms]
2026-09-30 16:12:14.044 [info] fatal: not a git repository (or any of the parent directories): .git
2026-09-30 16:12:14.049 [info] > git rev-parse --show-toplevel [1ms]
2026-09-30 16:12:14.049 [info] fatal: not a git repository (or any of the parent directories): .git
2026-09-30 16:12:14.053 [info] > git rev-parse --show-toplevel [1ms]
2026-09-30 16:12:14.053 [info] fatal: not a git repository (or any of the parent directories): .git
2026-09-30 16:12:14.061 [info] > git rev-parse --show-toplevel [5ms]
2026-09-30 16:12:14.061 [info] fatal: not a git repository (or any of the parent directories): .git
2026-09-30 16:12:14.063 [info] [Model][doInitialScan] Initial repository scan completed - repositories (0), closed repositories (0), parent repositories (0), unsafe repositories (0)
2026-09-30 16:12:14.068 [info] > git rev-parse --show-toplevel [3ms]
2026-09-30 16:12:14.068 [info] fatal: not a git repository (or any of the parent directories): .git
2026-09-30 16:12:14.072 [info] > git rev-parse --show-toplevel [1ms]
2026-09-30 16:12:14.072 [info] fatal: not a git repository (or any of the parent directories): .git
2026-09-30 16:12:14.076 [info] > git rev-parse --show-toplevel [1ms]
2026-09-30 16:12:14.076 [info] fatal: not a git repository (or any of the parent directories): .git
2026-09-30 16:12:14.079 [info] > git rev-parse --show-toplevel [0ms]
2026-09-30 16:12:14.079 [info] fatal: not a git repository (or any of the parent directories): .git
2026-09-30 16:12:14.084 [info] > git rev-parse --show-toplevel [0ms]
2026-09-30 16:12:14.084 [info] fatal: not a git repository (or any of the parent directories): .git
2026-09-30 16:12:14.088 [info] > git rev-parse --show-toplevel [1ms]
2026-09-30 16:12:14.088 [info] fatal: not a git repository (or any of the parent directories): .git
2026-09-30 16:12:14.100 [info] > git rev-parse --show-toplevel [8ms]
2026-09-30 16:12:14.100 [info] fatal: not a git repository (or any of the parent directories): .git
2026-09-30 16:12:14.113 [info] > git rev-parse --show-toplevel [8ms]
2026-09-30 16:12:14.113 [info] fatal: not a git repository (or any of the parent directories): .git
2026-09-30 16:12:14.120 [info] > git rev-parse --show-toplevel [1ms]
2026-09-30 16:12:14.120 [info] fatal: not a git repository (or any of the parent directories): .git
2026-09-30 16:12:15.032 [info] > git rev-parse --show-toplevel [3ms]
2026-09-30 16:12:15.032 [info] fatal: not a git repository (or any of the parent directories): .git
2026-09-30 16:12:16.168 [info] > git rev-parse --show-toplevel [2ms]
2026-09-30 16:12:16.168 [info] fatal: not a git repository (or any of the parent directories): .git
2026-09-30 16:12:33.858 [info] > git rev-parse --show-toplevel [2ms]
2026-09-30 16:12:33.858 [info] fatal: not a git repository (or any of the parent directories): .git
2026-09-30 16:12:39.275 [info] > git rev-parse --show-toplevel [2ms]
2026-09-30 16:12:39.275 [info] fatal: not a git repository (or any of the parent directories): .git
2026-09-30 16:12:50.729 [info] > git rev-parse --show-toplevel [1ms]
2026-09-30 16:12:50.729 [info] fatal: not a git repository (or any of the parent directories): .git
2026-09-30 16:12:58.221 [info] > git rev-parse --show-toplevel [2ms]
2026-09-30 16:12:58.221 [info] fatal: not a git repository (or any of the parent directories): .git
2026-09-30 16:13:47.121 [info] [main] Log level: Info
2026-09-30 16:13:47.121 [info] [main] Validating found git in: "git"
2026-09-30 16:13:47.121 [info] [main] Using git "2.55.0" from "git"
2026-09-30 16:13:47.121 [info] [Model][doInitialScan] Initial repository scan started
2026-09-30 16:13:47.122 [info] > git rev-parse --show-toplevel [129ms]
2026-09-30 16:13:47.122 [info] fatal: not a git repository (or any of the parent directories): .git
2026-09-30 16:13:47.167 [info] > git rev-parse --show-toplevel [14ms]
2026-09-30 16:13:47.167 [info] fatal: not a git repository (or any of the parent directories): .git
2026-09-30 16:13:47.172 [info] > git rev-parse --show-toplevel [2ms]
2026-09-30 16:13:47.172 [info] fatal: not a git repository (or any of the parent directories): .git
2026-09-30 16:13:47.174 [info] [Model][doInitialScan] Initial repository scan completed - repositories (0), closed repositories (0), parent repositories (0), unsafe repositories (0)
2026-09-30 16:13:51.379 [info] > git rev-parse --show-toplevel [21ms]
2026-09-30 16:13:51.379 [info] fatal: not a git repository (or any of the parent directories): .git
2026-09-30 16:13:58.579 [info] > git rev-parse --show-toplevel [11ms]
2026-09-30 16:13:58.579 [info] fatal: not a git repository (or any of the parent directories): .git
2026-09-30 16:14:04.490 [info] > git rev-parse --show-toplevel [1ms]
2026-09-30 16:14:04.490 [info] fatal: not a git repository (or any of the parent directories): .git
2026-09-30 16:14:06.166 [info] > git rev-parse --show-toplevel [0ms]
2026-09-30 16:14:06.166 [info] fatal: not a git repository (or any of the parent directories): .git
2026-09-30 16:14:08.771 [info] > git rev-parse --show-toplevel [1ms]
2026-09-30 16:14:08.771 [info] fatal: not a git repository (or any of the parent directories): .git
2026-09-30 16:14:09.834 [info] > git rev-parse --show-toplevel [1ms]
2026-09-30 16:14:09.834 [info] fatal: not a git repository (or any of the parent directories): .git
2026-09-30 16:14:11.105 [info] > git rev-parse --show-toplevel [1ms]
2026-09-30 16:14:11.105 [info] fatal: not a git repository (or any of the parent directories): .git
2026-09-30 16:14:13.088 [info] > git rev-parse --show-toplevel [1ms]
2026-09-30 16:14:13.088 [info] fatal: not a git repository (or any of the parent directories): .git
2026-09-30 16:14:14.633 [info] > git rev-parse --show-toplevel [1ms]
2026-09-30 16:14:14.633 [info] fatal: not a git repository (or any of the parent directories): .git
2026-09-30 16:14:16.161 [info] > git rev-parse --show-toplevel [1ms]
2026-09-30 16:14:16.162 [info] fatal: not a git repository (or any of the parent directories): .git
2026-09-30 16:14:17.348 [info] > git rev-parse --show-toplevel [2ms]
2026-09-30 16:14:17.348 [info] fatal: not a git repository (or any of the parent directories): .git
2026-09-30 16:14:20.593 [info] > git rev-parse --show-toplevel [2ms]
2026-09-30 16:14:20.593 [info] fatal: not a git repository (or any of the parent directories): .git
2026-09-30 16:14:22.800 [info] > git rev-parse --show-toplevel [1ms]
2026-09-30 16:14:22.800 [info] fatal: not a git repository (or any of the parent directories): .git
2026-09-30 16:14:30.148 [info] > git rev-parse --show-toplevel [1ms]
2026-09-30 16:14:30.148 [info] fatal: not a git repository (or any of the parent directories): .git
2026-09-30 16:14:32.455 [info] > git rev-parse --show-toplevel [2ms]
2026-09-30 16:14:32.455 [info] fatal: not a git repository (or any of the parent directories): .git
2026-09-30 16:14:34.304 [info] > git rev-parse --show-toplevel [2ms]
2026-09-30 16:14:34.304 [info] fatal: not a git repository (or any of the parent directories): .git
2026-09-30 16:14:36.655 [info] > git rev-parse --show-toplevel [2ms]
2026-09-30 16:14:36.656 [info] fatal: not a git repository (or any of the parent directories): .git
2026-09-30 16:14:40.201 [info] > git rev-parse --show-toplevel [1ms]
2026-09-30 16:14:40.201 [info] fatal: not a git repository (or any of the parent directories): .git
2026-09-30 16:14:42.817 [info] > git rev-parse --show-toplevel [2ms]
2026-09-30 16:14:42.817 [info] fatal: not a git repository (or any of the parent directories): .git
2026-09-30 16:14:55.339 [info] > git rev-parse --show-toplevel [1ms]
2026-09-30 16:14:55.339 [info] fatal: not a git repository (or any of the parent directories): .git
2026-09-30 16:14:56.657 [info] > git rev-parse --show-toplevel [1ms]
2026-09-30 16:14:56.657 [info] fatal: not a git repository (or any of the parent directories): .git
2026-09-30 16:14:57.527 [info] > git rev-parse --show-toplevel [1ms]
2026-09-30 16:14:57.527 [info] fatal: not a git repository (or any of the parent directories): .git
2026-09-30 16:15:04.601 [info] > git rev-parse --show-toplevel [1ms]
2026-09-30 16:15:04.601 [info] fatal: not a git repository (or any of the parent directories): .git
2026-09-30 16:15:06.498 [info] > git rev-parse --show-toplevel [1ms]
2026-09-30 16:15:06.498 [info] fatal: not a git repository (or any of the parent directories): .git
2026-09-30 16:15:09.567 [info] > git rev-parse --show-toplevel [2ms]
2026-09-30 16:15:09.567 [info] fatal: not a git repository (or any of the parent directories): .git
2026-09-30 16:15:10.872 [info] > git rev-parse --show-toplevel [2ms]
2026-09-30 16:15:10.872 [info] fatal: not a git repository (or any of the parent directories): .git
2026-09-30 16:15:18.175 [info] > git rev-parse --show-toplevel [2ms]
2026-09-30 16:15:18.175 [info] fatal: not a git repository (or any of the parent directories): .git
2026-09-30 16:15:20.296 [info] > git rev-parse --show-toplevel [1ms]
2026-09-30 16:15:20.296 [info] fatal: not a git repository (or any of the parent directories): .git
2026-09-30 16:15:25.184 [info] > git rev-parse --show-toplevel [2ms]
2026-09-30 16:15:25.184 [info] fatal: not a git repository (or any of the parent directories): .git
2026-09-30 16:15:26.499 [info] > git rev-parse --show-toplevel [2ms]
2026-09-30 16:15:26.499 [info] fatal: not a git repository (or any of the parent directories): .git
2026-09-30 16:15:26.960 [info] > git rev-parse --show-toplevel [1ms]
2026-09-30 16:15:26.960 [info] fatal: not a git repository (or any of the parent directories): .git
2026-09-30 16:15:28.858 [info] > git rev-parse --show-toplevel [1ms]
2026-09-30 16:15:28.858 [info] fatal: not a git repository (or any of the parent directories): .git
2026-09-30 16:15:30.767 [info] > git rev-parse --show-toplevel [1ms]
2026-09-30 16:15:30.767 [info] fatal: not a git repository (or any of the parent directories): .git
2026-09-30 16:15:32.063 [info] > git rev-parse --show-toplevel [1ms]
2026-09-30 16:15:32.063 [info] fatal: not a git repository (or any of the parent directories): .git
2026-09-30 16:15:33.162 [info] > git rev-parse --show-toplevel [1ms]
2026-09-30 16:15:33.162 [info] fatal: not a git repository (or any of the parent directories): .git
2026-09-30 16:15:40.439 [info] > git rev-parse --show-toplevel [1ms]
2026-09-30 16:15:40.439 [info] fatal: not a git repository (or any of the parent directories): .git
2026-09-30 16:15:45.562 [info] > git rev-parse --show-toplevel [1ms]
2026-09-30 16:15:45.562 [info] fatal: not a git repository (or any of the parent directories): .git
2026-09-30 16:15:55.152 [info] > git rev-parse --show-toplevel [1ms]
2026-09-30 16:15:55.152 [info] fatal: not a git repository (or any of the parent directories): .git
2026-09-30 16:15:55.959 [info] > git rev-parse --show-toplevel [1ms]
2026-09-30 16:15:55.960 [info] fatal: not a git repository (or any of the parent directories): .git
2026-09-30 16:15:56.479 [info] > git rev-parse --show-toplevel [2ms]
2026-09-30 16:15:56.479 [info] fatal: not a git repository (or any of the parent directories): .git
2026-09-30 16:15:56.940 [info] > git rev-parse --show-toplevel [2ms]
2026-09-30 16:15:56.940 [info] fatal: not a git repository (or any of the parent directories): .git
2026-09-30 16:15:57.390 [info] > git rev-parse --show-toplevel [1ms]
2026-09-30 16:15:57.391 [info] fatal: not a git repository (or any of the parent directories): .git
2026-09-30 16:15:57.802 [info] > git rev-parse --show-toplevel [2ms]
2026-09-30 16:15:57.802 [info] fatal: not a git repository (or any of the parent directories): .git
2026-09-30 16:15:58.197 [info] > git rev-parse --show-toplevel [2ms]
2026-09-30 16:15:58.197 [info] fatal: not a git repository (or any of the parent directories): .git
2026-09-30 16:15:58.639 [info] > git rev-parse --show-toplevel [2ms]
2026-09-30 16:15:58.639 [info] fatal: not a git repository (or any of the parent directories): .git
2026-09-30 16:15:59.039 [info] > git rev-parse --show-toplevel [1ms]
2026-09-30 16:15:59.039 [info] fatal: not a git repository (or any of the parent directories): .git
2026-09-30 16:15:59.464 [info] > git rev-parse --show-toplevel [1ms]
2026-09-30 16:15:59.464 [info] fatal: not a git repository (or any of the parent directories): .git
2026-09-30 16:16:08.108 [info] > git rev-parse --show-toplevel [1ms]
2026-09-30 16:16:08.108 [info] fatal: not a git repository (or any of the parent directories): .git
2026-09-30 16:16:08.712 [info] > git rev-parse --show-toplevel [2ms]
2026-09-30 16:16:08.712 [info] fatal: not a git repository (or any of the parent directories): .git
2026-09-30 16:16:09.368 [info] > git rev-parse --show-toplevel [2ms]
2026-09-30 16:16:09.368 [info] fatal: not a git repository (or any of the parent directories): .git
2026-09-30 16:16:13.336 [info] > git rev-parse --show-toplevel [1ms]
2026-09-30 16:16:13.336 [info] fatal: not a git repository (or any of the parent directories): .git
2026-09-30 16:17:15.173 [info] [main] Log level: Info
2026-09-30 16:17:15.173 [info] [main] Validating found git in: "git"
2026-09-30 16:17:15.173 [info] [main] Using git "2.55.0" from "git"
2026-09-30 16:17:15.173 [info] [Model][doInitialScan] Initial repository scan started
2026-09-30 16:17:15.174 [info] > git rev-parse --show-toplevel [4ms]
2026-09-30 16:17:15.174 [info] fatal: not a git repository (or any of the parent directories): .git
2026-09-30 16:17:15.178 [info] > git rev-parse --show-toplevel [1ms]
2026-09-30 16:17:15.178 [info] fatal: not a git repository (or any of the parent directories): .git
2026-09-30 16:17:15.181 [info] > git rev-parse --show-toplevel [1ms]
2026-09-30 16:17:15.181 [info] fatal: not a git repository (or any of the parent directories): .git
2026-09-30 16:17:15.184 [info] > git rev-parse --show-toplevel [1ms]
2026-09-30 16:17:15.184 [info] fatal: not a git repository (or any of the parent directories): .git
2026-09-30 16:17:15.233 [info] > git rev-parse --show-toplevel [46ms]
2026-09-30 16:17:15.233 [info] fatal: not a git repository (or any of the parent directories): .git
2026-09-30 16:17:15.242 [info] > git rev-parse --show-toplevel [1ms]
2026-09-30 16:17:15.242 [info] fatal: not a git repository (or any of the parent directories): .git
2026-09-30 16:17:15.245 [info] > git rev-parse --show-toplevel [1ms]
2026-09-30 16:17:15.245 [info] fatal: not a git repository (or any of the parent directories): .git
2026-09-30 16:17:15.249 [info] > git rev-parse --show-toplevel [0ms]
2026-09-30 16:17:15.249 [info] fatal: not a git repository (or any of the parent directories): .git
2026-09-30 16:17:15.286 [info] > git rev-parse --show-toplevel [35ms]
2026-09-30 16:17:15.286 [info] fatal: not a git repository (or any of the parent directories): .git
2026-09-30 16:17:15.289 [info] > git rev-parse --show-toplevel [1ms]
2026-09-30 16:17:15.289 [info] fatal: not a git repository (or any of the parent directories): .git
2026-09-30 16:17:15.291 [info] [Model][doInitialScan] Initial repository scan completed - repositories (0), closed repositories (0), parent repositories (0), unsafe repositories (0)
2026-09-30 16:17:15.294 [info] > git rev-parse --show-toplevel [1ms]
2026-09-30 16:17:15.294 [info] fatal: not a git repository (or any of the parent directories): .git
2026-09-30 16:17:15.297 [info] > git rev-parse --show-toplevel [1ms]
2026-09-30 16:17:15.297 [info] fatal: not a git repository (or any of the parent directories): .git
2026-09-30 16:17:15.326 [info] > git rev-parse --show-toplevel [0ms]
2026-09-30 16:17:15.326 [info] fatal: not a git repository (or any of the parent directories): .git
2026-09-30 16:17:16.979 [info] > git rev-parse --show-toplevel [1ms]
2026-09-30 16:17:16.979 [info] fatal: not a git repository (or any of the parent directories): .git
2026-09-30 16:17:20.476 [info] > git rev-parse --show-toplevel [0ms]
2026-09-30 16:17:20.476 [info] fatal: not a git repository (or any of the parent directories): .git
2026-09-30 16:17:21.862 [info] > git rev-parse --show-toplevel [1ms]
2026-09-30 16:17:21.862 [info] fatal: not a git repository (or any of the parent directories): .git
2026-09-30 16:17:28.674 [info] > git rev-parse --show-toplevel [1ms]
2026-09-30 16:17:28.674 [info] fatal: not a git repository (or any of the parent directories): .git
2026-09-30 16:17:29.734 [info] > git rev-parse --show-toplevel [1ms]
2026-09-30 16:17:29.734 [info] fatal: not a git repository (or any of the parent directories): .git
2026-09-30 16:17:30.380 [info] > git rev-parse --show-toplevel [1ms]
2026-09-30 16:17:30.380 [info] fatal: not a git repository (or any of the parent directories): .git
2026-09-30 16:17:30.845 [info] > git rev-parse --show-toplevel [1ms]
2026-09-30 16:17:30.846 [info] fatal: not a git repository (or any of the parent directories): .git
2026-09-30 16:17:31.557 [info] > git rev-parse --show-toplevel [1ms]
2026-09-30 16:17:31.557 [info] fatal: not a git repository (or any of the parent directories): .git
2026-09-30 16:17:32.996 [info] > git rev-parse --show-toplevel [1ms]
2026-09-30 16:17:32.996 [info] fatal: not a git repository (or any of the parent directories): .git
2026-09-30 16:17:34.238 [info] > git rev-parse --show-toplevel [1ms]
2026-09-30 16:17:34.238 [info] fatal: not a git repository (or any of the parent directories): .git
2026-09-30 16:18:06.434 [info] > git rev-parse --show-toplevel [2ms]
2026-09-30 16:18:06.434 [info] fatal: not a git repository (or any of the parent directories): .git
2026-09-30 16:18:09.448 [info] > git rev-parse --show-toplevel [2ms]
2026-09-30 16:18:09.448 [info] fatal: not a git repository (or any of the parent directories): .git
2026-09-30 16:18:30.673 [info] > git rev-parse --show-toplevel [1ms]
2026-09-30 16:18:30.674 [info] fatal: not a git repository (or any of the parent directories): .git
2026-09-30 16:18:41.166 [info] > git rev-parse --show-toplevel [1ms]
2026-09-30 16:18:41.166 [info] fatal: not a git repository (or any of the parent directories): .git
2026-09-30 16:18:43.492 [info] > git rev-parse --show-toplevel [1ms]
2026-09-30 16:18:43.492 [info] fatal: not a git repository (or any of the parent directories): .git
2026-09-30 16:18:46.036 [info] > git rev-parse --show-toplevel [2ms]
2026-09-30 16:18:46.036 [info] fatal: not a git repository (or any of the parent directories): .git
2026-09-30 16:18:47.418 [info] > git rev-parse --show-toplevel [2ms]
2026-09-30 16:18:47.418 [info] fatal: not a git repository (or any of the parent directories): .git
2026-09-30 16:18:51.115 [info] > git rev-parse --show-toplevel [1ms]
2026-09-30 16:18:51.115 [info] fatal: not a git repository (or any of the parent directories): .git
2026-09-30 16:18:52.252 [info] > git rev-parse --show-toplevel [1ms]
2026-09-30 16:18:52.252 [info] fatal: not a git repository (or any of the parent directories): .git
2026-09-30 16:18:53.868 [info] > git rev-parse --show-toplevel [1ms]
2026-09-30 16:18:53.868 [info] fatal: not a git repository (or any of the parent directories): .git
2026-09-30 16:18:54.407 [info] > git rev-parse --show-toplevel [1ms]
2026-09-30 16:18:54.407 [info] fatal: not a git repository (or any of the parent directories): .git
2026-09-30 16:18:55.076 [info] > git rev-parse --show-toplevel [1ms]
2026-09-30 16:18:55.076 [info] fatal: not a git repository (or any of the parent directories): .git
2026-09-30 16:18:56.995 [info] > git rev-parse --show-toplevel [1ms]
2026-09-30 16:18:56.995 [info] fatal: not a git repository (or any of the parent directories): .git
2026-09-30 16:18:58.820 [info] > git rev-parse --show-toplevel [1ms]
2026-09-30 16:18:58.820 [info] fatal: not a git repository (or any of the parent directories): .git
2026-09-30 16:19:01.067 [info] > git rev-parse --show-toplevel [0ms]
2026-09-30 16:19:01.067 [info] fatal: not a git repository (or any of the parent directories): .git
2026-09-30 16:19:03.259 [info] > git rev-parse --show-toplevel [0ms]
2026-09-30 16:19:03.259 [info] fatal: not a git repository (or any of the parent directories): .git
2026-09-30 16:19:03.756 [info] > git rev-parse --show-toplevel [1ms]
2026-09-30 16:19:03.756 [info] fatal: not a git repository (or any of the parent directories): .git
2026-09-30 16:19:16.564 [info] > git rev-parse --show-toplevel [1ms]
2026-09-30 16:19:16.564 [info] fatal: not a git repository (or any of the parent directories): .git
2026-09-30 16:19:17.362 [info] > git rev-parse --show-toplevel [1ms]
2026-09-30 16:19:17.362 [info] fatal: not a git repository (or any of the parent directories): .git
2026-09-30 16:19:18.779 [info] > git rev-parse --show-toplevel [1ms]
2026-09-30 16:19:18.779 [info] fatal: not a git repository (or any of the parent directories): .git
2026-09-30 16:19:19.452 [info] > git rev-parse --show-toplevel [1ms]
2026-09-30 16:19:19.452 [info] fatal: not a git repository (or any of the parent directories): .git
2026-09-30 16:19:21.541 [info] > git rev-parse --show-toplevel [1ms]
2026-09-30 16:19:21.541 [info] fatal: not a git repository (or any of the parent directories): .git
2026-09-30 16:19:22.372 [info] > git rev-parse --show-toplevel [1ms]
2026-09-30 16:19:22.372 [info] fatal: not a git repository (or any of the parent directories): .git
2026-09-30 16:19:23.441 [info] > git rev-parse --show-toplevel [1ms]
2026-09-30 16:19:23.441 [info] fatal: not a git repository (or any of the parent directories): .git
