2026-10-01 17:17:45.314 [info] [RemoteAgentHost] Reconciling: desired=[], current=[]
2026-10-01 17:17:45.489 [error] Error: The editor could not be opened because the file was not found.
    at xte.handleSetInputError (vscode-file://vscode-app/usr/share/code/resources/app/out/vs/workbench/workbench.desktop.main.js:3892:93798)
    at async xte.setInput (vscode-file://vscode-app/usr/share/code/resources/app/out/vs/workbench/workbench.desktop.main.js:3892:92807)
    at async C1e.doSetInput (vscode-file://vscode-app/usr/share/code/resources/app/out/vs/workbench/workbench.desktop.main.js:992:36391)
    at async C1e.doOpenEditor (vscode-file://vscode-app/usr/share/code/resources/app/out/vs/workbench/workbench.desktop.main.js:992:34177)
    at async C1e.openEditor (vscode-file://vscode-app/usr/share/code/resources/app/out/vs/workbench/workbench.desktop.main.js:992:33125)
    at async vscode-file://vscode-app/usr/share/code/resources/app/out/vs/workbench/workbench.desktop.main.js:1105:76996
2026-10-01 17:17:45.525 [info] Started local extension host with pid 2783.
2026-10-01 17:17:46.194 [info] [AccountPolicyGate] apply: state=inactive, reason=undefined, isRestricted=false
2026-10-01 17:17:46.275 [info] Settings Sync: Account status changed from uninitialized to unavailable
2026-10-01 17:17:48.228 [error] [Extension Host] (node:2783) [DEP0169] DeprecationWarning: `url.parse()` behavior is not standardized and prone to errors that have security implications. Use the WHATWG URL API instead. CVEs are not issued for `url.parse()` vulnerabilities.
(Use `exe --trace-deprecation ...` to show where the warning was created)
2026-10-01 17:17:48.248 [info] [perf] Render performance baseline is 12ms
2026-10-01 17:17:50.706 [info] [RemoteAgentHost] Reconciling: desired=[], current=[]
2026-10-01 17:17:50.851 [info] Started local extension host with pid 4987.
2026-10-01 17:17:51.311 [info] [AccountPolicyGate] apply: state=inactive, reason=undefined, isRestricted=false
2026-10-01 17:17:51.531 [info] Settings Sync: Account status changed from uninitialized to unavailable
2026-10-01 17:17:53.447 [info] [perf] Render performance baseline is 13ms
2026-10-01 17:17:56.312 [info] [AccountPolicyGate] apply: state=inactive, reason=undefined, isRestricted=false
2026-10-01 17:17:57.652 [info] [RemoteAgentHost] Reconciling: desired=[], current=[]
2026-10-01 17:17:57.759 [error] Error: The editor could not be opened because the file was not found.
    at xte.handleSetInputError (vscode-file://vscode-app/usr/share/code/resources/app/out/vs/workbench/workbench.desktop.main.js:3892:93798)
    at async xte.setInput (vscode-file://vscode-app/usr/share/code/resources/app/out/vs/workbench/workbench.desktop.main.js:3892:92807)
    at async C1e.doSetInput (vscode-file://vscode-app/usr/share/code/resources/app/out/vs/workbench/workbench.desktop.main.js:992:36391)
    at async C1e.doOpenEditor (vscode-file://vscode-app/usr/share/code/resources/app/out/vs/workbench/workbench.desktop.main.js:992:34177)
    at async C1e.openEditor (vscode-file://vscode-app/usr/share/code/resources/app/out/vs/workbench/workbench.desktop.main.js:992:33125)
    at async vscode-file://vscode-app/usr/share/code/resources/app/out/vs/workbench/workbench.desktop.main.js:1105:76996
2026-10-01 17:17:57.785 [info] Started local extension host with pid 7027.
2026-10-01 17:17:58.411 [info] [AccountPolicyGate] apply: state=inactive, reason=undefined, isRestricted=false
2026-10-01 17:17:58.618 [info] Settings Sync: Account status changed from uninitialized to unavailable
2026-10-01 17:18:00.447 [info] [perf] Render performance baseline is 19ms
2026-10-01 17:18:00.632 [error] [Extension Host] (node:7027) [DEP0169] DeprecationWarning: `url.parse()` behavior is not standardized and prone to errors that have security implications. Use the WHATWG URL API instead. CVEs are not issued for `url.parse()` vulnerabilities.
(Use `exe --trace-deprecation ...` to show where the warning was created)
2026-10-01 17:18:03.412 [info] [AccountPolicyGate] apply: state=inactive, reason=undefined, isRestricted=false
2026-10-01 17:18:43.248 [error] Error: spawn xterm ENOENT
    at ChildProcess._handle.onexit (node:internal/child_process:287:19)
    at onErrorNT (node:internal/child_process:525:16)
    at process.processTicksAndRejections (node:internal/process/task_queues:90:21)
