2026-09-27 15:03:12.504 [info] [extension] Activating theqtcompany.qt-core
2026-09-27 15:03:12.504 [info] [project] Creating project:"/home/radio/.config/quickshell"
2026-09-27 15:03:12.504 [info] [vcpkg] vcpkg is not installed
2026-09-27 15:03:12.504 [info] [qtpaths] Found qmake in PATH: /usr/bin/qmake
2026-09-27 15:03:12.504 [warning] [api] Cannot determine target architecture for /usr/bin/qmake
2026-09-27 15:03:12.504 [warning] [api] Cannot determine target architectures for /usr/bin/qmake
2026-09-27 15:03:12.504 [info] [qtpaths] Added /usr/bin/qmake to the settings with name: Qt-5.15.19-linux-g++-x86_64_from_PATH
2026-09-27 15:03:12.504 [info] [qtpaths] additionalQtPaths not found in the settings
2026-09-27 15:03:12.504 [info] [qtpaths] Adding /usr/bin/qmake to the settings
2026-09-27 15:03:12.504 [info] [installation-root] Additional Qt Paths updated: [{"name":"Qt-5.15.19-linux-g++-x86_64_from_PATH","path":"/usr/bin/qmake","isVCPKG":false}]
2026-09-27 15:03:12.504 [info] [installation-root] Notifying coreAPI with message: [global]: additionalQtPaths
2026-09-27 15:03:12.504 [info] [project] Setting Qt installation root for /home/radio/.config/quickshell to: 
2026-09-27 15:03:12.504 [info] [project] Setting additional Qt paths for /home/radio/.config/quickshell to: 
2026-09-27 15:03:12.504 [info] [project] Config values initialized for:/home/radio/.config/quickshell
2026-09-27 15:03:12.767 [info] [installation-root] Additional Qt Paths updated: [{"name":"Qt-5.15.19-linux-g++-x86_64_from_PATH","path":"/usr/bin/qmake","isVCPKG":false}]
2026-09-27 15:03:12.767 [info] [installation-root] Notifying coreAPI with message: [global]: additionalQtPaths
2026-09-27 15:03:31.674 [info] [qtcli] Starting a server. socket = qtcli-uds-new-item-e270fa16e5
2026-09-27 15:03:31.679 [info] [qtcli] Run qtcli: /home/radio/.vscode/extensions/theqtcompany.qt-core-1.16.0/res/qtcli/qtcli-linux-amd64-1.6.0/qtcli server start --exit-on-idle --heartbeat 15s --socket new-item-e270fa16e5
2026-09-27 15:03:31.681 [info] [qtcli] Creating a client. socket = qtcli-uds-new-item-e270fa16e5
2026-09-27 15:03:31.683 [info] [qtcli] new-item-e270fa16e5: INFO[0000] PID file created at /tmp/qtcli/qtcli-uds-new-item-e270fa16e5.pid, pid = 116518
2026-09-27 15:03:31.683 [info] [qtcli] new-item-e270fa16e5: INFO[0000] Starting server at /tmp/qtcli/qtcli-uds-new-item-e270fa16e5.sock
2026-09-27 15:03:31.808 [info] [qtcli] new-item-e270fa16e5: [GIN] 2026/09/27 - 15:03:31 | 200 |      62.475µs |                 | GET      "/v1/ready"
2026-09-27 15:03:31.814 [info] [qtcli] new-item-e270fa16e5: [GIN] 2026/09/27 - 15:03:31 | 200 |     332.403µs |                 | GET      "/v1/presets?type=project"
2026-09-27 15:03:31.820 [info] [qtcli] new-item-e270fa16e5: [GIN] 2026/09/27 - 15:03:31 | 200 |     136.204µs |                 | GET      "/v1/presets/3972419898"
2026-09-27 15:03:31.823 [info] [qtcli] new-item-e270fa16e5: [GIN] 2026/09/27 - 15:03:31 | 200 |    1.194624ms |                 | POST     "/v1/items/validate"
2026-09-27 15:03:42.781 [info] [qtcli] new-item-e270fa16e5: [GIN] 2026/09/27 - 15:03:42 | 200 |      66.432µs |                 | DELETE   "/v1/server"
2026-09-27 15:03:43.782 [info] [qtcli] new-item-e270fa16e5: INFO[0012] Shutting down server...
2026-09-27 15:03:43.783 [info] [qtcli] new-item-e270fa16e5: FATA[0012] Server error: http: Server closed
2026-09-27 15:09:26.932 [info] [extension] Deactivating qt-core
2026-09-27 15:09:26.932 [info] [project] Disposing project:/home/radio/.config/quickshell
