2026-09-27 14:49:39.842 [info] [main] Log level: Info
2026-09-27 14:49:39.842 [info] [main] Validating found git in: "git"
2026-09-27 14:49:39.842 [info] [main] Using git "2.55.0" from "git"
2026-09-27 14:49:39.842 [info] [Model][doInitialScan] Initial repository scan started
2026-09-27 14:49:39.842 [info] > git rev-parse --show-toplevel [2ms]
2026-09-27 14:49:39.842 [info] fatal: not a git repository (or any of the parent directories): .git
2026-09-27 14:49:39.843 [info] > git rev-parse --show-toplevel [1ms]
2026-09-27 14:49:39.843 [info] fatal: not a git repository (or any of the parent directories): .git
2026-09-27 14:49:39.848 [info] > git rev-parse --show-toplevel [2ms]
2026-09-27 14:49:39.848 [info] fatal: not a git repository (or any of the parent directories): .git
2026-09-27 14:49:39.850 [info] [Model][doInitialScan] Initial repository scan completed - repositories (0), closed repositories (0), parent repositories (0), unsafe repositories (0)
2026-09-27 14:49:39.977 [info] > git rev-parse --show-toplevel [10ms]
2026-09-27 14:49:39.977 [info] fatal: not a git repository (or any of the parent directories): .git
2026-09-27 14:49:39.982 [info] > git rev-parse --show-toplevel [1ms]
2026-09-27 14:49:39.982 [info] fatal: not a git repository (or any of the parent directories): .git
2026-09-27 14:49:39.985 [info] > git rev-parse --show-toplevel [1ms]
2026-09-27 14:49:39.985 [info] fatal: not a git repository (or any of the parent directories): .git
2026-09-27 14:49:40.008 [info] > git rev-parse --show-toplevel [0ms]
2026-09-27 14:49:40.008 [info] fatal: not a git repository (or any of the parent directories): .git
2026-09-27 14:49:40.067 [info] > git rev-parse --show-toplevel [0ms]
2026-09-27 14:49:40.067 [info] fatal: not a git repository (or any of the parent directories): .git
2026-09-27 14:49:41.370 [info] > git rev-parse --show-toplevel [1ms]
2026-09-27 14:49:41.371 [info] fatal: not a git repository (or any of the parent directories): .git
2026-09-27 14:49:43.636 [info] > git rev-parse --show-toplevel [1ms]
2026-09-27 14:49:43.636 [info] fatal: not a git repository (or any of the parent directories): .git
2026-09-27 14:53:27.515 [info] > git rev-parse --show-toplevel [6ms]
2026-09-27 14:53:27.515 [info] fatal: not a git repository (or any of the parent directories): .git
