2026-09-27 15:03:12.814 [info] [installer] Installer initialized with path: /home/radio/.config/Code/User/globalStorage/theqtcompany.qt-qml/qmlls
2026-09-27 15:03:12.814 [info] [project] Creating project:/home/radio/.config/quickshell
2026-09-27 15:03:12.814 [info] [qmlls-queue] Enqueueing start operation
2026-09-27 15:03:12.814 [info] [qmlls] Fetching release information
2026-09-27 15:03:12.814 [info] [qmlls-queue] Processing start operation
2026-09-27 15:03:12.814 [error] [qmlls] Cannot start QML language server. not found
2026-09-27 15:03:12.814 [info] [qmlls-queue] Completed start operation
2026-09-27 15:03:12.960 [info] [installer] Fetched release info from: https://qtccache.qt.io/QMLLS/LatestRelease
2026-09-27 15:03:12.964 [info] [installer] Selected asset: qmllanguageserver-linux-x64-0.8.zip
2026-09-27 15:03:12.964 [info] [qmlls] Status Check: Not Installed
2026-09-27 15:03:15.941 [info] [qmlls] Installing QML language server
2026-09-27 15:03:15.941 [info] [qmlls] Stopping QML language server to install new version
2026-09-27 15:03:15.941 [info] [qmlls-queue] Enqueueing stop operation
2026-09-27 15:03:15.941 [info] [qmlls-queue] Processing stop operation
2026-09-27 15:03:15.941 [info] [qmlls-queue] Completed stop operation
2026-09-27 15:03:15.941 [info] [qmlls] Installing: qmllanguageserver-linux-x64-0.8.zip, 0.8
2026-09-27 15:03:15.941 [info] [qmlls-queue] Enqueueing install operation
2026-09-27 15:03:15.943 [info] [qmlls-queue] Processing install operation
2026-09-27 15:03:15.943 [info] [installer] Downloading from: https://github.com/TheQtCompanyRnD/qmlls-workflow/releases/download/0.8/qmllanguageserver-linux-x64-0.8.zip
2026-09-27 15:03:17.818 [info] [installer] Unzipping to: /home/radio/.config/Code/User/globalStorage/theqtcompany.qt-qml/qmlls/files
2026-09-27 15:03:18.011 [info] [installer] QML language server installed to: /home/radio/.config/Code/User/globalStorage/theqtcompany.qt-qml/qmlls/files/qmlls
2026-09-27 15:03:18.011 [info] [qmlls-queue] Completed install operation
2026-09-27 15:03:18.011 [info] [qmlls] Installation done
2026-09-27 15:03:18.011 [info] [qmlls-queue] Enqueueing start operation
2026-09-27 15:03:18.011 [info] [qmlls-queue] Processing start operation
2026-09-27 15:03:18.021 [info] [qmlls] Starting QML Language Server with:-E
2026-09-27 15:03:18.021 [info] [qmlls-queue] Completed start operation
2026-09-27 15:03:18.031 [error] [qmlls] LanguageClient has failed to start with /home/radio/.config/Code/User/globalStorage/theqtcompany.qt-qml/qmlls/files/qmlls
2026-09-27 15:03:43.588 [info] [extension] Setting qmlPreviewLaunchEnabled to false for folder "quickshell"
2026-09-27 15:03:44.780 [info] [extension] Setting qmlPreviewLaunchEnabled to false for folder "undefined"
2026-09-27 15:03:45.527 [info] [extension] Setting qmlPreviewLaunchEnabled to false for folder "quickshell"
2026-09-27 15:03:46.201 [info] [extension] Setting qmlPreviewLaunchEnabled to false for folder "undefined"
2026-09-27 15:03:51.191 [info] [extension] Setting qmlPreviewLaunchEnabled to false for folder "quickshell"
2026-09-27 15:04:01.164 [info] [extension] Setting qmlPreviewLaunchEnabled to false for folder "undefined"
2026-09-27 15:04:27.423 [info] [extension] Setting qmlPreviewLaunchEnabled to false for folder "quickshell"
2026-09-27 15:09:26.932 [info] [extension] Deactivating qt-qml
2026-09-27 15:09:26.932 [info] [project] Disposing project:/home/radio/.config/quickshell
