2026-10-01 17:26:26.035 [info] [project] Creating project:"/home/radio"
2026-10-01 17:26:26.035 [info] [project] Using Kit configuration
2026-10-01 17:26:26.035 [info] [project] Project type for /home/radio is Kit
2026-10-01 17:26:26.035 [info] [kit-manager] qtInstallationRoot: ""
2026-10-01 17:26:26.178 [info] [kit-manager] Loaded CMake kits: [{"name":"Clang 22.1.8 x86_64-pc-linux-gnu","compilers":{"C":"/usr/bin/clang","CXX":"/usr/bin/clang++"},"isTrusted":true},{"name":"Clang-cl 22.1.8 x86_64-pc-windows-msvc","compilers":{"C":"/usr/bin/clang-cl","CXX":"/usr/bin/clang-cl"},"isTrusted":true},{"name":"GCC 16.2.1 x86_64-pc-linux-gnu","compilers":{"C":"/usr/bin/gcc","CXX":"/usr/bin/g++"},"isTrusted":true}]
2026-10-01 17:26:26.178 [info] [kit-manager] Kits from CMake extension: [{"name":"Clang 22.1.8 x86_64-pc-linux-gnu","compilers":{"C":"/usr/bin/clang","CXX":"/usr/bin/clang++"},"isTrusted":true},{"name":"Clang-cl 22.1.8 x86_64-pc-windows-msvc","compilers":{"C":"/usr/bin/clang-cl","CXX":"/usr/bin/clang-cl"},"isTrusted":true},{"name":"GCC 16.2.1 x86_64-pc-linux-gnu","compilers":{"C":"/usr/bin/gcc","CXX":"/usr/bin/g++"},"isTrusted":true}]
2026-10-01 17:26:26.178 [info] [kit-manager] Qt installations: []
2026-10-01 17:26:26.178 [info] [kit-manager] New generated kits: []
2026-10-01 17:26:26.179 [info] [kit-manager] Successfully wrote to /home/radio/.local/share/CMakeTools/cmake-tools-kits.json
2026-10-01 17:26:26.184 [info] [kit-manager] newKit: {"name":"Qt-5.15.19-linux-g++-x86_64_from_PATH","isTrusted":true,"preferredGenerator":{"name":"Ninja"},"cmakeSettings":{"QT_QML_GENERATE_QMLLS_INI":"ON","CMAKE_CXX_FLAGS_DEBUG_INIT":"-DQT_QML_DEBUG -DQT_DECLARATIVE_DEBUG","CMAKE_CXX_FLAGS_RELWITHDEBINFO_INIT":"-DQT_QML_DEBUG -DQT_DECLARATIVE_DEBUG"},"environmentVariables":{"VSCODE_QT_QTPATHS_EXE":"/usr/bin/qmake","PATH":"/usr:/usr/lib/qt:/usr/share/qt:/usr/share/doc/qt:/usr/include/qt:/usr/lib:/usr/lib/qt/libexec:/usr/bin:/usr/tests:/usr/lib/qt/plugins:/usr/lib/qt/imports:/usr/lib/qt/qml:/usr/share/qt/translations:/etc/xdg:/usr/share/doc/qt/examples:x86_64:${env:PATH}"}}
2026-10-01 17:26:26.184 [info] [kit-manager] QtPaths Generated kits: [{"name":"Qt-5.15.19-linux-g++-x86_64_from_PATH","isTrusted":true,"preferredGenerator":{"name":"Ninja"},"cmakeSettings":{"QT_QML_GENERATE_QMLLS_INI":"ON","CMAKE_CXX_FLAGS_DEBUG_INIT":"-DQT_QML_DEBUG -DQT_DECLARATIVE_DEBUG","CMAKE_CXX_FLAGS_RELWITHDEBINFO_INIT":"-DQT_QML_DEBUG -DQT_DECLARATIVE_DEBUG"},"environmentVariables":{"VSCODE_QT_QTPATHS_EXE":"/usr/bin/qmake","PATH":"/usr:/usr/lib/qt:/usr/share/qt:/usr/share/doc/qt:/usr/include/qt:/usr/lib:/usr/lib/qt/libexec:/usr/bin:/usr/tests:/usr/lib/qt/plugins:/usr/lib/qt/imports:/usr/lib/qt/qml:/usr/share/qt/translations:/etc/xdg:/usr/share/doc/qt/examples:x86_64:${env:PATH}"}}]
2026-10-01 17:26:26.185 [info] [kit-manager] Successfully wrote to /home/radio/.local/share/CMakeTools/cmake-tools-kits.json
2026-10-01 17:26:26.187 [info] [kit-manager] qtInstallationRoot: ""
2026-10-01 17:26:26.187 [info] [kit-manager] Loaded CMake kits: [{"name":"Clang 22.1.8 x86_64-pc-linux-gnu","compilers":{"C":"/usr/bin/clang","CXX":"/usr/bin/clang++"},"isTrusted":true},{"name":"Clang-cl 22.1.8 x86_64-pc-windows-msvc","compilers":{"C":"/usr/bin/clang-cl","CXX":"/usr/bin/clang-cl"},"isTrusted":true},{"name":"GCC 16.2.1 x86_64-pc-linux-gnu","compilers":{"C":"/usr/bin/gcc","CXX":"/usr/bin/g++"},"isTrusted":true},{"name":"Qt-5.15.19-linux-g++-x86_64_from_PATH","isTrusted":true,"preferredGenerator":{"name":"Ninja"},"cmakeSettings":{"QT_QML_GENERATE_QMLLS_INI":"ON","CMAKE_CXX_FLAGS_DEBUG_INIT":"-DQT_QML_DEBUG -DQT_DECLARATIVE_DEBUG","CMAKE_CXX_FLAGS_RELWITHDEBINFO_INIT":"-DQT_QML_DEBUG -DQT_DECLARATIVE_DEBUG"},"environmentVariables":{"VSCODE_QT_QTPATHS_EXE":"/usr/bin/qmake","PATH":"/usr:/usr/lib/qt:/usr/share/qt:/usr/share/doc/qt:/usr/include/qt:/usr/lib:/usr/lib/qt/libexec:/usr/bin:/usr/tests:/usr/lib/qt/plugins:/usr/lib/qt/imports:/usr/lib/qt/qml:/usr/share/qt/translations:/etc/xdg:/usr/share/doc/qt/examples:x86_64:${env:PATH}"}}]
2026-10-01 17:26:26.187 [info] [kit-manager] Kits from CMake extension: [{"name":"Clang 22.1.8 x86_64-pc-linux-gnu","compilers":{"C":"/usr/bin/clang","CXX":"/usr/bin/clang++"},"isTrusted":true},{"name":"Clang-cl 22.1.8 x86_64-pc-windows-msvc","compilers":{"C":"/usr/bin/clang-cl","CXX":"/usr/bin/clang-cl"},"isTrusted":true},{"name":"GCC 16.2.1 x86_64-pc-linux-gnu","compilers":{"C":"/usr/bin/gcc","CXX":"/usr/bin/g++"},"isTrusted":true}]
2026-10-01 17:26:26.187 [info] [kit-manager] Qt installations: []
2026-10-01 17:26:26.187 [info] [kit-manager] New generated kits: []
2026-10-01 17:26:26.308 [info] [kit-manager] QtPaths Generated kits: []
2026-10-01 17:26:26.423 [info] [register-qt-path] Selected CMake kit:__unspec__
2026-10-01 17:26:26.424 [info] [register-qt-path] Selected CMake kit:__unspec__
2026-10-01 17:26:26.425 [info] [project] Setting selectedQtPaths for /home/radio to undefined
2026-10-01 17:26:26.425 [info] [project] Setting buildDir for /home/radio to undefined
2026-10-01 17:26:26.425 [info] [project] Setting workspaceFeatures for /home/radio to {"projectTypes":{"cmake":true}}
2026-10-01 17:26:26.425 [info] [extension] Received config change:[object Set]
2026-10-01 17:26:26.425 [info] [extension] Config values initialized
2026-10-01 18:06:41.589 [info] [extension] Deactivating qt-cpp
2026-10-01 18:06:41.589 [info] [project] Disposing project:/home/radio
