2026-09-28 05:02:58.667 [info] [main] Log level: Info
2026-09-28 05:02:58.667 [info] [main] Validating found git in: "git"
2026-09-28 05:02:58.667 [info] [main] Using git "2.55.0" from "git"
2026-09-28 05:02:58.667 [info] [Model][doInitialScan] Initial repository scan started
2026-09-28 05:02:58.667 [info] > git rev-parse --show-toplevel [5ms]
2026-09-28 05:02:58.667 [info] fatal: not a git repository (or any of the parent directories): .git
2026-09-28 05:02:58.667 [info] > git rev-parse --show-toplevel [1ms]
2026-09-28 05:02:58.667 [info] fatal: not a git repository (or any of the parent directories): .git
2026-09-28 05:02:58.667 [info] > git rev-parse --show-toplevel [1ms]
2026-09-28 05:02:58.667 [info] fatal: not a git repository (or any of the parent directories): .git
2026-09-28 05:02:58.667 [info] [Model][doInitialScan] Initial repository scan completed - repositories (0), closed repositories (0), parent repositories (0), unsafe repositories (0)
2026-09-28 05:02:58.667 [info] > git rev-parse --show-toplevel [1ms]
2026-09-28 05:02:58.667 [info] fatal: not a git repository (or any of the parent directories): .git
2026-09-28 05:02:58.809 [info] > git rev-parse --show-toplevel [1ms]
2026-09-28 05:02:58.809 [info] fatal: not a git repository (or any of the parent directories): .git
2026-09-28 05:02:58.838 [info] > git rev-parse --show-toplevel [1ms]
2026-09-28 05:02:58.838 [info] fatal: not a git repository (or any of the parent directories): .git
2026-09-28 05:02:58.910 [info] > git rev-parse --show-toplevel [0ms]
2026-09-28 05:02:58.910 [info] fatal: not a git repository (or any of the parent directories): .git
2026-09-28 05:03:00.062 [info] > git rev-parse --show-toplevel [1ms]
2026-09-28 05:03:00.062 [info] fatal: not a git repository (or any of the parent directories): .git
2026-09-28 05:03:05.053 [info] [main] Log level: Info
2026-09-28 05:03:05.053 [info] [main] Validating found git in: "git"
2026-09-28 05:03:05.053 [info] [main] Using git "2.55.0" from "git"
2026-09-28 05:03:05.053 [info] [Model][doInitialScan] Initial repository scan started
2026-09-28 05:03:05.177 [info] > git rev-parse --show-toplevel [142ms]
2026-09-28 05:03:05.177 [info] fatal: not a git repository (or any of the parent directories): .git
2026-09-28 05:03:05.255 [info] > git rev-parse --show-toplevel [31ms]
2026-09-28 05:03:05.255 [info] fatal: not a git repository (or any of the parent directories): .git
2026-09-28 05:03:05.269 [info] > git rev-parse --show-toplevel [1ms]
2026-09-28 05:03:05.269 [info] fatal: not a git repository (or any of the parent directories): .git
2026-09-28 05:03:05.280 [info] > git rev-parse --show-toplevel [7ms]
2026-09-28 05:03:05.280 [info] fatal: not a git repository (or any of the parent directories): .git
2026-09-28 05:03:05.285 [info] > git rev-parse --show-toplevel [1ms]
2026-09-28 05:03:05.285 [info] fatal: not a git repository (or any of the parent directories): .git
2026-09-28 05:03:05.289 [info] > git rev-parse --show-toplevel [1ms]
2026-09-28 05:03:05.289 [info] fatal: not a git repository (or any of the parent directories): .git
2026-09-28 05:03:05.293 [info] > git rev-parse --show-toplevel [1ms]
2026-09-28 05:03:05.293 [info] fatal: not a git repository (or any of the parent directories): .git
2026-09-28 05:03:05.308 [info] > git rev-parse --show-toplevel [11ms]
2026-09-28 05:03:05.308 [info] fatal: not a git repository (or any of the parent directories): .git
2026-09-28 05:03:05.319 [info] > git rev-parse --show-toplevel [6ms]
2026-09-28 05:03:05.319 [info] fatal: not a git repository (or any of the parent directories): .git
2026-09-28 05:03:05.323 [info] > git rev-parse --show-toplevel [1ms]
2026-09-28 05:03:05.323 [info] fatal: not a git repository (or any of the parent directories): .git
2026-09-28 05:03:05.327 [info] > git rev-parse --show-toplevel [0ms]
2026-09-28 05:03:05.327 [info] fatal: not a git repository (or any of the parent directories): .git
2026-09-28 05:03:05.331 [info] > git rev-parse --show-toplevel [1ms]
2026-09-28 05:03:05.331 [info] fatal: not a git repository (or any of the parent directories): .git
2026-09-28 05:03:05.335 [info] > git rev-parse --show-toplevel [1ms]
2026-09-28 05:03:05.335 [info] fatal: not a git repository (or any of the parent directories): .git
2026-09-28 05:03:05.338 [info] > git rev-parse --show-toplevel [1ms]
2026-09-28 05:03:05.338 [info] fatal: not a git repository (or any of the parent directories): .git
2026-09-28 05:03:05.344 [info] > git rev-parse --show-toplevel [2ms]
2026-09-28 05:03:05.344 [info] fatal: not a git repository (or any of the parent directories): .git
2026-09-28 05:03:05.349 [info] > git rev-parse --show-toplevel [1ms]
2026-09-28 05:03:05.349 [info] fatal: not a git repository (or any of the parent directories): .git
2026-09-28 05:03:05.352 [info] > git rev-parse --show-toplevel [1ms]
2026-09-28 05:03:05.352 [info] fatal: not a git repository (or any of the parent directories): .git
2026-09-28 05:03:05.356 [info] > git rev-parse --show-toplevel [1ms]
2026-09-28 05:03:05.356 [info] fatal: not a git repository (or any of the parent directories): .git
2026-09-28 05:03:05.360 [info] > git rev-parse --show-toplevel [1ms]
2026-09-28 05:03:05.360 [info] fatal: not a git repository (or any of the parent directories): .git
2026-09-28 05:03:05.363 [info] > git rev-parse --show-toplevel [0ms]
2026-09-28 05:03:05.363 [info] fatal: not a git repository (or any of the parent directories): .git
2026-09-28 05:03:05.369 [info] > git rev-parse --show-toplevel [2ms]
2026-09-28 05:03:05.369 [info] fatal: not a git repository (or any of the parent directories): .git
2026-09-28 05:03:05.372 [info] > git rev-parse --show-toplevel [1ms]
2026-09-28 05:03:05.372 [info] fatal: not a git repository (or any of the parent directories): .git
2026-09-28 05:03:05.376 [info] > git rev-parse --show-toplevel [1ms]
2026-09-28 05:03:05.376 [info] fatal: not a git repository (or any of the parent directories): .git
2026-09-28 05:03:05.381 [info] > git rev-parse --show-toplevel [2ms]
2026-09-28 05:03:05.381 [info] fatal: not a git repository (or any of the parent directories): .git
2026-09-28 05:03:05.386 [info] > git rev-parse --show-toplevel [1ms]
2026-09-28 05:03:05.386 [info] fatal: not a git repository (or any of the parent directories): .git
2026-09-28 05:03:05.391 [info] > git rev-parse --show-toplevel [1ms]
2026-09-28 05:03:05.391 [info] fatal: not a git repository (or any of the parent directories): .git
2026-09-28 05:03:05.396 [info] > git rev-parse --show-toplevel [1ms]
2026-09-28 05:03:05.396 [info] fatal: not a git repository (or any of the parent directories): .git
2026-09-28 05:03:05.400 [info] > git rev-parse --show-toplevel [1ms]
2026-09-28 05:03:05.400 [info] fatal: not a git repository (or any of the parent directories): .git
2026-09-28 05:03:05.404 [info] > git rev-parse --show-toplevel [1ms]
2026-09-28 05:03:05.404 [info] fatal: not a git repository (or any of the parent directories): .git
2026-09-28 05:03:05.407 [info] > git rev-parse --show-toplevel [1ms]
2026-09-28 05:03:05.407 [info] fatal: not a git repository (or any of the parent directories): .git
2026-09-28 05:03:05.409 [info] [Model][doInitialScan] Initial repository scan completed - repositories (0), closed repositories (0), parent repositories (0), unsafe repositories (0)
2026-09-28 05:03:05.635 [info] > git rev-parse --show-toplevel [1ms]
2026-09-28 05:03:05.635 [info] fatal: not a git repository (or any of the parent directories): .git
2026-09-28 05:03:06.158 [info] > git rev-parse --show-toplevel [3ms]
2026-09-28 05:03:06.158 [info] fatal: not a git repository (or any of the parent directories): .git
2026-09-28 05:03:09.115 [info] > git rev-parse --show-toplevel [2ms]
2026-09-28 05:03:09.115 [info] fatal: not a git repository (or any of the parent directories): .git
2026-09-28 05:03:16.596 [info] > git rev-parse --show-toplevel [1ms]
2026-09-28 05:03:16.596 [info] fatal: not a git repository (or any of the parent directories): .git
2026-09-28 05:04:16.033 [info] > git rev-parse --show-toplevel [1ms]
2026-09-28 05:04:16.033 [info] fatal: not a git repository (or any of the parent directories): .git
