2026-09-28 05:02:57.823 [info] Extension host with pid 32043 started
2026-09-28 05:02:57.823 [info] Skipping acquiring lock for /home/radio/.config/Code/User/workspaceStorage/6b35ea08b5be49477345569ecb5d1042.
2026-09-28 05:02:58.090 [info] ExtensionService#_doActivateExtension vscode.github-authentication, startup: false, activationEvent: 'onAuthenticationRequest:github'
2026-09-28 05:02:58.110 [info] ExtensionService#_doActivateExtension vscode.emmet, startup: false, activationEvent: 'onLanguage'
2026-09-28 05:02:58.121 [info] ExtensionService#_doActivateExtension vscode.configuration-editing, startup: false, activationEvent: 'onLanguage:jsonc'
2026-09-28 05:02:58.125 [info] ExtensionService#_doActivateExtension vscode.json-language-features, startup: false, activationEvent: 'onLanguage:jsonc'
2026-09-28 05:02:58.171 [info] ExtensionService#_doActivateExtension vscode.typescript-language-features, startup: false, activationEvent: 'onLanguage:jsonc'
2026-09-28 05:02:58.404 [info] ExtensionService#_doActivateExtension vscode.git-base, startup: true, activationEvent: '*', root cause: vscode.git
2026-09-28 05:02:58.407 [info] ExtensionService#_doActivateExtension mhutchie.git-graph, startup: true, activationEvent: '*'
2026-09-28 05:02:58.491 [info] ExtensionService#_doActivateExtension vscode.git, startup: true, activationEvent: '*'
2026-09-28 05:02:58.528 [info] ExtensionService#_doActivateExtension vscode.github, startup: true, activationEvent: '*'
2026-09-28 05:02:58.633 [info] Eager extensions activated
2026-09-28 05:02:58.687 [info] ExtensionService#_doActivateExtension vscode.debug-auto-launch, startup: false, activationEvent: 'onStartupFinished'
2026-09-28 05:02:58.688 [info] ExtensionService#_doActivateExtension vscode.merge-conflict, startup: false, activationEvent: 'onStartupFinished'
2026-09-28 05:02:58.701 [info] ExtensionService#_doActivateExtension esbenp.prettier-vscode, startup: false, activationEvent: 'onStartupFinished'
2026-09-28 05:02:58.707 [info] ExtensionService#_doActivateExtension PKief.material-icon-theme, startup: false, activationEvent: 'onStartupFinished'
2026-09-28 05:02:58.718 [info] ExtensionService#_doActivateExtension ritwickdey.LiveServer, startup: false, activationEvent: 'onStartupFinished'
2026-09-28 05:03:03.141 [info] Extension host terminating: received terminate message from renderer
2026-09-28 05:03:03.155 [info] Extension host with pid 32043 exiting with code 0
2026-09-28 05:03:03.995 [info] Extension host with pid 33991 started
2026-09-28 05:03:03.995 [info] Skipping acquiring lock for /home/radio/.config/Code/User/workspaceStorage/3f5bfb3b27bdd8160207bfa0caedff60.
2026-09-28 05:03:04.309 [info] ExtensionService#_doActivateExtension vscode.github-authentication, startup: false, activationEvent: 'onAuthenticationRequest:github'
2026-09-28 05:03:04.330 [info] ExtensionService#_doActivateExtension vscode.emmet, startup: false, activationEvent: 'onLanguage'
2026-09-28 05:03:04.340 [info] ExtensionService#_doActivateExtension vscode.configuration-editing, startup: false, activationEvent: 'onLanguage:json'
2026-09-28 05:03:04.344 [info] ExtensionService#_doActivateExtension vscode.extension-editing, startup: false, activationEvent: 'onLanguage:json'
2026-09-28 05:03:04.355 [info] ExtensionService#_doActivateExtension vscode.json-language-features, startup: false, activationEvent: 'onLanguage:json'
2026-09-28 05:03:04.403 [info] ExtensionService#_doActivateExtension vscode.npm, startup: false, activationEvent: 'onLanguage:json'
2026-09-28 05:03:04.643 [info] ExtensionService#_doActivateExtension vscode.git-base, startup: true, activationEvent: '*', root cause: vscode.git
2026-09-28 05:03:04.644 [info] ExtensionService#_doActivateExtension mhutchie.git-graph, startup: true, activationEvent: '*'
2026-09-28 05:03:04.732 [info] ExtensionService#_doActivateExtension vscode.git, startup: true, activationEvent: '*'
2026-09-28 05:03:04.763 [info] ExtensionService#_doActivateExtension vscode.github, startup: true, activationEvent: '*'
2026-09-28 05:03:04.800 [info] ExtensionService#_doActivateExtension theqtcompany.qt-core, startup: true, activationEvent: 'workspaceContains:**/*.qml,**/*.qmlproject,**/*.qtd,**/*.qzt', root cause: theqtcompany.qt-qml
2026-09-28 05:03:04.962 [info] ExtensionService#_doActivateExtension theqtcompany.qt-qml, startup: true, activationEvent: 'workspaceContains:**/*.qml,**/*.qmlproject,**/*.qtd,**/*.qzt'
2026-09-28 05:03:05.051 [info] Eager extensions activated
2026-09-28 05:03:05.122 [info] ExtensionService#_doActivateExtension vscode.debug-auto-launch, startup: false, activationEvent: 'onStartupFinished'
2026-09-28 05:03:05.124 [info] ExtensionService#_doActivateExtension vscode.merge-conflict, startup: false, activationEvent: 'onStartupFinished'
2026-09-28 05:03:05.136 [info] ExtensionService#_doActivateExtension esbenp.prettier-vscode, startup: false, activationEvent: 'onStartupFinished'
2026-09-28 05:03:05.143 [info] ExtensionService#_doActivateExtension PKief.material-icon-theme, startup: false, activationEvent: 'onStartupFinished'
2026-09-28 05:03:05.153 [info] ExtensionService#_doActivateExtension ritwickdey.LiveServer, startup: false, activationEvent: 'onStartupFinished'
2026-09-28 05:03:05.667 [info] ExtensionService#_doActivateExtension tamasfe.even-better-toml, startup: false, activationEvent: 'onLanguage:toml'
2026-09-28 05:03:06.177 [error] Error: write EPIPE
	at afterWriteDispatched (node:internal/stream_base_commons:159:15)
	at writeGeneric (node:internal/stream_base_commons:150:3)
	at Socket._writeGeneric (node:net:1258:11)
	at Socket._write (node:net:1270:8)
	at writeOrBuffer (node:internal/streams/writable:574:12)
	at _write (node:internal/streams/writable:503:10)
	at Writable.write (node:internal/streams/writable:512:10)
	at /home/radio/.vscode/extensions/theqtcompany.qt-qml-1.16.0/out/extension.js:84:14265
	at new Promise (<anonymous>)
	at YM.write (/home/radio/.vscode/extensions/theqtcompany.qt-qml-1.16.0/out/extension.js:84:14186)
	at JT.doWrite (/home/radio/.vscode/extensions/theqtcompany.qt-qml-1.16.0/out/extension.js:56:1627)
	at /home/radio/.vscode/extensions/theqtcompany.qt-qml-1.16.0/out/extension.js:56:1526
2026-09-28 05:03:06.177 [error] Error: Client is not running and can't be stopped. It's current state is: starting
	at h2.shutdown (/home/radio/.vscode/extensions/theqtcompany.qt-qml-1.16.0/out/extension.js:92:8500)
	at h2.stop (/home/radio/.vscode/extensions/theqtcompany.qt-qml-1.16.0/out/extension.js:92:8079)
	at h2.stop (/home/radio/.vscode/extensions/theqtcompany.qt-qml-1.16.0/out/extension.js:95:31201)
	at h2.doInitialize (/home/radio/.vscode/extensions/theqtcompany.qt-qml-1.16.0/out/extension.js:92:7904)
	at process.processTicksAndRejections (node:internal/process/task_queues:104:5)
	at async h2.start (/home/radio/.vscode/extensions/theqtcompany.qt-qml-1.16.0/out/extension.js:92:4473)
2026-09-28 05:03:06.228 [error] Error: Cannot call write after a stream was destroyed
	at _write (node:internal/streams/writable:493:11)
	at Writable.write (node:internal/streams/writable:512:10)
	at /home/radio/.vscode/extensions/theqtcompany.qt-qml-1.16.0/out/extension.js:84:14265
	at new Promise (<anonymous>)
	at YM.write (/home/radio/.vscode/extensions/theqtcompany.qt-qml-1.16.0/out/extension.js:84:14186)
	at JT.doWrite (/home/radio/.vscode/extensions/theqtcompany.qt-qml-1.16.0/out/extension.js:56:1627)
	at /home/radio/.vscode/extensions/theqtcompany.qt-qml-1.16.0/out/extension.js:56:1526
2026-09-28 05:03:06.228 [error] Error: Client is not running and can't be stopped. It's current state is: starting
	at h2.shutdown (/home/radio/.vscode/extensions/theqtcompany.qt-qml-1.16.0/out/extension.js:92:8500)
	at h2.stop (/home/radio/.vscode/extensions/theqtcompany.qt-qml-1.16.0/out/extension.js:92:8079)
	at h2.stop (/home/radio/.vscode/extensions/theqtcompany.qt-qml-1.16.0/out/extension.js:95:31201)
	at h2.doInitialize (/home/radio/.vscode/extensions/theqtcompany.qt-qml-1.16.0/out/extension.js:92:7904)
	at process.processTicksAndRejections (node:internal/process/task_queues:104:5)
	at async h2.start (/home/radio/.vscode/extensions/theqtcompany.qt-qml-1.16.0/out/extension.js:92:4473)
2026-09-28 05:03:06.247 [error] Error: write EPIPE
	at afterWriteDispatched (node:internal/stream_base_commons:159:15)
	at writeGeneric (node:internal/stream_base_commons:150:3)
	at Socket._writeGeneric (node:net:1258:11)
	at Socket._write (node:net:1270:8)
	at writeOrBuffer (node:internal/streams/writable:574:12)
	at _write (node:internal/streams/writable:503:10)
	at Writable.write (node:internal/streams/writable:512:10)
	at /home/radio/.vscode/extensions/theqtcompany.qt-qml-1.16.0/out/extension.js:84:14265
	at new Promise (<anonymous>)
	at YM.write (/home/radio/.vscode/extensions/theqtcompany.qt-qml-1.16.0/out/extension.js:84:14186)
	at JT.doWrite (/home/radio/.vscode/extensions/theqtcompany.qt-qml-1.16.0/out/extension.js:56:1627)
	at /home/radio/.vscode/extensions/theqtcompany.qt-qml-1.16.0/out/extension.js:56:1526
2026-09-28 05:03:06.247 [error] Error: Client is not running and can't be stopped. It's current state is: starting
	at h2.shutdown (/home/radio/.vscode/extensions/theqtcompany.qt-qml-1.16.0/out/extension.js:92:8500)
	at h2.stop (/home/radio/.vscode/extensions/theqtcompany.qt-qml-1.16.0/out/extension.js:92:8079)
	at h2.stop (/home/radio/.vscode/extensions/theqtcompany.qt-qml-1.16.0/out/extension.js:95:31201)
	at h2.doInitialize (/home/radio/.vscode/extensions/theqtcompany.qt-qml-1.16.0/out/extension.js:92:7904)
	at process.processTicksAndRejections (node:internal/process/task_queues:104:5)
	at async h2.start (/home/radio/.vscode/extensions/theqtcompany.qt-qml-1.16.0/out/extension.js:92:4473)
2026-09-28 05:03:06.255 [error] Error: Cannot call write after a stream was destroyed
	at _write (node:internal/streams/writable:493:11)
	at Writable.write (node:internal/streams/writable:512:10)
	at /home/radio/.vscode/extensions/theqtcompany.qt-qml-1.16.0/out/extension.js:84:14265
	at new Promise (<anonymous>)
	at YM.write (/home/radio/.vscode/extensions/theqtcompany.qt-qml-1.16.0/out/extension.js:84:14186)
	at JT.doWrite (/home/radio/.vscode/extensions/theqtcompany.qt-qml-1.16.0/out/extension.js:56:1627)
	at /home/radio/.vscode/extensions/theqtcompany.qt-qml-1.16.0/out/extension.js:56:1526
2026-09-28 05:03:06.255 [error] Error: Client is not running and can't be stopped. It's current state is: starting
	at h2.shutdown (/home/radio/.vscode/extensions/theqtcompany.qt-qml-1.16.0/out/extension.js:92:8500)
	at h2.stop (/home/radio/.vscode/extensions/theqtcompany.qt-qml-1.16.0/out/extension.js:92:8079)
	at h2.stop (/home/radio/.vscode/extensions/theqtcompany.qt-qml-1.16.0/out/extension.js:95:31201)
	at h2.doInitialize (/home/radio/.vscode/extensions/theqtcompany.qt-qml-1.16.0/out/extension.js:92:7904)
	at process.processTicksAndRejections (node:internal/process/task_queues:104:5)
	at async h2.start (/home/radio/.vscode/extensions/theqtcompany.qt-qml-1.16.0/out/extension.js:92:4473)
2026-09-28 05:03:06.260 [error] Error: write EPIPE
	at afterWriteDispatched (node:internal/stream_base_commons:159:15)
	at writeGeneric (node:internal/stream_base_commons:150:3)
	at Socket._writeGeneric (node:net:1258:11)
	at Socket._write (node:net:1270:8)
	at writeOrBuffer (node:internal/streams/writable:574:12)
	at _write (node:internal/streams/writable:503:10)
	at Writable.write (node:internal/streams/writable:512:10)
	at /home/radio/.vscode/extensions/theqtcompany.qt-qml-1.16.0/out/extension.js:84:14265
	at new Promise (<anonymous>)
	at YM.write (/home/radio/.vscode/extensions/theqtcompany.qt-qml-1.16.0/out/extension.js:84:14186)
	at JT.doWrite (/home/radio/.vscode/extensions/theqtcompany.qt-qml-1.16.0/out/extension.js:56:1627)
	at /home/radio/.vscode/extensions/theqtcompany.qt-qml-1.16.0/out/extension.js:56:1526
	at runNextTicks (node:internal/process/task_queues:65:5)
	at process.processImmediate (node:internal/timers:541:9)
2026-09-28 05:03:06.261 [error] Error: Client is not running and can't be stopped. It's current state is: starting
	at h2.shutdown (/home/radio/.vscode/extensions/theqtcompany.qt-qml-1.16.0/out/extension.js:92:8500)
	at h2.stop (/home/radio/.vscode/extensions/theqtcompany.qt-qml-1.16.0/out/extension.js:92:8079)
	at h2.stop (/home/radio/.vscode/extensions/theqtcompany.qt-qml-1.16.0/out/extension.js:95:31201)
	at h2.doInitialize (/home/radio/.vscode/extensions/theqtcompany.qt-qml-1.16.0/out/extension.js:92:7904)
	at processTicksAndRejections (node:internal/process/task_queues:104:5)
	at runNextTicks (node:internal/process/task_queues:69:3)
	at process.processImmediate (node:internal/timers:541:9)
	at async h2.start (/home/radio/.vscode/extensions/theqtcompany.qt-qml-1.16.0/out/extension.js:92:4473)
2026-09-28 05:05:20.860 [info] Extension host terminating: received terminate message from renderer
2026-09-28 05:05:20.883 [info] Extension host with pid 33991 exiting with code 0
