2026-09-28 05:02:57.245 [info] [RemoteAgentHost] Reconciling: desired=[], current=[]
2026-09-28 05:02:57.580 [info] Started local extension host with pid 32043.
2026-09-28 05:02:58.328 [error] [Extension Host] (node:32043) [DEP0169] DeprecationWarning: `url.parse()` behavior is not standardized and prone to errors that have security implications. Use the WHATWG URL API instead. CVEs are not issued for `url.parse()` vulnerabilities.
(Use `exe --trace-deprecation ...` to show where the warning was created)
2026-09-28 05:02:58.543 [info] [AccountPolicyGate] apply: state=inactive, reason=undefined, isRestricted=false
2026-09-28 05:02:58.765 [info] Settings Sync: Account status changed from uninitialized to unavailable
2026-09-28 05:03:00.286 [info] [perf] Render performance baseline is 19ms
2026-09-28 05:03:03.463 [info] [RemoteAgentHost] Reconciling: desired=[], current=[]
2026-09-28 05:03:03.727 [info] Started local extension host with pid 33991.
2026-09-28 05:03:04.430 [info] [AccountPolicyGate] apply: state=inactive, reason=undefined, isRestricted=false
2026-09-28 05:03:04.543 [info] Settings Sync: Account status changed from uninitialized to unavailable
2026-09-28 05:03:05.052 [error] [Extension Host] (node:33991) [DEP0169] DeprecationWarning: `url.parse()` behavior is not standardized and prone to errors that have security implications. Use the WHATWG URL API instead. CVEs are not issued for `url.parse()` vulnerabilities.
(Use `exe --trace-deprecation ...` to show where the warning was created)
2026-09-28 05:03:05.177 [error] [Extension Host] Sending request failed.
2026-09-28 05:03:05.226 [error] [Extension Host] Error: Unexpected SIGPIPE
	at process.<anonymous> (file:///usr/share/code/resources/app/out/bootstrap-fork.js:4:1691)
	at process.emit (node:events:514:28)
2026-09-28 05:03:05.228 [error] [Extension Host] Sending request failed.
2026-09-28 05:03:05.260 [error] [Extension Host] Sending request failed.
2026-09-28 05:03:05.262 [error] [Extension Host] Sending request failed.
2026-09-28 05:03:05.263 [error] [Extension Host] Sending request failed.
2026-09-28 05:03:06.218 [error] An unknown error occurred. Please consult the log for more details.
2026-09-28 05:03:06.271 [info] [perf] Render performance baseline is 14ms
2026-09-28 05:03:07.561 [error] Error: Unable to move/copy '/home/radio/.config/starship.toml' because target '/home/radio/.config/starship/starship.toml' already exists at destination.
    at Kge.doValidateMoveCopy (vscode-file://vscode-app/usr/share/code/resources/app/out/vs/workbench/workbench.desktop.main.js:5187:97997)
    at async Kge.doCanMoveCopy (vscode-file://vscode-app/usr/share/code/resources/app/out/vs/workbench/workbench.desktop.main.js:5187:95792)
    at async eht.doMoveOrCopy (vscode-file://vscode-app/usr/share/code/resources/app/out/vs/workbench/workbench.desktop.main.js:699:4744)
    at async MDe.perform (vscode-file://vscode-app/usr/share/code/resources/app/out/vs/workbench/workbench.desktop.main.js:3894:8198)
    at async J9e.apply (vscode-file://vscode-app/usr/share/code/resources/app/out/vs/workbench/workbench.desktop.main.js:3894:13675)
    at async vDt._performFileEdits (vscode-file://vscode-app/usr/share/code/resources/app/out/vs/workbench/workbench.desktop.main.js:3894:21026)
    at async vDt.perform (vscode-file://vscode-app/usr/share/code/resources/app/out/vs/workbench/workbench.desktop.main.js:3894:20464)
    at async bDt.apply (vscode-file://vscode-app/usr/share/code/resources/app/out/vs/workbench/workbench.desktop.main.js:3894:23059)
    at async vscode-file://vscode-app/usr/share/code/resources/app/out/vs/workbench/workbench.desktop.main.js:3892:81302
    at async r (vscode-file://vscode-app/usr/share/code/resources/app/out/vs/workbench/workbench.desktop.main.js:1578:16252)
2026-09-28 05:03:07.563 [error] Error: Unable to move/copy '/home/radio/.config/starship.toml' because target '/home/radio/.config/starship/starship.toml' already exists at destination.
    at Kge.doValidateMoveCopy (vscode-file://vscode-app/usr/share/code/resources/app/out/vs/workbench/workbench.desktop.main.js:5187:97997)
    at async Kge.doCanMoveCopy (vscode-file://vscode-app/usr/share/code/resources/app/out/vs/workbench/workbench.desktop.main.js:5187:95792)
    at async eht.doMoveOrCopy (vscode-file://vscode-app/usr/share/code/resources/app/out/vs/workbench/workbench.desktop.main.js:699:4744)
    at async MDe.perform (vscode-file://vscode-app/usr/share/code/resources/app/out/vs/workbench/workbench.desktop.main.js:3894:8198)
    at async J9e.apply (vscode-file://vscode-app/usr/share/code/resources/app/out/vs/workbench/workbench.desktop.main.js:3894:13675)
    at async vDt._performFileEdits (vscode-file://vscode-app/usr/share/code/resources/app/out/vs/workbench/workbench.desktop.main.js:3894:21026)
    at async vDt.perform (vscode-file://vscode-app/usr/share/code/resources/app/out/vs/workbench/workbench.desktop.main.js:3894:20464)
    at async bDt.apply (vscode-file://vscode-app/usr/share/code/resources/app/out/vs/workbench/workbench.desktop.main.js:3894:23059)
    at async vscode-file://vscode-app/usr/share/code/resources/app/out/vs/workbench/workbench.desktop.main.js:3892:81302
    at async r (vscode-file://vscode-app/usr/share/code/resources/app/out/vs/workbench/workbench.desktop.main.js:1578:16252)
2026-09-28 05:03:09.431 [info] [AccountPolicyGate] apply: state=inactive, reason=undefined, isRestricted=false
