2026-10-02 09:26:16.609 [info] Extension host with pid 9262 started
2026-10-02 09:26:16.609 [info] Skipping acquiring lock for /home/radio/.config/Code/User/workspaceStorage/558cb550cc9cb496fdca5b25e8419c13.
2026-10-02 09:26:16.823 [info] ExtensionService#_doActivateExtension vscode.github-authentication, startup: false, activationEvent: 'onAuthenticationRequest:github'
2026-10-02 09:26:16.844 [info] ExtensionService#_doActivateExtension vscode.emmet, startup: false, activationEvent: 'onLanguage'
2026-10-02 09:26:16.952 [info] ExtensionService#_doActivateExtension vscode.git-base, startup: true, activationEvent: '*', root cause: vscode.git
2026-10-02 09:26:16.955 [info] ExtensionService#_doActivateExtension mhutchie.git-graph, startup: true, activationEvent: '*'
2026-10-02 09:26:17.167 [info] ExtensionService#_doActivateExtension vscode.git, startup: true, activationEvent: '*'
2026-10-02 09:26:17.217 [info] ExtensionService#_doActivateExtension vscode.github, startup: true, activationEvent: '*'
2026-10-02 09:26:17.265 [info] ExtensionService#_doActivateExtension theqtcompany.qt-core, startup: true, activationEvent: 'workspaceContains:**/*.ui', root cause: theqtcompany.qt-ui
2026-10-02 09:26:17.466 [info] ExtensionService#_doActivateExtension theqtcompany.qt-ui, startup: true, activationEvent: 'workspaceContains:**/*.ui'
2026-10-02 09:26:17.506 [info] ExtensionService#_doActivateExtension theqtcompany.qt-qml, startup: true, activationEvent: 'workspaceContains:**/*.qml,**/*.qmlproject,**/*.qtd,**/*.qzt'
2026-10-02 09:26:17.607 [info] Eager extensions activated
2026-10-02 09:26:17.607 [info] [node-compile-cache] extension-host: packaged cache inactive (status: disabled, configured: /usr/share/code/resources/app/node-compile-cache/extension-host, active: none)
2026-10-02 09:26:17.643 [info] ExtensionService#_doActivateExtension vscode.debug-auto-launch, startup: false, activationEvent: 'onStartupFinished'
2026-10-02 09:26:17.644 [info] ExtensionService#_doActivateExtension vscode.merge-conflict, startup: false, activationEvent: 'onStartupFinished'
2026-10-02 09:26:17.655 [info] ExtensionService#_doActivateExtension esbenp.prettier-vscode, startup: false, activationEvent: 'onStartupFinished'
2026-10-02 09:26:17.661 [info] ExtensionService#_doActivateExtension PKief.material-icon-theme, startup: false, activationEvent: 'onStartupFinished'
2026-10-02 09:26:17.669 [info] ExtensionService#_doActivateExtension ritwickdey.LiveServer, startup: false, activationEvent: 'onStartupFinished'
2026-10-02 09:26:18.643 [error] Error: write EPIPE
	at afterWriteDispatched (node:internal/stream_base_commons:159:15)
	at writeGeneric (node:internal/stream_base_commons:150:3)
	at Socket._writeGeneric (node:net:1262:11)
	at Socket._write (node:net:1274:8)
	at writeOrBuffer (node:internal/streams/writable:574:12)
	at _write (node:internal/streams/writable:503:10)
	at Writable.write (node:internal/streams/writable:512:10)
	at /home/radio/.vscode/extensions/theqtcompany.qt-qml-1.16.0/out/extension.js:84:14265
	at new Promise (<anonymous>)
	at YM.write (/home/radio/.vscode/extensions/theqtcompany.qt-qml-1.16.0/out/extension.js:84:14186)
	at JT.doWrite (/home/radio/.vscode/extensions/theqtcompany.qt-qml-1.16.0/out/extension.js:56:1627)
	at /home/radio/.vscode/extensions/theqtcompany.qt-qml-1.16.0/out/extension.js:56:1526
2026-10-02 09:26:18.643 [error] Error: Client is not running and can't be stopped. It's current state is: starting
	at h2.shutdown (/home/radio/.vscode/extensions/theqtcompany.qt-qml-1.16.0/out/extension.js:92:8500)
	at h2.stop (/home/radio/.vscode/extensions/theqtcompany.qt-qml-1.16.0/out/extension.js:92:8079)
	at h2.stop (/home/radio/.vscode/extensions/theqtcompany.qt-qml-1.16.0/out/extension.js:95:31201)
	at h2.doInitialize (/home/radio/.vscode/extensions/theqtcompany.qt-qml-1.16.0/out/extension.js:92:7904)
	at process.processTicksAndRejections (node:internal/process/task_queues:104:5)
	at async h2.start (/home/radio/.vscode/extensions/theqtcompany.qt-qml-1.16.0/out/extension.js:92:4473)
2026-10-02 09:26:18.678 [error] Error: Cannot call write after a stream was destroyed
	at _write (node:internal/streams/writable:493:11)
	at Writable.write (node:internal/streams/writable:512:10)
	at /home/radio/.vscode/extensions/theqtcompany.qt-qml-1.16.0/out/extension.js:84:14265
	at new Promise (<anonymous>)
	at YM.write (/home/radio/.vscode/extensions/theqtcompany.qt-qml-1.16.0/out/extension.js:84:14186)
	at JT.doWrite (/home/radio/.vscode/extensions/theqtcompany.qt-qml-1.16.0/out/extension.js:56:1627)
	at /home/radio/.vscode/extensions/theqtcompany.qt-qml-1.16.0/out/extension.js:56:1526
2026-10-02 09:26:18.678 [error] Error: Client is not running and can't be stopped. It's current state is: starting
	at h2.shutdown (/home/radio/.vscode/extensions/theqtcompany.qt-qml-1.16.0/out/extension.js:92:8500)
	at h2.stop (/home/radio/.vscode/extensions/theqtcompany.qt-qml-1.16.0/out/extension.js:92:8079)
	at h2.stop (/home/radio/.vscode/extensions/theqtcompany.qt-qml-1.16.0/out/extension.js:95:31201)
	at h2.doInitialize (/home/radio/.vscode/extensions/theqtcompany.qt-qml-1.16.0/out/extension.js:92:7904)
	at process.processTicksAndRejections (node:internal/process/task_queues:104:5)
	at async h2.start (/home/radio/.vscode/extensions/theqtcompany.qt-qml-1.16.0/out/extension.js:92:4473)
2026-10-02 09:26:18.804 [error] Error: write EPIPE
	at afterWriteDispatched (node:internal/stream_base_commons:159:15)
	at writeGeneric (node:internal/stream_base_commons:150:3)
	at Socket._writeGeneric (node:net:1262:11)
	at Socket._write (node:net:1274:8)
	at writeOrBuffer (node:internal/streams/writable:574:12)
	at _write (node:internal/streams/writable:503:10)
	at Writable.write (node:internal/streams/writable:512:10)
	at /home/radio/.vscode/extensions/theqtcompany.qt-qml-1.16.0/out/extension.js:84:14265
	at new Promise (<anonymous>)
	at YM.write (/home/radio/.vscode/extensions/theqtcompany.qt-qml-1.16.0/out/extension.js:84:14186)
	at JT.doWrite (/home/radio/.vscode/extensions/theqtcompany.qt-qml-1.16.0/out/extension.js:56:1627)
	at /home/radio/.vscode/extensions/theqtcompany.qt-qml-1.16.0/out/extension.js:56:1526
2026-10-02 09:26:18.804 [error] Error: Client is not running and can't be stopped. It's current state is: starting
	at h2.shutdown (/home/radio/.vscode/extensions/theqtcompany.qt-qml-1.16.0/out/extension.js:92:8500)
	at h2.stop (/home/radio/.vscode/extensions/theqtcompany.qt-qml-1.16.0/out/extension.js:92:8079)
	at h2.stop (/home/radio/.vscode/extensions/theqtcompany.qt-qml-1.16.0/out/extension.js:95:31201)
	at h2.doInitialize (/home/radio/.vscode/extensions/theqtcompany.qt-qml-1.16.0/out/extension.js:92:7904)
	at process.processTicksAndRejections (node:internal/process/task_queues:104:5)
	at async h2.start (/home/radio/.vscode/extensions/theqtcompany.qt-qml-1.16.0/out/extension.js:92:4473)
2026-10-02 09:26:18.854 [error] Error: Cannot call write after a stream was destroyed
	at _write (node:internal/streams/writable:493:11)
	at Writable.write (node:internal/streams/writable:512:10)
	at /home/radio/.vscode/extensions/theqtcompany.qt-qml-1.16.0/out/extension.js:84:14265
	at new Promise (<anonymous>)
	at YM.write (/home/radio/.vscode/extensions/theqtcompany.qt-qml-1.16.0/out/extension.js:84:14186)
	at JT.doWrite (/home/radio/.vscode/extensions/theqtcompany.qt-qml-1.16.0/out/extension.js:56:1627)
	at /home/radio/.vscode/extensions/theqtcompany.qt-qml-1.16.0/out/extension.js:56:1526
2026-10-02 09:26:18.854 [error] Error: Client is not running and can't be stopped. It's current state is: starting
	at h2.shutdown (/home/radio/.vscode/extensions/theqtcompany.qt-qml-1.16.0/out/extension.js:92:8500)
	at h2.stop (/home/radio/.vscode/extensions/theqtcompany.qt-qml-1.16.0/out/extension.js:92:8079)
	at h2.stop (/home/radio/.vscode/extensions/theqtcompany.qt-qml-1.16.0/out/extension.js:95:31201)
	at h2.doInitialize (/home/radio/.vscode/extensions/theqtcompany.qt-qml-1.16.0/out/extension.js:92:7904)
	at process.processTicksAndRejections (node:internal/process/task_queues:104:5)
	at async h2.start (/home/radio/.vscode/extensions/theqtcompany.qt-qml-1.16.0/out/extension.js:92:4473)
2026-10-02 09:26:18.861 [error] Error: write EPIPE
	at afterWriteDispatched (node:internal/stream_base_commons:159:15)
	at writeGeneric (node:internal/stream_base_commons:150:3)
	at Socket._writeGeneric (node:net:1262:11)
	at Socket._write (node:net:1274:8)
	at writeOrBuffer (node:internal/streams/writable:574:12)
	at _write (node:internal/streams/writable:503:10)
	at Writable.write (node:internal/streams/writable:512:10)
	at /home/radio/.vscode/extensions/theqtcompany.qt-qml-1.16.0/out/extension.js:84:14265
	at new Promise (<anonymous>)
	at YM.write (/home/radio/.vscode/extensions/theqtcompany.qt-qml-1.16.0/out/extension.js:84:14186)
	at JT.doWrite (/home/radio/.vscode/extensions/theqtcompany.qt-qml-1.16.0/out/extension.js:56:1627)
	at /home/radio/.vscode/extensions/theqtcompany.qt-qml-1.16.0/out/extension.js:56:1526
2026-10-02 09:26:18.861 [error] Error: Client is not running and can't be stopped. It's current state is: starting
	at h2.shutdown (/home/radio/.vscode/extensions/theqtcompany.qt-qml-1.16.0/out/extension.js:92:8500)
	at h2.stop (/home/radio/.vscode/extensions/theqtcompany.qt-qml-1.16.0/out/extension.js:92:8079)
	at h2.stop (/home/radio/.vscode/extensions/theqtcompany.qt-qml-1.16.0/out/extension.js:95:31201)
	at h2.doInitialize (/home/radio/.vscode/extensions/theqtcompany.qt-qml-1.16.0/out/extension.js:92:7904)
	at process.processTicksAndRejections (node:internal/process/task_queues:104:5)
	at async h2.start (/home/radio/.vscode/extensions/theqtcompany.qt-qml-1.16.0/out/extension.js:92:4473)
2026-10-02 09:26:30.750 [info] Extension host terminating: received terminate message from renderer
2026-10-02 09:26:30.771 [error] An error occurred when deactivating the extension 'theqtcompany.qt-ui':
2026-10-02 09:26:30.771 [error] TypeError: V0[t] is not a function
	at Pv.log (/home/radio/.vscode/extensions/theqtcompany.qt-ui-1.16.0/out/extension.js:32:6420)
	at Pv.verbose (/home/radio/.vscode/extensions/theqtcompany.qt-ui-1.16.0/out/extension.js:32:6612)
	at e.stop (/home/radio/.vscode/extensions/theqtcompany.qt-ui-1.16.0/out/extension.js:56:448)
	at e.dispose (/home/radio/.vscode/extensions/theqtcompany.qt-ui-1.16.0/out/extension.js:56:592)
	at l1.dispose (/home/radio/.vscode/extensions/theqtcompany.qt-ui-1.16.0/out/extension.js:56:1124)
	at e.dispose (/home/radio/.vscode/extensions/theqtcompany.qt-ui-1.16.0/out/extension.js:32:8824)
	at Object.DZ (/home/radio/.vscode/extensions/theqtcompany.qt-ui-1.16.0/out/extension.js:80:461)
	at a_._deactivate (file:///usr/share/code/resources/app/out/vs/workbench/api/node/extensionHostProcess.js:169:14629)
	at file:///usr/share/code/resources/app/out/vs/workbench/api/node/extensionHostProcess.js:169:12156
	at Array.map (<anonymous>)
	at a_._deactivateAll (file:///usr/share/code/resources/app/out/vs/workbench/api/node/extensionHostProcess.js:169:12144)
	at a_.terminate (file:///usr/share/code/resources/app/out/vs/workbench/api/node/extensionHostProcess.js:169:12495)
	at r.terminate (file:///usr/share/code/resources/app/out/vs/workbench/api/node/extensionHostProcess.js:171:1072)
	at ba (file:///usr/share/code/resources/app/out/vs/workbench/api/node/extensionHostProcess.js:474:11797)
	at Kp.value (file:///usr/share/code/resources/app/out/vs/workbench/api/node/extensionHostProcess.js:474:9939)
	at T._deliver (file:///usr/share/code/resources/app/out/vs/workbench/api/node/extensionHostProcess.js:28:3617)
	at T.fire (file:///usr/share/code/resources/app/out/vs/workbench/api/node/extensionHostProcess.js:28:3935)
	at ws.fire (file:///usr/share/code/resources/app/out/vs/workbench/api/node/extensionHostProcess.js:30:8627)
	at MessagePortMain.<anonymous> (file:///usr/share/code/resources/app/out/vs/workbench/api/node/extensionHostProcess.js:474:8171)
	at MessagePortMain.emit (node:events:514:28)
	at Object.emit (node:electron/js2c/utility_init:2:2934)
2026-10-02 09:26:30.774 [error] ProxyResolver#resolveProxy DIRECT Canceled: Canceled
	at Tx (file:///usr/share/code/resources/app/out/vs/workbench/api/node/extensionHostProcess.js:32:153839)
	at r._remoteCall (file:///usr/share/code/resources/app/out/vs/workbench/api/node/extensionHostProcess.js:32:159923)
	at i.<computed>.s.charCodeAt.i.<computed> (file:///usr/share/code/resources/app/out/vs/workbench/api/node/extensionHostProcess.js:32:156676)
	at uf.resolveProxy (file:///usr/share/code/resources/app/out/vs/workbench/api/node/extensionHostProcess.js:164:83200)
	at Object.resolveProxy (file:///usr/share/code/resources/app/out/vs/workbench/api/node/extensionHostProcess.js:297:25930)
	at useProxySettings (/usr/share/code/resources/app/node_modules.asar/@vscode/proxy-agent/out/index.js:283:16)
	at /usr/share/code/resources/app/node_modules.asar/@vscode/proxy-agent/out/index.js:220:13
	at /usr/share/code/resources/app/node_modules.asar/@vscode/proxy-agent/out/index.js:1140:13
	at process.processTicksAndRejections (node:internal/process/task_queues:104:5) 
2026-10-02 09:26:30.774 [error] ProxyResolver#resolveProxy DIRECT Canceled: Canceled
	at Tx (file:///usr/share/code/resources/app/out/vs/workbench/api/node/extensionHostProcess.js:32:153839)
	at r._remoteCall (file:///usr/share/code/resources/app/out/vs/workbench/api/node/extensionHostProcess.js:32:159923)
	at i.<computed>.s.charCodeAt.i.<computed> (file:///usr/share/code/resources/app/out/vs/workbench/api/node/extensionHostProcess.js:32:156676)
	at uf.resolveProxy (file:///usr/share/code/resources/app/out/vs/workbench/api/node/extensionHostProcess.js:164:83200)
	at Object.resolveProxy (file:///usr/share/code/resources/app/out/vs/workbench/api/node/extensionHostProcess.js:297:25930)
	at useProxySettings (/usr/share/code/resources/app/node_modules.asar/@vscode/proxy-agent/out/index.js:283:16)
	at /usr/share/code/resources/app/node_modules.asar/@vscode/proxy-agent/out/index.js:220:13
	at /usr/share/code/resources/app/node_modules.asar/@vscode/proxy-agent/out/index.js:1140:13
	at process.processTicksAndRejections (node:internal/process/task_queues:104:5) 
2026-10-02 09:26:30.774 [error] ProxyResolver#resolveProxy DIRECT Canceled: Canceled
	at Tx (file:///usr/share/code/resources/app/out/vs/workbench/api/node/extensionHostProcess.js:32:153839)
	at r._remoteCall (file:///usr/share/code/resources/app/out/vs/workbench/api/node/extensionHostProcess.js:32:159923)
	at i.<computed>.s.charCodeAt.i.<computed> (file:///usr/share/code/resources/app/out/vs/workbench/api/node/extensionHostProcess.js:32:156676)
	at uf.resolveProxy (file:///usr/share/code/resources/app/out/vs/workbench/api/node/extensionHostProcess.js:164:83200)
	at Object.resolveProxy (file:///usr/share/code/resources/app/out/vs/workbench/api/node/extensionHostProcess.js:297:25930)
	at useProxySettings (/usr/share/code/resources/app/node_modules.asar/@vscode/proxy-agent/out/index.js:283:16)
	at /usr/share/code/resources/app/node_modules.asar/@vscode/proxy-agent/out/index.js:220:13
	at /usr/share/code/resources/app/node_modules.asar/@vscode/proxy-agent/out/index.js:1140:13
	at process.processTicksAndRejections (node:internal/process/task_queues:104:5) 
2026-10-02 09:26:30.774 [info] Extension host with pid 9262 exiting with code 0
2026-10-02 09:26:31.534 [info] Extension host with pid 10458 started
2026-10-02 09:26:31.534 [info] Skipping acquiring lock for /home/radio/.config/Code/User/workspaceStorage/e0685df4962b20797b629574ff3a4808.
2026-10-02 09:26:31.632 [info] ExtensionService#_doActivateExtension vscode.github-authentication, startup: false, activationEvent: 'onAuthenticationRequest:github'
2026-10-02 09:26:31.651 [info] ExtensionService#_doActivateExtension vscode.emmet, startup: false, activationEvent: 'onLanguage'
2026-10-02 09:26:31.698 [info] ExtensionService#_doActivateExtension vscode.git-base, startup: true, activationEvent: '*', root cause: vscode.git
2026-10-02 09:26:31.699 [info] ExtensionService#_doActivateExtension mhutchie.git-graph, startup: true, activationEvent: '*'
2026-10-02 09:26:31.770 [info] ExtensionService#_doActivateExtension vscode.git, startup: true, activationEvent: '*'
2026-10-02 09:26:31.804 [info] ExtensionService#_doActivateExtension vscode.github, startup: true, activationEvent: '*'
2026-10-02 09:26:31.890 [info] Eager extensions activated
2026-10-02 09:26:31.890 [info] [node-compile-cache] extension-host: packaged cache inactive (status: disabled, configured: /usr/share/code/resources/app/node-compile-cache/extension-host, active: none)
2026-10-02 09:26:31.925 [info] ExtensionService#_doActivateExtension vscode.debug-auto-launch, startup: false, activationEvent: 'onStartupFinished'
2026-10-02 09:26:31.926 [info] ExtensionService#_doActivateExtension vscode.merge-conflict, startup: false, activationEvent: 'onStartupFinished'
2026-10-02 09:26:31.938 [info] ExtensionService#_doActivateExtension esbenp.prettier-vscode, startup: false, activationEvent: 'onStartupFinished'
2026-10-02 09:26:31.945 [info] ExtensionService#_doActivateExtension PKief.material-icon-theme, startup: false, activationEvent: 'onStartupFinished'
2026-10-02 09:26:31.955 [info] ExtensionService#_doActivateExtension ritwickdey.LiveServer, startup: false, activationEvent: 'onStartupFinished'
2026-10-02 09:26:33.512 [info] ExtensionService#_doActivateExtension vscode.configuration-editing, startup: false, activationEvent: 'onLanguage:jsonc'
2026-10-02 09:26:33.518 [info] ExtensionService#_doActivateExtension vscode.json-language-features, startup: false, activationEvent: 'onLanguage:jsonc'
2026-10-02 09:26:33.566 [info] ExtensionService#_doActivateExtension vscode.typescript-language-features, startup: false, activationEvent: 'onLanguage:jsonc'
2026-10-02 09:26:34.777 [info] ExtensionService#_doActivateExtension yinfei.luahelper, startup: false, activationEvent: 'onLanguage:lua'
2026-10-02 09:27:07.481 [info] ExtensionService#_doActivateExtension tamasfe.even-better-toml, startup: false, activationEvent: 'onLanguage:toml'
2026-10-02 09:27:11.856 [info] Extension host terminating: received terminate message from renderer
2026-10-02 09:27:11.883 [info] Extension host with pid 10458 exiting with code 0
