2026-09-30 16:12:13.467 [info] [extension] Activating theqtcompany.qt-core
2026-09-30 16:12:13.467 [info] [project] Creating project:"/home/radio/.config"
2026-09-30 16:12:13.467 [info] [vcpkg] vcpkg is not installed
2026-09-30 16:12:13.467 [info] [qtpaths] Found qmake in PATH: /usr/bin/qmake
2026-09-30 16:12:13.467 [warning] [api] Cannot determine target architecture for /usr/bin/qmake
2026-09-30 16:12:13.467 [warning] [api] Cannot determine target architectures for /usr/bin/qmake
2026-09-30 16:12:13.467 [info] [qtpaths] Added /usr/bin/qmake to the settings with name: Qt-5.15.19-linux-g++-x86_64_from_PATH
2026-09-30 16:12:13.467 [info] [qtpaths] additionalQtPaths not found in the settings
2026-09-30 16:12:13.467 [info] [qtpaths] Adding /usr/bin/qmake to the settings
2026-09-30 16:12:13.467 [info] [installation-root] Additional Qt Paths updated: [{"name":"Qt-5.15.19-linux-g++-x86_64_from_PATH","path":"/usr/bin/qmake","isVCPKG":false}]
2026-09-30 16:12:13.467 [info] [installation-root] Notifying coreAPI with message: [global]: additionalQtPaths
2026-09-30 16:12:13.467 [info] [project] Setting Qt installation root for /home/radio/.config to: 
2026-09-30 16:12:13.467 [info] [project] Setting additional Qt paths for /home/radio/.config to: 
2026-09-30 16:12:13.467 [info] [project] Config values initialized for:/home/radio/.config
2026-09-30 16:12:13.905 [info] [installation-root] Additional Qt Paths updated: [{"name":"Qt-5.15.19-linux-g++-x86_64_from_PATH","path":"/usr/bin/qmake","isVCPKG":false}]
2026-09-30 16:12:13.905 [info] [installation-root] Notifying coreAPI with message: [global]: additionalQtPaths
2026-09-30 16:13:37.051 [info] [extension] Deactivating qt-core
2026-09-30 16:13:37.052 [info] [project] Disposing project:/home/radio/.config
2026-09-30 16:13:47.171 [info] [extension] Activating theqtcompany.qt-core
2026-09-30 16:13:47.171 [info] [project] Creating project:"/home/radio/.mydotfiles"
2026-09-30 16:13:47.171 [info] [vcpkg] vcpkg is not installed
2026-09-30 16:13:47.171 [info] [qtpaths] Found qmake in PATH: /usr/bin/qmake
2026-09-30 16:13:47.171 [warning] [api] Cannot determine target architecture for /usr/bin/qmake
2026-09-30 16:13:47.171 [warning] [api] Cannot determine target architectures for /usr/bin/qmake
2026-09-30 16:13:47.171 [info] [qtpaths] /usr/bin/qmake already exists in the settings
2026-09-30 16:13:47.171 [info] [project] Setting Qt installation root for /home/radio/.mydotfiles to: 
2026-09-30 16:13:47.171 [info] [project] Setting additional Qt paths for /home/radio/.mydotfiles to: 
2026-09-30 16:13:47.171 [info] [project] Config values initialized for:/home/radio/.mydotfiles
2026-09-30 16:17:13.975 [info] [extension] Deactivating qt-core
2026-09-30 16:17:13.975 [info] [project] Disposing project:/home/radio/.mydotfiles
