2026-09-27 11:43:46.874 [info] [main] Log level: Info
2026-09-27 11:43:46.874 [info] [main] Validating found git in: "git"
2026-09-27 11:43:46.874 [info] [main] Using git "2.55.0" from "git"
2026-09-27 11:43:46.874 [info] [Model][doInitialScan] Initial repository scan started
2026-09-27 11:43:46.874 [info] > git rev-parse --show-toplevel [2ms]
2026-09-27 11:43:46.874 [info] fatal: not a git repository (or any of the parent directories): .git
2026-09-27 11:43:46.874 [info] > git rev-parse --show-toplevel [1ms]
2026-09-27 11:43:46.874 [info] fatal: not a git repository (or any of the parent directories): .git
2026-09-27 11:43:46.874 [info] > git rev-parse --show-toplevel [1ms]
2026-09-27 11:43:46.874 [info] fatal: not a git repository (or any of the parent directories): .git
2026-09-27 11:43:46.874 [info] > git rev-parse --show-toplevel [1ms]
2026-09-27 11:43:46.874 [info] fatal: not a git repository (or any of the parent directories): .git
2026-09-27 11:43:46.874 [info] > git rev-parse --show-toplevel [9ms]
2026-09-27 11:43:46.874 [info] fatal: not a git repository (or any of the parent directories): .git
2026-09-27 11:43:46.874 [info] > git rev-parse --show-toplevel [1ms]
2026-09-27 11:43:46.874 [info] fatal: not a git repository (or any of the parent directories): .git
2026-09-27 11:43:46.874 [info] > git rev-parse --show-toplevel [1ms]
2026-09-27 11:43:46.874 [info] fatal: not a git repository (or any of the parent directories): .git
2026-09-27 11:43:46.874 [info] > git rev-parse --show-toplevel [1ms]
2026-09-27 11:43:46.874 [info] fatal: not a git repository (or any of the parent directories): .git
2026-09-27 11:43:46.874 [info] > git rev-parse --show-toplevel [1ms]
2026-09-27 11:43:46.874 [info] fatal: not a git repository (or any of the parent directories): .git
2026-09-27 11:43:46.874 [info] > git rev-parse --show-toplevel [1ms]
2026-09-27 11:43:46.874 [info] fatal: not a git repository (or any of the parent directories): .git
2026-09-27 11:43:46.874 [info] > git rev-parse --show-toplevel [0ms]
2026-09-27 11:43:46.874 [info] fatal: not a git repository (or any of the parent directories): .git
2026-09-27 11:43:46.874 [info] > git rev-parse --show-toplevel [1ms]
2026-09-27 11:43:46.874 [info] fatal: not a git repository (or any of the parent directories): .git
2026-09-27 11:43:46.874 [info] > git rev-parse --show-toplevel [1ms]
2026-09-27 11:43:46.874 [info] fatal: not a git repository (or any of the parent directories): .git
2026-09-27 11:43:46.874 [info] > git rev-parse --show-toplevel [2ms]
2026-09-27 11:43:46.874 [info] fatal: not a git repository (or any of the parent directories): .git
2026-09-27 11:43:46.879 [info] > git rev-parse --show-toplevel [2ms]
2026-09-27 11:43:46.879 [info] fatal: not a git repository (or any of the parent directories): .git
2026-09-27 11:43:46.883 [info] > git rev-parse --show-toplevel [2ms]
2026-09-27 11:43:46.883 [info] fatal: not a git repository (or any of the parent directories): .git
2026-09-27 11:43:46.886 [info] > git rev-parse --show-toplevel [1ms]
2026-09-27 11:43:46.886 [info] fatal: not a git repository (or any of the parent directories): .git
2026-09-27 11:43:46.889 [info] > git rev-parse --show-toplevel [1ms]
2026-09-27 11:43:46.889 [info] fatal: not a git repository (or any of the parent directories): .git
2026-09-27 11:43:46.937 [info] > git rev-parse --show-toplevel [45ms]
2026-09-27 11:43:46.937 [info] fatal: not a git repository (or any of the parent directories): .git
2026-09-27 11:43:46.992 [info] > git rev-parse --show-toplevel [12ms]
2026-09-27 11:43:46.992 [info] fatal: not a git repository (or any of the parent directories): .git
2026-09-27 11:43:46.995 [info] > git rev-parse --show-toplevel [0ms]
2026-09-27 11:43:46.995 [info] fatal: not a git repository (or any of the parent directories): .git
2026-09-27 11:43:46.998 [info] > git rev-parse --show-toplevel [1ms]
2026-09-27 11:43:46.998 [info] fatal: not a git repository (or any of the parent directories): .git
2026-09-27 11:43:47.001 [info] > git rev-parse --show-toplevel [1ms]
2026-09-27 11:43:47.001 [info] fatal: not a git repository (or any of the parent directories): .git
2026-09-27 11:43:47.003 [info] > git rev-parse --show-toplevel [0ms]
2026-09-27 11:43:47.003 [info] fatal: not a git repository (or any of the parent directories): .git
2026-09-27 11:43:47.006 [info] > git rev-parse --show-toplevel [0ms]
2026-09-27 11:43:47.006 [info] fatal: not a git repository (or any of the parent directories): .git
2026-09-27 11:43:47.009 [info] > git rev-parse --show-toplevel [0ms]
2026-09-27 11:43:47.009 [info] fatal: not a git repository (or any of the parent directories): .git
2026-09-27 11:43:47.012 [info] > git rev-parse --show-toplevel [1ms]
2026-09-27 11:43:47.012 [info] fatal: not a git repository (or any of the parent directories): .git
2026-09-27 11:43:47.016 [info] > git rev-parse --show-toplevel [1ms]
2026-09-27 11:43:47.016 [info] fatal: not a git repository (or any of the parent directories): .git
2026-09-27 11:43:47.017 [info] [Model][doInitialScan] Initial repository scan completed - repositories (0), closed repositories (0), parent repositories (0), unsafe repositories (0)
2026-09-27 11:43:47.021 [info] > git rev-parse --show-toplevel [1ms]
2026-09-27 11:43:47.021 [info] fatal: not a git repository (or any of the parent directories): .git
2026-09-27 11:43:47.024 [info] > git rev-parse --show-toplevel [0ms]
2026-09-27 11:43:47.024 [info] fatal: not a git repository (or any of the parent directories): .git
2026-09-27 11:43:47.032 [info] > git rev-parse --show-toplevel [5ms]
2026-09-27 11:43:47.032 [info] fatal: not a git repository (or any of the parent directories): .git
2026-09-27 11:43:47.035 [info] > git rev-parse --show-toplevel [0ms]
2026-09-27 11:43:47.036 [info] fatal: not a git repository (or any of the parent directories): .git
2026-09-27 11:43:47.039 [info] > git rev-parse --show-toplevel [1ms]
2026-09-27 11:43:47.039 [info] fatal: not a git repository (or any of the parent directories): .git
2026-09-27 11:43:47.043 [info] > git rev-parse --show-toplevel [1ms]
2026-09-27 11:43:47.043 [info] fatal: not a git repository (or any of the parent directories): .git
2026-09-27 11:43:48.546 [info] > git rev-parse --show-toplevel [1ms]
2026-09-27 11:43:48.546 [info] fatal: not a git repository (or any of the parent directories): .git
2026-09-27 11:43:50.825 [info] > git rev-parse --show-toplevel [1ms]
2026-09-27 11:43:50.825 [info] fatal: not a git repository (or any of the parent directories): .git
2026-09-27 11:43:53.819 [info] > git rev-parse --show-toplevel [2ms]
2026-09-27 11:43:53.819 [info] fatal: not a git repository (or any of the parent directories): .git
2026-09-27 11:44:08.348 [info] > git rev-parse --show-toplevel [1ms]
2026-09-27 11:44:08.348 [info] fatal: not a git repository (or any of the parent directories): .git
2026-09-27 11:44:23.087 [info] > git rev-parse --show-toplevel [1ms]
2026-09-27 11:44:23.087 [info] fatal: not a git repository (or any of the parent directories): .git
2026-09-27 11:44:44.599 [info] > git rev-parse --show-toplevel [1ms]
2026-09-27 11:44:44.599 [info] fatal: not a git repository (or any of the parent directories): .git
2026-09-27 11:45:15.007 [info] > git rev-parse --show-toplevel [2ms]
2026-09-27 11:45:15.007 [info] fatal: not a git repository (or any of the parent directories): .git
2026-09-27 11:45:34.533 [info] > git rev-parse --show-toplevel [1ms]
2026-09-27 11:45:34.533 [info] fatal: not a git repository (or any of the parent directories): .git
2026-09-27 11:45:45.914 [info] > git rev-parse --show-toplevel [2ms]
2026-09-27 11:45:45.914 [info] fatal: not a git repository (or any of the parent directories): .git
2026-09-27 11:45:49.539 [info] > git rev-parse --show-toplevel [1ms]
2026-09-27 11:45:49.539 [info] fatal: not a git repository (or any of the parent directories): .git
