2026-09-27 15:48:24.999 [info] [main] Log level: Info
2026-09-27 15:48:24.999 [info] [main] Validating found git in: "git"
2026-09-27 15:48:24.999 [info] [main] Using git "2.55.0" from "git"
2026-09-27 15:48:24.999 [info] [Model][doInitialScan] Initial repository scan started
2026-09-27 15:48:24.999 [info] > git rev-parse --show-toplevel [36ms]
2026-09-27 15:48:24.999 [info] fatal: not a git repository (or any of the parent directories): .git
2026-09-27 15:48:25.008 [info] > git rev-parse --show-toplevel [21ms]
2026-09-27 15:48:25.008 [info] fatal: not a git repository (or any of the parent directories): .git
2026-09-27 15:48:25.014 [info] > git rev-parse --show-toplevel [1ms]
2026-09-27 15:48:25.014 [info] fatal: not a git repository (or any of the parent directories): .git
2026-09-27 15:48:25.017 [info] > git rev-parse --show-toplevel [1ms]
2026-09-27 15:48:25.017 [info] fatal: not a git repository (or any of the parent directories): .git
2026-09-27 15:48:25.019 [info] [Model][doInitialScan] Initial repository scan completed - repositories (0), closed repositories (0), parent repositories (0), unsafe repositories (0)
2026-09-27 15:48:25.023 [info] > git rev-parse --show-toplevel [1ms]
2026-09-27 15:48:25.023 [info] fatal: not a git repository (or any of the parent directories): .git
2026-09-27 15:48:25.028 [info] > git rev-parse --show-toplevel [1ms]
2026-09-27 15:48:25.028 [info] fatal: not a git repository (or any of the parent directories): .git
2026-09-27 15:48:25.032 [info] > git rev-parse --show-toplevel [1ms]
2026-09-27 15:48:25.032 [info] fatal: not a git repository (or any of the parent directories): .git
2026-09-27 15:48:25.205 [info] > git rev-parse --show-toplevel [4ms]
2026-09-27 15:48:25.205 [info] fatal: not a git repository (or any of the parent directories): .git
2026-09-27 15:48:25.209 [info] > git rev-parse --show-toplevel [1ms]
2026-09-27 15:48:25.209 [info] fatal: not a git repository (or any of the parent directories): .git
2026-09-27 15:48:25.302 [info] > git rev-parse --show-toplevel [0ms]
2026-09-27 15:48:25.302 [info] fatal: not a git repository (or any of the parent directories): .git
2026-09-27 15:48:26.500 [info] > git rev-parse --show-toplevel [3ms]
2026-09-27 15:48:26.500 [info] fatal: not a git repository (or any of the parent directories): .git
2026-09-27 15:48:30.087 [info] [main] Log level: Info
2026-09-27 15:48:30.087 [info] [main] Validating found git in: "git"
2026-09-27 15:48:30.087 [info] [main] Using git "2.55.0" from "git"
2026-09-27 15:48:30.087 [info] [Model][doInitialScan] Initial repository scan started
2026-09-27 15:48:30.087 [info] > git rev-parse --show-toplevel [1ms]
2026-09-27 15:48:30.087 [info] fatal: not a git repository (or any of the parent directories): .git
2026-09-27 15:48:30.087 [info] > git rev-parse --show-toplevel [1ms]
2026-09-27 15:48:30.087 [info] fatal: not a git repository (or any of the parent directories): .git
2026-09-27 15:48:30.087 [info] [Model][doInitialScan] Initial repository scan completed - repositories (0), closed repositories (0), parent repositories (0), unsafe repositories (0)
2026-09-27 15:48:30.138 [info] > git rev-parse --show-toplevel [3ms]
2026-09-27 15:48:30.138 [info] fatal: not a git repository (or any of the parent directories): .git
2026-09-27 15:48:30.183 [info] > git rev-parse --show-toplevel [42ms]
2026-09-27 15:48:30.183 [info] fatal: not a git repository (or any of the parent directories): .git
2026-09-27 15:48:30.189 [info] > git rev-parse --show-toplevel [0ms]
2026-09-27 15:48:30.189 [info] fatal: not a git repository (or any of the parent directories): .git
2026-09-27 15:48:30.908 [info] > git rev-parse --show-toplevel [1ms]
2026-09-27 15:48:30.908 [info] fatal: not a git repository (or any of the parent directories): .git
2026-09-27 15:48:31.846 [info] > git rev-parse --show-toplevel [6ms]
2026-09-27 15:48:31.846 [info] fatal: not a git repository (or any of the parent directories): .git
2026-09-27 15:48:56.186 [info] > git rev-parse --show-toplevel [1ms]
2026-09-27 15:48:56.186 [info] fatal: not a git repository (or any of the parent directories): .git
2026-09-27 15:48:58.662 [info] > git rev-parse --show-toplevel [3ms]
2026-09-27 15:48:58.662 [info] fatal: not a git repository (or any of the parent directories): .git
2026-09-27 15:49:00.343 [info] > git rev-parse --show-toplevel [2ms]
2026-09-27 15:49:00.343 [info] fatal: not a git repository (or any of the parent directories): .git
2026-09-27 15:49:02.729 [info] > git rev-parse --show-toplevel [1ms]
2026-09-27 15:49:02.729 [info] fatal: not a git repository (or any of the parent directories): .git
2026-09-27 15:49:19.654 [info] > git rev-parse --show-toplevel [2ms]
2026-09-27 15:49:19.654 [info] fatal: not a git repository (or any of the parent directories): .git
2026-09-27 15:49:20.187 [info] > git rev-parse --show-toplevel [2ms]
2026-09-27 15:49:20.187 [info] fatal: not a git repository (or any of the parent directories): .git
2026-09-27 15:49:20.278 [info] > git rev-parse --show-toplevel [19ms]
2026-09-27 15:49:20.278 [info] fatal: not a git repository (or any of the parent directories): .git
2026-09-27 15:49:20.511 [info] > git rev-parse --show-toplevel [1ms]
2026-09-27 15:49:20.511 [info] fatal: not a git repository (or any of the parent directories): .git
2026-09-27 15:49:36.629 [info] > git rev-parse --show-toplevel [1ms]
2026-09-27 15:49:36.629 [info] fatal: not a git repository (or any of the parent directories): .git
2026-09-27 15:49:42.063 [info] > git rev-parse --show-toplevel [1ms]
2026-09-27 15:49:42.063 [info] fatal: not a git repository (or any of the parent directories): .git
2026-09-27 15:49:53.063 [info] > git rev-parse --show-toplevel [1ms]
2026-09-27 15:49:53.063 [info] fatal: not a git repository (or any of the parent directories): .git
2026-09-27 15:50:00.622 [info] > git rev-parse --show-toplevel [2ms]
2026-09-27 15:50:00.622 [info] fatal: not a git repository (or any of the parent directories): .git
2026-09-27 15:50:30.616 [info] > git rev-parse --show-toplevel [1ms]
2026-09-27 15:50:30.616 [info] fatal: not a git repository (or any of the parent directories): .git
2026-09-27 15:50:35.546 [info] > git rev-parse --show-toplevel [0ms]
2026-09-27 15:50:35.546 [info] fatal: not a git repository (or any of the parent directories): .git
2026-09-27 15:50:40.304 [info] > git rev-parse --show-toplevel [1ms]
2026-09-27 15:50:40.304 [info] fatal: not a git repository (or any of the parent directories): .git
2026-09-27 15:50:45.647 [info] > git rev-parse --show-toplevel [2ms]
2026-09-27 15:50:45.647 [info] fatal: not a git repository (or any of the parent directories): .git
2026-09-27 15:50:56.759 [info] > git rev-parse --show-toplevel [1ms]
2026-09-27 15:50:56.759 [info] fatal: not a git repository (or any of the parent directories): .git
2026-09-27 15:50:58.318 [info] > git rev-parse --show-toplevel [1ms]
2026-09-27 15:50:58.318 [info] fatal: not a git repository (or any of the parent directories): .git
2026-09-27 15:50:59.571 [info] > git rev-parse --show-toplevel [2ms]
2026-09-27 15:50:59.571 [info] fatal: not a git repository (or any of the parent directories): .git
2026-09-27 15:51:01.125 [info] > git rev-parse --show-toplevel [1ms]
2026-09-27 15:51:01.125 [info] fatal: not a git repository (or any of the parent directories): .git
2026-09-27 15:51:18.381 [info] > git rev-parse --show-toplevel [1ms]
2026-09-27 15:51:18.381 [info] fatal: not a git repository (or any of the parent directories): .git
2026-09-27 16:00:59.957 [info] > git rev-parse --show-toplevel [1ms]
2026-09-27 16:00:59.957 [info] fatal: not a git repository (or any of the parent directories): .git
2026-09-27 16:01:02.591 [info] > git rev-parse --show-toplevel [2ms]
2026-09-27 16:01:02.591 [info] fatal: not a git repository (or any of the parent directories): .git
2026-09-27 16:01:06.506 [info] > git rev-parse --show-toplevel [0ms]
2026-09-27 16:01:06.506 [info] fatal: not a git repository (or any of the parent directories): .git
2026-09-27 16:04:10.313 [info] > git rev-parse --show-toplevel [1ms]
2026-09-27 16:04:10.313 [info] fatal: not a git repository (or any of the parent directories): .git
2026-09-27 16:05:17.635 [info] > git rev-parse --show-toplevel [2ms]
2026-09-27 16:05:17.635 [info] fatal: not a git repository (or any of the parent directories): .git
2026-09-27 16:05:24.778 [info] > git rev-parse --show-toplevel [1ms]
2026-09-27 16:05:24.778 [info] fatal: not a git repository (or any of the parent directories): .git
2026-09-27 16:05:25.247 [info] > git rev-parse --show-toplevel [3ms]
2026-09-27 16:05:25.247 [info] fatal: not a git repository (or any of the parent directories): .git
2026-09-27 16:05:28.356 [info] > git rev-parse --show-toplevel [1ms]
2026-09-27 16:05:28.356 [info] fatal: not a git repository (or any of the parent directories): .git
2026-09-27 16:05:34.377 [info] > git rev-parse --show-toplevel [2ms]
2026-09-27 16:05:34.377 [info] fatal: not a git repository (or any of the parent directories): .git
2026-09-27 16:05:38.708 [info] > git rev-parse --show-toplevel [2ms]
2026-09-27 16:05:38.708 [info] fatal: not a git repository (or any of the parent directories): .git
2026-09-27 16:06:03.212 [info] > git rev-parse --show-toplevel [1ms]
2026-09-27 16:06:03.212 [info] fatal: not a git repository (or any of the parent directories): .git
2026-09-27 16:30:20.761 [info] > git rev-parse --show-toplevel [2ms]
2026-09-27 16:30:20.761 [info] fatal: not a git repository (or any of the parent directories): .git
2026-09-27 16:30:36.114 [info] > git rev-parse --show-toplevel [2ms]
2026-09-27 16:30:36.114 [info] fatal: not a git repository (or any of the parent directories): .git
2026-09-27 16:31:01.252 [info] > git rev-parse --show-toplevel [1ms]
2026-09-27 16:31:01.252 [info] fatal: not a git repository (or any of the parent directories): .git
2026-09-27 16:31:04.316 [info] > git rev-parse --show-toplevel [1ms]
2026-09-27 16:31:04.316 [info] fatal: not a git repository (or any of the parent directories): .git
2026-09-27 16:31:06.077 [info] > git rev-parse --show-toplevel [3ms]
2026-09-27 16:31:06.077 [info] fatal: not a git repository (or any of the parent directories): .git
2026-09-27 16:31:06.995 [info] > git rev-parse --show-toplevel [2ms]
2026-09-27 16:31:06.995 [info] fatal: not a git repository (or any of the parent directories): .git
2026-09-27 16:31:26.307 [info] > git rev-parse --show-toplevel [1ms]
2026-09-27 16:31:26.307 [info] fatal: not a git repository (or any of the parent directories): .git
2026-09-27 16:31:28.379 [info] > git rev-parse --show-toplevel [2ms]
2026-09-27 16:31:28.379 [info] fatal: not a git repository (or any of the parent directories): .git
2026-09-27 16:31:29.101 [info] > git rev-parse --show-toplevel [2ms]
2026-09-27 16:31:29.101 [info] fatal: not a git repository (or any of the parent directories): .git
2026-09-27 16:31:49.832 [info] > git rev-parse --show-toplevel [1ms]
2026-09-27 16:31:49.832 [info] fatal: not a git repository (or any of the parent directories): .git
