2026-09-27 11:46:13.907 [info] Extension host with pid 80996 started
2026-09-27 11:46:13.908 [info] Skipping acquiring lock for /home/radio/.config/Code/User/workspaceStorage/3f5bfb3b27bdd8160207bfa0caedff60.
2026-09-27 11:46:14.126 [info] ExtensionService#_doActivateExtension vscode.github-authentication, startup: false, activationEvent: 'onAuthenticationRequest:github'
2026-09-27 11:46:14.146 [info] ExtensionService#_doActivateExtension vscode.emmet, startup: false, activationEvent: 'onLanguage'
2026-09-27 11:46:14.158 [info] ExtensionService#_doActivateExtension vscode.configuration-editing, startup: false, activationEvent: 'onLanguage:json'
2026-09-27 11:46:14.163 [info] ExtensionService#_doActivateExtension vscode.extension-editing, startup: false, activationEvent: 'onLanguage:json'
2026-09-27 11:46:14.172 [info] ExtensionService#_doActivateExtension vscode.json-language-features, startup: false, activationEvent: 'onLanguage:json'
2026-09-27 11:46:14.226 [info] ExtensionService#_doActivateExtension vscode.npm, startup: false, activationEvent: 'onLanguage:json'
2026-09-27 11:46:14.439 [info] ExtensionService#_doActivateExtension vscode.git-base, startup: true, activationEvent: '*', root cause: vscode.git
2026-09-27 11:46:14.440 [info] ExtensionService#_doActivateExtension mhutchie.git-graph, startup: true, activationEvent: '*'
2026-09-27 11:46:14.470 [info] ExtensionService#_doActivateExtension vscode.git, startup: true, activationEvent: '*'
2026-09-27 11:46:14.504 [info] ExtensionService#_doActivateExtension vscode.github, startup: true, activationEvent: '*'
2026-09-27 11:46:14.565 [info] Eager extensions activated
2026-09-27 11:46:14.584 [info] ExtensionService#_doActivateExtension vscode.debug-auto-launch, startup: false, activationEvent: 'onStartupFinished'
2026-09-27 11:46:14.586 [info] ExtensionService#_doActivateExtension vscode.merge-conflict, startup: false, activationEvent: 'onStartupFinished'
2026-09-27 11:46:14.600 [info] ExtensionService#_doActivateExtension esbenp.prettier-vscode, startup: false, activationEvent: 'onStartupFinished'
2026-09-27 11:46:14.607 [info] ExtensionService#_doActivateExtension PKief.material-icon-theme, startup: false, activationEvent: 'onStartupFinished'
2026-09-27 11:46:14.615 [info] ExtensionService#_doActivateExtension ritwickdey.LiveServer, startup: false, activationEvent: 'onStartupFinished'
2026-09-27 11:46:17.222 [info] Extension host terminating: received terminate message from renderer
2026-09-27 11:46:17.232 [info] Extension host with pid 80996 exiting with code 0
2026-09-27 11:46:18.010 [info] Extension host with pid 81185 started
2026-09-27 11:46:18.010 [info] Skipping acquiring lock for /home/radio/.config/Code/User/workspaceStorage/6b35ea08b5be49477345569ecb5d1042.
2026-09-27 11:46:18.197 [info] ExtensionService#_doActivateExtension vscode.github-authentication, startup: false, activationEvent: 'onAuthenticationRequest:github'
2026-09-27 11:46:18.215 [info] ExtensionService#_doActivateExtension vscode.emmet, startup: false, activationEvent: 'onLanguage'
2026-09-27 11:46:18.224 [info] ExtensionService#_doActivateExtension vscode.configuration-editing, startup: false, activationEvent: 'onLanguage:jsonc'
2026-09-27 11:46:18.229 [info] ExtensionService#_doActivateExtension vscode.json-language-features, startup: false, activationEvent: 'onLanguage:jsonc'
2026-09-27 11:46:18.272 [info] ExtensionService#_doActivateExtension vscode.typescript-language-features, startup: false, activationEvent: 'onLanguage:jsonc'
2026-09-27 11:46:18.479 [info] ExtensionService#_doActivateExtension vscode.git-base, startup: true, activationEvent: '*', root cause: vscode.git
2026-09-27 11:46:18.481 [info] ExtensionService#_doActivateExtension mhutchie.git-graph, startup: true, activationEvent: '*'
2026-09-27 11:46:18.507 [info] ExtensionService#_doActivateExtension vscode.git, startup: true, activationEvent: '*'
2026-09-27 11:46:18.540 [info] ExtensionService#_doActivateExtension vscode.github, startup: true, activationEvent: '*'
2026-09-27 11:46:18.621 [info] Eager extensions activated
2026-09-27 11:46:18.632 [info] ExtensionService#_doActivateExtension vscode.debug-auto-launch, startup: false, activationEvent: 'onStartupFinished'
2026-09-27 11:46:18.634 [info] ExtensionService#_doActivateExtension vscode.merge-conflict, startup: false, activationEvent: 'onStartupFinished'
2026-09-27 11:46:18.646 [info] ExtensionService#_doActivateExtension esbenp.prettier-vscode, startup: false, activationEvent: 'onStartupFinished'
2026-09-27 11:46:18.652 [info] ExtensionService#_doActivateExtension PKief.material-icon-theme, startup: false, activationEvent: 'onStartupFinished'
2026-09-27 11:46:18.659 [info] ExtensionService#_doActivateExtension ritwickdey.LiveServer, startup: false, activationEvent: 'onStartupFinished'
2026-09-27 13:59:27.595 [info] ExtensionService#_doActivateExtension vscode.extension-editing, startup: false, activationEvent: 'onLanguage:json'
2026-09-27 13:59:27.608 [info] ExtensionService#_doActivateExtension vscode.npm, startup: false, activationEvent: 'onLanguage:json'
2026-09-27 14:00:09.101 [info] ExtensionService#_doActivateExtension vscode.css-language-features, startup: false, activationEvent: 'onLanguage:css'
2026-09-27 14:08:40.996 [info] ExtensionService#_doActivateExtension ms-python.python, startup: false, activationEvent: 'onLanguage:python', root cause: ms-python.debugpy
2026-09-27 14:08:41.130 [info] ExtensionService#_doActivateExtension ms-python.vscode-pylance, startup: false, activationEvent: 'onLanguage:python'
2026-09-27 14:08:41.329 [info] ExtensionService#_doActivateExtension ms-python.vscode-python-envs, startup: false, activationEvent: 'onLanguage:python'
2026-09-27 14:08:41.518 [info] ExtensionService#_doActivateExtension ms-python.debugpy, startup: false, activationEvent: 'onLanguage:python'
2026-09-27 14:08:41.745 [info] ExtensionService#_doActivateExtension vscode.terminal-suggest, startup: false, activationEvent: 'onTerminalShellIntegration:*'
2026-09-27 14:08:43.993 [warning] DiagnosticCollection with name 'Pylance' does already exist.
2026-09-27 14:15:13.093 [info] Extension host terminating: received terminate message from renderer
2026-09-27 14:15:13.120 [error] An error occurred when disposing the subscriptions for extension 'ms-python.vscode-python-envs':
2026-09-27 14:15:13.120 [error] Error: Channel has been closed
	at r (file:///usr/share/code/resources/app/out/vs/workbench/api/node/extensionHostProcess.js:171:3935)
	at Object.error (file:///usr/share/code/resources/app/out/vs/workbench/api/node/extensionHostProcess.js:171:4394)
	at Object.dispose (/home/radio/.vscode/extensions/ms-python.vscode-python-envs-1.38.0-linux-x64/dist/extension.js:2:763474)
	at /home/radio/.vscode/extensions/ms-python.vscode-python-envs-1.38.0-linux-x64/dist/extension.js:2:762061
	at Array.forEach (<anonymous>)
	at D.dispose (/home/radio/.vscode/extensions/ms-python.vscode-python-envs-1.38.0-linux-x64/dist/extension.js:2:762048)
	at xn (file:///usr/share/code/resources/app/out/vs/workbench/api/node/extensionHostProcess.js:26:736)
	at U_._fn (file:///usr/share/code/resources/app/out/vs/workbench/api/node/extensionHostProcess.js:168:18537)
	at U_.dispose (file:///usr/share/code/resources/app/out/vs/workbench/api/node/extensionHostProcess.js:26:1248)
	at t_._deactivate (file:///usr/share/code/resources/app/out/vs/workbench/api/node/extensionHostProcess.js:168:14854)
	at file:///usr/share/code/resources/app/out/vs/workbench/api/node/extensionHostProcess.js:168:12156
	at Array.map (<anonymous>)
	at t_._deactivateAll (file:///usr/share/code/resources/app/out/vs/workbench/api/node/extensionHostProcess.js:168:12144)
	at t_.terminate (file:///usr/share/code/resources/app/out/vs/workbench/api/node/extensionHostProcess.js:168:12495)
	at i.terminate (file:///usr/share/code/resources/app/out/vs/workbench/api/node/extensionHostProcess.js:170:1072)
	at ya (file:///usr/share/code/resources/app/out/vs/workbench/api/node/extensionHostProcess.js:473:11797)
	at $p.value (file:///usr/share/code/resources/app/out/vs/workbench/api/node/extensionHostProcess.js:473:9939)
	at T._deliver (file:///usr/share/code/resources/app/out/vs/workbench/api/node/extensionHostProcess.js:28:3617)
	at T.fire (file:///usr/share/code/resources/app/out/vs/workbench/api/node/extensionHostProcess.js:28:3935)
	at ws.fire (file:///usr/share/code/resources/app/out/vs/workbench/api/node/extensionHostProcess.js:30:8627)
	at MessagePortMain.<anonymous> (file:///usr/share/code/resources/app/out/vs/workbench/api/node/extensionHostProcess.js:473:8171)
	at MessagePortMain.emit (node:events:514:28)
	at Object.emit (node:electron/js2c/utility_init:2:2934)
2026-09-27 14:15:13.122 [error] TypeError: Cannot read properties of undefined (reading 'subscriptions')
	at Object.le [as deactivate] (/home/radio/.vscode/extensions/ms-python.vscode-python-envs-1.38.0-linux-x64/dist/extension.js:2:976515)
	at t_._deactivate (file:///usr/share/code/resources/app/out/vs/workbench/api/node/extensionHostProcess.js:168:14629)
	at file:///usr/share/code/resources/app/out/vs/workbench/api/node/extensionHostProcess.js:168:12156
	at Array.map (<anonymous>)
	at t_._deactivateAll (file:///usr/share/code/resources/app/out/vs/workbench/api/node/extensionHostProcess.js:168:12144)
	at t_.terminate (file:///usr/share/code/resources/app/out/vs/workbench/api/node/extensionHostProcess.js:168:12495)
	at i.terminate (file:///usr/share/code/resources/app/out/vs/workbench/api/node/extensionHostProcess.js:170:1072)
	at ya (file:///usr/share/code/resources/app/out/vs/workbench/api/node/extensionHostProcess.js:473:11797)
	at $p.value (file:///usr/share/code/resources/app/out/vs/workbench/api/node/extensionHostProcess.js:473:9939)
	at T._deliver (file:///usr/share/code/resources/app/out/vs/workbench/api/node/extensionHostProcess.js:28:3617)
	at T.fire (file:///usr/share/code/resources/app/out/vs/workbench/api/node/extensionHostProcess.js:28:3935)
	at ws.fire (file:///usr/share/code/resources/app/out/vs/workbench/api/node/extensionHostProcess.js:30:8627)
	at MessagePortMain.<anonymous> (file:///usr/share/code/resources/app/out/vs/workbench/api/node/extensionHostProcess.js:473:8171)
	at MessagePortMain.emit (node:events:514:28)
	at Object.emit (node:electron/js2c/utility_init:2:2934)
2026-09-27 14:15:13.123 [info] Extension host with pid 81185 exiting with code 0
