2026-09-27 14:58:39.313 [info] Getting Manifest... theqtcompany.qt-qml
2026-09-27 14:58:39.384 [info] Installing extension: theqtcompany.qt-qml {"isMachineScoped":false,"profileLocation":{"$mid":1,"external":"vscode-userdata:/home/radio/.vscode/extensions/extensions.json","path":"/home/radio/.vscode/extensions/extensions.json","scheme":"vscode-userdata"},"isBuiltin":false,"isApplicationScoped":false,"productVersion":{"version":"1.139.1","date":"2026-09-25T03:40:57Z"}}
2026-09-27 14:58:40.100 [info] Getting Manifest... theqtcompany.qt-core
2026-09-27 14:58:40.170 [info] Installing extension: theqtcompany.qt-core {"isMachineScoped":false,"profileLocation":{"$mid":1,"external":"vscode-userdata:/home/radio/.vscode/extensions/extensions.json","path":"/home/radio/.vscode/extensions/extensions.json","scheme":"vscode-userdata"},"isBuiltin":false,"isApplicationScoped":false,"productVersion":{"version":"1.139.1","date":"2026-09-25T03:40:57Z"},"pinned":false,"installGivenVersion":false,"context":{"dependecyOrPackExtensionInstall":true}}
2026-09-27 14:58:41.538 [info] Extension signature verification result for theqtcompany.qt-qml: Success. Internal Code: 0. Executed: true. Duration: 472ms.
2026-09-27 14:58:41.556 [info] Extracted extension to file:///home/radio/.vscode/extensions/theqtcompany.qt-qml-1.16.0: theqtcompany.qt-qml
2026-09-27 14:58:41.559 [info] Renamed to /home/radio/.vscode/extensions/theqtcompany.qt-qml-1.16.0
2026-09-27 14:58:45.377 [info] Extension signature verification result for theqtcompany.qt-core: Success. Internal Code: 0. Executed: true. Duration: 492ms.
2026-09-27 14:58:46.119 [info] Extracted extension to file:///home/radio/.vscode/extensions/theqtcompany.qt-core-1.16.0: theqtcompany.qt-core
2026-09-27 14:58:46.125 [info] Renamed to /home/radio/.vscode/extensions/theqtcompany.qt-core-1.16.0
2026-09-27 14:58:46.149 [info] Extension installed successfully: theqtcompany.qt-qml vscode-userdata:/home/radio/.vscode/extensions/extensions.json
2026-09-27 14:58:46.149 [info] Extension installed successfully: theqtcompany.qt-core vscode-userdata:/home/radio/.vscode/extensions/extensions.json
2026-09-27 15:04:13.686 [info] Getting Manifest... theqtcompany.qt
2026-09-27 15:04:13.743 [info] Installing extension: theqtcompany.qt {"isMachineScoped":false,"installPreReleaseVersion":false,"pinned":false,"profileLocation":{"$mid":1,"external":"vscode-userdata:/home/radio/.vscode/extensions/extensions.json","path":"/home/radio/.vscode/extensions/extensions.json","scheme":"vscode-userdata"},"isBuiltin":false,"isApplicationScoped":false,"productVersion":{"version":"1.139.1","date":"2026-09-25T03:40:57Z"}}
2026-09-27 15:04:14.387 [info] Getting Manifest... theqtcompany.qt-core
2026-09-27 15:04:14.424 [info] Getting Manifest... theqtcompany.qt-qml
2026-09-27 15:04:14.463 [info] Getting Manifest... theqtcompany.qt-cpp
2026-09-27 15:04:15.139 [info] Getting Manifest... ms-vscode.cmake-tools
2026-09-27 15:04:15.831 [info] Getting Manifest... ms-vscode.cpp-devtools
2026-09-27 15:04:15.843 [info] Getting Manifest... theqtcompany.qt-ui
2026-09-27 15:04:15.941 [info] Getting Manifest... theqtcompany.qt-python
2026-09-27 15:04:16.026 [info] Installing extension: theqtcompany.qt-cpp {"isMachineScoped":false,"installPreReleaseVersion":false,"pinned":false,"profileLocation":{"$mid":1,"external":"vscode-userdata:/home/radio/.vscode/extensions/extensions.json","path":"/home/radio/.vscode/extensions/extensions.json","scheme":"vscode-userdata"},"isBuiltin":false,"isApplicationScoped":false,"productVersion":{"version":"1.139.1","date":"2026-09-25T03:40:57Z"},"installGivenVersion":false,"context":{"dependecyOrPackExtensionInstall":true}}
2026-09-27 15:04:16.026 [info] Installing extension: ms-vscode.cmake-tools {"isMachineScoped":false,"installPreReleaseVersion":false,"pinned":false,"profileLocation":{"$mid":1,"external":"vscode-userdata:/home/radio/.vscode/extensions/extensions.json","path":"/home/radio/.vscode/extensions/extensions.json","scheme":"vscode-userdata"},"isBuiltin":false,"isApplicationScoped":false,"productVersion":{"version":"1.139.1","date":"2026-09-25T03:40:57Z"},"installGivenVersion":false,"context":{"dependecyOrPackExtensionInstall":true}}
2026-09-27 15:04:16.026 [info] Installing extension: ms-vscode.cpp-devtools {"isMachineScoped":false,"installPreReleaseVersion":false,"pinned":false,"profileLocation":{"$mid":1,"external":"vscode-userdata:/home/radio/.vscode/extensions/extensions.json","path":"/home/radio/.vscode/extensions/extensions.json","scheme":"vscode-userdata"},"isBuiltin":false,"isApplicationScoped":false,"productVersion":{"version":"1.139.1","date":"2026-09-25T03:40:57Z"},"installGivenVersion":false,"context":{"dependecyOrPackExtensionInstall":true}}
2026-09-27 15:04:16.026 [info] Installing extension: theqtcompany.qt-ui {"isMachineScoped":false,"installPreReleaseVersion":false,"pinned":false,"profileLocation":{"$mid":1,"external":"vscode-userdata:/home/radio/.vscode/extensions/extensions.json","path":"/home/radio/.vscode/extensions/extensions.json","scheme":"vscode-userdata"},"isBuiltin":false,"isApplicationScoped":false,"productVersion":{"version":"1.139.1","date":"2026-09-25T03:40:57Z"},"installGivenVersion":false,"context":{"dependecyOrPackExtensionInstall":true}}
2026-09-27 15:04:16.026 [info] Installing extension: theqtcompany.qt-python {"isMachineScoped":false,"installPreReleaseVersion":false,"pinned":false,"profileLocation":{"$mid":1,"external":"vscode-userdata:/home/radio/.vscode/extensions/extensions.json","path":"/home/radio/.vscode/extensions/extensions.json","scheme":"vscode-userdata"},"isBuiltin":false,"isApplicationScoped":false,"productVersion":{"version":"1.139.1","date":"2026-09-25T03:40:57Z"},"installGivenVersion":false,"context":{"dependecyOrPackExtensionInstall":true}}
2026-09-27 15:04:17.273 [info] Extension signature verification result for theqtcompany.qt-ui: Success. Internal Code: 0. Executed: true. Duration: 448ms.
2026-09-27 15:04:17.289 [info] Extension signature verification result for ms-vscode.cpp-devtools: Success. Internal Code: 0. Executed: true. Duration: 566ms.
2026-09-27 15:04:17.305 [info] Extracted extension to file:///home/radio/.vscode/extensions/theqtcompany.qt-ui-1.16.0: theqtcompany.qt-ui
2026-09-27 15:04:17.309 [info] Extension signature verification result for theqtcompany.qt: Success. Internal Code: 0. Executed: true. Duration: 528ms.
2026-09-27 15:04:17.313 [info] Renamed to /home/radio/.vscode/extensions/theqtcompany.qt-ui-1.16.0
2026-09-27 15:04:17.332 [info] Extracted extension to file:///home/radio/.vscode/extensions/theqtcompany.qt-1.4.0: theqtcompany.qt
2026-09-27 15:04:17.336 [info] Renamed to /home/radio/.vscode/extensions/theqtcompany.qt-1.4.0
2026-09-27 15:04:17.418 [info] Extension signature verification result for theqtcompany.qt-python: Success. Internal Code: 0. Executed: true. Duration: 488ms.
2026-09-27 15:04:17.427 [info] Extension signature verification result for theqtcompany.qt-cpp: Success. Internal Code: 0. Executed: true. Duration: 536ms.
2026-09-27 15:04:17.428 [info] Extracted extension to file:///home/radio/.vscode/extensions/ms-vscode.cpp-devtools-0.6.18: ms-vscode.cpp-devtools
2026-09-27 15:04:17.436 [info] Renamed to /home/radio/.vscode/extensions/ms-vscode.cpp-devtools-0.6.18
2026-09-27 15:04:17.441 [info] Extracted extension to file:///home/radio/.vscode/extensions/theqtcompany.qt-python-1.16.0: theqtcompany.qt-python
2026-09-27 15:04:17.448 [info] Renamed to /home/radio/.vscode/extensions/theqtcompany.qt-python-1.16.0
2026-09-27 15:04:17.461 [info] Extracted extension to file:///home/radio/.vscode/extensions/theqtcompany.qt-cpp-1.16.0: theqtcompany.qt-cpp
2026-09-27 15:04:17.463 [info] Renamed to /home/radio/.vscode/extensions/theqtcompany.qt-cpp-1.16.0
2026-09-27 15:04:18.030 [info] Extension signature verification result for ms-vscode.cmake-tools: Success. Internal Code: 0. Executed: true. Duration: 456ms.
2026-09-27 15:04:18.221 [info] Extracted extension to file:///home/radio/.vscode/extensions/ms-vscode.cmake-tools-1.24.42: ms-vscode.cmake-tools
2026-09-27 15:04:18.232 [info] Renamed to /home/radio/.vscode/extensions/ms-vscode.cmake-tools-1.24.42
2026-09-27 15:04:18.251 [info] Extension installed successfully: theqtcompany.qt-ui vscode-userdata:/home/radio/.vscode/extensions/extensions.json
2026-09-27 15:04:18.251 [info] Extension installed successfully: theqtcompany.qt vscode-userdata:/home/radio/.vscode/extensions/extensions.json
2026-09-27 15:04:18.251 [info] Extension installed successfully: ms-vscode.cpp-devtools vscode-userdata:/home/radio/.vscode/extensions/extensions.json
2026-09-27 15:04:18.252 [info] Extension installed successfully: theqtcompany.qt-python vscode-userdata:/home/radio/.vscode/extensions/extensions.json
2026-09-27 15:04:18.252 [info] Extension installed successfully: theqtcompany.qt-cpp vscode-userdata:/home/radio/.vscode/extensions/extensions.json
2026-09-27 15:04:18.252 [info] Extension installed successfully: ms-vscode.cmake-tools vscode-userdata:/home/radio/.vscode/extensions/extensions.json
