2026-09-30 05:05:39.998 [info] [main] Log level: Info
2026-09-30 05:05:39.998 [info] [main] Validating found git in: "git"
2026-09-30 05:05:39.998 [info] [main] Using git "2.55.0" from "git"
2026-09-30 05:05:39.998 [info] [Model][doInitialScan] Initial repository scan started
2026-09-30 05:05:39.998 [info] > git rev-parse --show-toplevel [7ms]
2026-09-30 05:05:39.998 [info] fatal: not a git repository (or any of the parent directories): .git
2026-09-30 05:05:39.998 [info] [Model][doInitialScan] Initial repository scan completed - repositories (0), closed repositories (0), parent repositories (0), unsafe repositories (0)
2026-09-30 05:05:45.230 [info] > git rev-parse --show-toplevel [2ms]
2026-09-30 05:05:45.230 [info] fatal: not a git repository (or any of the parent directories): .git
2026-09-30 05:05:55.856 [info] > git rev-parse --show-toplevel [0ms]
2026-09-30 05:05:55.856 [info] fatal: not a git repository (or any of the parent directories): .git
2026-09-30 05:06:05.863 [info] > git rev-parse --show-toplevel [1ms]
2026-09-30 05:06:05.863 [info] fatal: not a git repository (or any of the parent directories): .git
2026-09-30 05:06:29.211 [info] > git rev-parse --show-toplevel [1ms]
2026-09-30 05:06:29.211 [info] fatal: not a git repository (or any of the parent directories): .git
2026-09-30 05:06:38.629 [info] > git rev-parse --show-toplevel [2ms]
2026-09-30 05:06:38.629 [info] fatal: not a git repository (or any of the parent directories): .git
2026-09-30 05:07:12.209 [info] > git rev-parse --show-toplevel [1ms]
2026-09-30 05:07:12.209 [info] fatal: not a git repository (or any of the parent directories): .git
2026-09-30 05:07:13.846 [info] > git rev-parse --show-toplevel [1ms]
2026-09-30 05:07:13.846 [info] fatal: not a git repository (or any of the parent directories): .git
2026-09-30 05:07:35.914 [info] > git rev-parse --show-toplevel [1ms]
2026-09-30 05:07:35.914 [info] fatal: not a git repository (or any of the parent directories): .git
2026-09-30 05:07:39.879 [info] > git rev-parse --show-toplevel [2ms]
2026-09-30 05:07:39.879 [info] fatal: not a git repository (or any of the parent directories): .git
2026-09-30 05:08:22.281 [info] > git rev-parse --show-toplevel [1ms]
2026-09-30 05:08:22.281 [info] fatal: not a git repository (or any of the parent directories): .git
