 INFO registered request handler method="initialize"
 INFO registered request handler method="textDocument/foldingRange"
 INFO registered request handler method="textDocument/documentSymbol"
 INFO registered request handler method="textDocument/formatting"
 INFO registered request handler method="textDocument/completion"
 INFO registered request handler method="textDocument/hover"
 INFO registered request handler method="textDocument/documentLink"
 INFO registered request handler method="textDocument/semanticTokens/full"
 INFO registered request handler method="textDocument/prepareRename"
 INFO registered request handler method="textDocument/rename"
 INFO registered notification handler method="initialized"
 INFO registered notification handler method="textDocument/didOpen"
 INFO registered notification handler method="textDocument/didChange"
 INFO registered notification handler method="textDocument/didSave"
 INFO registered notification handler method="textDocument/didClose"
 INFO registered notification handler method="workspace/didChangeConfiguration"
 INFO registered notification handler method="workspace/didChangeWorkspaceFolders"
 INFO registered request handler method="taplo/convertToJson"
 INFO registered request handler method="taplo/convertToToml"
 INFO registered request handler method="taplo/listSchemas"
 INFO registered request handler method="taplo/associatedSchema"
 INFO registered notification handler method="taplo/associateSchema"
 WARN update_configuration:initialize: failed to fetch catalog error=error decoding response body: data did not match any variant of untagged enum SchemaCatalog

Caused by:
    data did not match any variant of untagged enum SchemaCatalog self.root=root:///
ERROR update_configuration:initialize: failed to add schemas from catalog error=error decoding response body: data did not match any variant of untagged enum SchemaCatalog self.root=root:///
 WARN document_open: using detached workspace document_url=file:///home/radio/.config/starship.toml
 WARN links: using detached workspace document_url=file:///home/radio/.config/starship.toml
 WARN links: using detached workspace document_url=file:///home/radio/.config/starship.toml
 WARN folding_ranges: using detached workspace document_url=file:///home/radio/.config/starship.toml
 WARN document_symbols: using detached workspace document_url=file:///home/radio/.config/starship.toml
 WARN semantic_tokens: using detached workspace document_url=file:///home/radio/.config/starship.toml
 WARN no notification handler registered method=$/setTrace
 WARN links: using detached workspace document_url=file:///home/radio/.config/starship.toml
 WARN document_symbols: using detached workspace document_url=file:///home/radio/.config/starship.toml
 WARN document_close: using detached workspace document_url=file:///home/radio/.config/starship.toml
