2026-09-27 15:10:08.253 [info] [main] Log level: Info
2026-09-27 15:10:08.253 [info] [main] Validating found git in: "git"
2026-09-27 15:10:08.253 [info] [main] Using git "2.55.0" from "git"
2026-09-27 15:10:08.253 [info] [Model][doInitialScan] Initial repository scan started
2026-09-27 15:10:08.253 [info] > git rev-parse --show-toplevel [16ms]
2026-09-27 15:10:08.253 [info] fatal: not a git repository (or any of the parent directories): .git
2026-09-27 15:10:08.253 [info] [Model][doInitialScan] Initial repository scan completed - repositories (0), closed repositories (0), parent repositories (0), unsafe repositories (0)
2026-09-27 15:10:08.363 [info] > git rev-parse --show-toplevel [10ms]
2026-09-27 15:10:08.363 [info] fatal: not a git repository (or any of the parent directories): .git
2026-09-27 15:10:09.438 [info] > git rev-parse --show-toplevel [1ms]
2026-09-27 15:10:09.439 [info] fatal: not a git repository (or any of the parent directories): .git
2026-09-27 15:23:24.262 [info] > git rev-parse --show-toplevel [36ms]
2026-09-27 15:23:24.262 [info] fatal: not a git repository (or any of the parent directories): .git
2026-09-27 15:23:25.589 [info] > git rev-parse --show-toplevel [2ms]
2026-09-27 15:23:25.589 [info] fatal: not a git repository (or any of the parent directories): .git
2026-09-27 15:23:48.001 [info] [main] Log level: Info
2026-09-27 15:23:48.001 [info] [main] Validating found git in: "git"
2026-09-27 15:23:48.001 [info] [main] Using git "2.55.0" from "git"
2026-09-27 15:23:48.001 [info] [Model][doInitialScan] Initial repository scan started
2026-09-27 15:23:48.001 [info] > git rev-parse --show-toplevel [1ms]
2026-09-27 15:23:48.001 [info] fatal: not a git repository (or any of the parent directories): .git
2026-09-27 15:23:48.001 [info] > git rev-parse --show-toplevel [1ms]
2026-09-27 15:23:48.001 [info] fatal: not a git repository (or any of the parent directories): .git
2026-09-27 15:23:48.001 [info] > git rev-parse --show-toplevel [5ms]
2026-09-27 15:23:48.001 [info] fatal: not a git repository (or any of the parent directories): .git
2026-09-27 15:23:48.001 [info] > git rev-parse --show-toplevel [0ms]
2026-09-27 15:23:48.001 [info] fatal: not a git repository (or any of the parent directories): .git
2026-09-27 15:23:48.001 [info] [Model][doInitialScan] Initial repository scan completed - repositories (0), closed repositories (0), parent repositories (0), unsafe repositories (0)
2026-09-27 15:23:48.001 [info] > git rev-parse --show-toplevel [1ms]
2026-09-27 15:23:48.001 [info] fatal: not a git repository (or any of the parent directories): .git
2026-09-27 15:23:48.101 [info] > git rev-parse --show-toplevel [1ms]
2026-09-27 15:23:48.101 [info] fatal: not a git repository (or any of the parent directories): .git
2026-09-27 15:23:48.144 [info] > git rev-parse --show-toplevel [0ms]
2026-09-27 15:23:48.144 [info] fatal: not a git repository (or any of the parent directories): .git
2026-09-27 15:23:48.199 [info] > git rev-parse --show-toplevel [1ms]
2026-09-27 15:23:48.199 [info] fatal: not a git repository (or any of the parent directories): .git
