[2026-10-01 17:17:58.289] Starting Git Graph ...
[2026-10-01 17:17:58.403] Using git (version: 2.55.0)
[2026-10-01 17:17:58.408] Started Git Graph - Ready to use!
[2026-10-01 17:17:58.409] Searching workspace for new repos ...
[2026-10-01 17:17:58.413] > git rev-parse --show-toplevel
[2026-10-01 17:17:58.441] Successfully set Visual Studio Code Context "git-graph:codiconsSupported" to "true"
[2026-10-01 17:17:58.447] Completed searching workspace for new repos
[2026-10-01 17:18:37.699] > git rev-parse --show-toplevel
[2026-10-01 17:18:41.413] > git rev-parse --show-toplevel
[2026-10-01 17:18:41.420] > git rev-parse --show-toplevel
[2026-10-01 17:19:22.265] > git rev-parse --show-toplevel
[2026-10-01 17:19:36.339] > git rev-parse --show-toplevel
[2026-10-01 17:19:36.344] > git rev-parse --show-toplevel
[2026-10-01 17:19:36.350] > git rev-parse --show-toplevel
[2026-10-01 17:19:36.356] > git rev-parse --show-toplevel
[2026-10-01 17:19:36.361] > git rev-parse --show-toplevel
[2026-10-01 17:19:36.366] > git rev-parse --show-toplevel
[2026-10-01 17:19:36.372] > git rev-parse --show-toplevel
[2026-10-01 17:19:36.377] > git rev-parse --show-toplevel
[2026-10-01 17:20:00.992] > git rev-parse --show-toplevel
