2026-10-01 17:17:46.147 [info] [main] Log level: Info
2026-10-01 17:17:46.147 [info] [main] Validating found git in: "git"
2026-10-01 17:17:46.147 [info] [main] Using git "2.55.0" from "git"
2026-10-01 17:17:46.147 [info] [Model][doInitialScan] Initial repository scan started
2026-10-01 17:17:46.147 [info] [Model][doInitialScan] Initial repository scan completed - repositories (0), closed repositories (0), parent repositories (0), unsafe repositories (0)
2026-10-01 17:17:58.467 [info] [main] Log level: Info
2026-10-01 17:17:58.467 [info] [main] Validating found git in: "git"
2026-10-01 17:17:58.467 [info] [main] Using git "2.55.0" from "git"
2026-10-01 17:17:58.467 [info] [Model][doInitialScan] Initial repository scan started
2026-10-01 17:17:58.467 [info] > git rev-parse --show-toplevel [2ms]
2026-10-01 17:17:58.467 [info] fatal: not a git repository (or any of the parent directories): .git
2026-10-01 17:17:58.471 [info] > git rev-parse --show-toplevel [1ms]
2026-10-01 17:17:58.471 [info] fatal: not a git repository (or any of the parent directories): .git
2026-10-01 17:17:58.475 [info] > git rev-parse --show-toplevel [1ms]
2026-10-01 17:17:58.475 [info] fatal: not a git repository (or any of the parent directories): .git
2026-10-01 17:17:58.478 [info] > git rev-parse --show-toplevel [0ms]
2026-10-01 17:17:58.479 [info] fatal: not a git repository (or any of the parent directories): .git
2026-10-01 17:17:58.481 [info] > git rev-parse --show-toplevel [0ms]
2026-10-01 17:17:58.481 [info] fatal: not a git repository (or any of the parent directories): .git
2026-10-01 17:17:58.490 [info] > git rev-parse --show-toplevel [2ms]
2026-10-01 17:17:58.490 [info] fatal: not a git repository (or any of the parent directories): .git
2026-10-01 17:17:58.494 [info] > git rev-parse --show-toplevel [1ms]
2026-10-01 17:17:58.494 [info] fatal: not a git repository (or any of the parent directories): .git
2026-10-01 17:17:58.498 [info] > git rev-parse --show-toplevel [1ms]
2026-10-01 17:17:58.498 [info] fatal: not a git repository (or any of the parent directories): .git
2026-10-01 17:17:58.575 [info] > git rev-parse --show-toplevel [75ms]
2026-10-01 17:17:58.575 [info] fatal: not a git repository (or any of the parent directories): .git
2026-10-01 17:17:58.577 [info] [Model][doInitialScan] Initial repository scan completed - repositories (0), closed repositories (0), parent repositories (0), unsafe repositories (0)
2026-10-01 17:17:58.587 [info] > git rev-parse --show-toplevel [1ms]
2026-10-01 17:17:58.587 [info] fatal: not a git repository (or any of the parent directories): .git
2026-10-01 17:17:58.590 [info] > git rev-parse --show-toplevel [0ms]
2026-10-01 17:17:58.590 [info] fatal: not a git repository (or any of the parent directories): .git
2026-10-01 17:17:58.594 [info] > git rev-parse --show-toplevel [1ms]
2026-10-01 17:17:58.594 [info] fatal: not a git repository (or any of the parent directories): .git
2026-10-01 17:17:58.621 [info] > git rev-parse --show-toplevel [1ms]
2026-10-01 17:17:58.621 [info] fatal: not a git repository (or any of the parent directories): .git
2026-10-01 17:18:00.294 [info] > git rev-parse --show-toplevel [2ms]
2026-10-01 17:18:00.294 [info] fatal: not a git repository (or any of the parent directories): .git
2026-10-01 17:18:01.630 [info] > git rev-parse --show-toplevel [1ms]
2026-10-01 17:18:01.630 [info] fatal: not a git repository (or any of the parent directories): .git
2026-10-01 17:18:08.426 [info] > git rev-parse --show-toplevel [1ms]
2026-10-01 17:18:08.426 [info] fatal: not a git repository (or any of the parent directories): .git
2026-10-01 17:18:19.027 [info] > git rev-parse --show-toplevel [1ms]
2026-10-01 17:18:19.027 [info] fatal: not a git repository (or any of the parent directories): .git
2026-10-01 17:18:27.277 [info] > git rev-parse --show-toplevel [1ms]
2026-10-01 17:18:27.277 [info] fatal: not a git repository (or any of the parent directories): .git
2026-10-01 17:19:05.483 [info] > git rev-parse --show-toplevel [1ms]
2026-10-01 17:19:05.484 [info] fatal: not a git repository (or any of the parent directories): .git
2026-10-01 17:19:06.855 [info] > git rev-parse --show-toplevel [1ms]
2026-10-01 17:19:06.855 [info] fatal: not a git repository (or any of the parent directories): .git
2026-10-01 17:19:08.441 [info] > git rev-parse --show-toplevel [1ms]
2026-10-01 17:19:08.441 [info] fatal: not a git repository (or any of the parent directories): .git
2026-10-01 17:19:20.926 [info] > git rev-parse --show-toplevel [1ms]
2026-10-01 17:19:20.926 [info] fatal: not a git repository (or any of the parent directories): .git
