2026-10-01 17:17:45.869 [info] Extension host with pid 2783 started
2026-10-01 17:17:45.928 [info] ExtensionService#_doActivateExtension vscode.github-authentication, startup: false, activationEvent: 'onAuthenticationRequest:github'
2026-10-01 17:17:45.951 [info] ExtensionService#_doActivateExtension vscode.emmet, startup: false, activationEvent: 'onLanguage'
2026-10-01 17:17:45.995 [info] ExtensionService#_doActivateExtension vscode.git-base, startup: true, activationEvent: '*', root cause: vscode.git
2026-10-01 17:17:45.997 [info] ExtensionService#_doActivateExtension mhutchie.git-graph, startup: true, activationEvent: '*'
2026-10-01 17:17:46.066 [info] ExtensionService#_doActivateExtension vscode.git, startup: true, activationEvent: '*'
2026-10-01 17:17:46.097 [info] ExtensionService#_doActivateExtension vscode.github, startup: true, activationEvent: '*'
2026-10-01 17:17:46.143 [info] Eager extensions activated
2026-10-01 17:17:46.148 [info] ExtensionService#_doActivateExtension vscode.debug-auto-launch, startup: false, activationEvent: 'onStartupFinished'
2026-10-01 17:17:46.152 [info] ExtensionService#_doActivateExtension vscode.merge-conflict, startup: false, activationEvent: 'onStartupFinished'
2026-10-01 17:17:46.163 [info] ExtensionService#_doActivateExtension esbenp.prettier-vscode, startup: false, activationEvent: 'onStartupFinished'
2026-10-01 17:17:46.170 [info] ExtensionService#_doActivateExtension PKief.material-icon-theme, startup: false, activationEvent: 'onStartupFinished'
2026-10-01 17:17:46.178 [info] ExtensionService#_doActivateExtension ritwickdey.LiveServer, startup: false, activationEvent: 'onStartupFinished'
2026-10-01 17:17:50.456 [info] Extension host terminating: received terminate message from renderer
2026-10-01 17:17:50.470 [info] Extension host with pid 2783 exiting with code 0
2026-10-01 17:17:51.153 [info] Extension host with pid 4987 started
2026-10-01 17:17:51.153 [info] Skipping acquiring lock for /home/radio/.config/Code/User/workspaceStorage/558cb550cc9cb496fdca5b25e8419c13.
2026-10-01 17:17:51.212 [info] ExtensionService#_doActivateExtension vscode.github-authentication, startup: false, activationEvent: 'onAuthenticationRequest:github'
2026-10-01 17:17:51.233 [info] ExtensionService#_doActivateExtension vscode.emmet, startup: false, activationEvent: 'onLanguage'
2026-10-01 17:17:51.283 [info] ExtensionService#_doActivateExtension vscode.git-base, startup: true, activationEvent: '*'
2026-10-01 17:17:51.288 [info] ExtensionService#_doActivateExtension vscode.github, startup: true, activationEvent: '*'
2026-10-01 17:17:51.309 [info] Eager extensions activated
2026-10-01 17:17:51.310 [info] ExtensionService#_doActivateExtension vscode.debug-auto-launch, startup: false, activationEvent: 'onStartupFinished'
2026-10-01 17:17:51.311 [info] ExtensionService#_doActivateExtension vscode.merge-conflict, startup: false, activationEvent: 'onStartupFinished'
2026-10-01 17:17:57.407 [info] Extension host terminating: received terminate message from renderer
2026-10-01 17:17:57.421 [info] Extension host with pid 4987 exiting with code 0
2026-10-01 17:17:58.112 [info] Extension host with pid 7027 started
2026-10-01 17:17:58.112 [info] Skipping acquiring lock for /home/radio/.config/Code/User/workspaceStorage/e0685df4962b20797b629574ff3a4808.
2026-10-01 17:17:58.211 [info] ExtensionService#_doActivateExtension vscode.github-authentication, startup: false, activationEvent: 'onAuthenticationRequest:github'
2026-10-01 17:17:58.232 [info] ExtensionService#_doActivateExtension vscode.emmet, startup: false, activationEvent: 'onLanguage'
2026-10-01 17:17:58.278 [info] ExtensionService#_doActivateExtension vscode.git-base, startup: true, activationEvent: '*', root cause: vscode.git
2026-10-01 17:17:58.280 [info] ExtensionService#_doActivateExtension mhutchie.git-graph, startup: true, activationEvent: '*'
2026-10-01 17:17:58.352 [info] ExtensionService#_doActivateExtension vscode.git, startup: true, activationEvent: '*'
2026-10-01 17:17:58.384 [info] ExtensionService#_doActivateExtension vscode.github, startup: true, activationEvent: '*'
2026-10-01 17:17:58.459 [info] Eager extensions activated
2026-10-01 17:17:58.501 [info] ExtensionService#_doActivateExtension vscode.debug-auto-launch, startup: false, activationEvent: 'onStartupFinished'
2026-10-01 17:17:58.502 [info] ExtensionService#_doActivateExtension vscode.merge-conflict, startup: false, activationEvent: 'onStartupFinished'
2026-10-01 17:17:58.514 [info] ExtensionService#_doActivateExtension esbenp.prettier-vscode, startup: false, activationEvent: 'onStartupFinished'
2026-10-01 17:17:58.520 [info] ExtensionService#_doActivateExtension PKief.material-icon-theme, startup: false, activationEvent: 'onStartupFinished'
2026-10-01 17:17:58.529 [info] ExtensionService#_doActivateExtension ritwickdey.LiveServer, startup: false, activationEvent: 'onStartupFinished'
2026-10-01 17:18:19.060 [info] ExtensionService#_doActivateExtension yinfei.luahelper, startup: false, activationEvent: 'onLanguage:lua'
2026-10-01 17:19:20.942 [info] ExtensionService#_doActivateExtension vscode.configuration-editing, startup: false, activationEvent: 'onLanguage:jsonc'
2026-10-01 17:19:20.947 [info] ExtensionService#_doActivateExtension vscode.json-language-features, startup: false, activationEvent: 'onLanguage:jsonc'
2026-10-01 17:19:21.013 [info] ExtensionService#_doActivateExtension vscode.typescript-language-features, startup: false, activationEvent: 'onLanguage:jsonc'
2026-10-01 17:20:07.186 [info] Extension host terminating: received terminate message from renderer
2026-10-01 17:20:07.207 [info] Extension host with pid 7027 exiting with code 0
