["INFO" - 15:00:19] Extension Name: esbenp.prettier-vscode.
["INFO" - 15:00:19] Extension Version: 12.4.0.
["INFO" - 15:03:12] EditorConfig support is enabled, checking for .editorconfig files
["INFO" - 15:03:12] No local configuration (i.e. .prettierrc or .editorconfig) detected, will fall back to VS Code configuration
["INFO" - 15:03:43] EditorConfig support is enabled, checking for .editorconfig files
["INFO" - 15:03:43] No local configuration (i.e. .prettierrc or .editorconfig) detected, will fall back to VS Code configuration
["INFO" - 15:03:45] EditorConfig support is enabled, checking for .editorconfig files
["INFO" - 15:03:45] No local configuration (i.e. .prettierrc or .editorconfig) detected, will fall back to VS Code configuration
["INFO" - 15:03:51] EditorConfig support is enabled, checking for .editorconfig files
["INFO" - 15:03:51] No local configuration (i.e. .prettierrc or .editorconfig) detected, will fall back to VS Code configuration
["INFO" - 15:04:27] EditorConfig support is enabled, checking for .editorconfig files
["INFO" - 15:04:27] No local configuration (i.e. .prettierrc or .editorconfig) detected, will fall back to VS Code configuration
["INFO" - 15:04:35] Forced formatting will not use ignore files.
["INFO" - 15:04:35] Formatting file:///home/radio/.config/quickshell/shell.qml
["INFO" - 15:04:35] EditorConfig support is enabled, checking for .editorconfig files
["INFO" - 15:04:35] No local configuration (i.e. .prettierrc or .editorconfig) detected, will fall back to VS Code configuration
["INFO" - 15:04:35] PrettierInstance:
{
  "__debug": {
    "mockable": {
      "mocked": {},
      "implementations": {}
    }
  },
  "__internal": {
    "errors": {},
    "optionCategories": {
      "CATEGORY_CONFIG": "Config",
      "CATEGORY_EDITOR": "Editor",
      "CATEGORY_FORMAT": "Format",
      "CATEGORY_GLOBAL": "Global",
      "CATEGORY_OTHER": "Other",
      "CATEGORY_OUTPUT": "Output",
      "CATEGORY_SPECIAL": "Special"
    },
    "formatOptionsHiddenDefaults": {
      "astFormat": "estree",
      "printer": {},
      "locStart": null,
      "locEnd": null,
      "getVisitorKeys": null
    },
    "vnopts": {
      "apiDescriptor": {}
    },
    "picocolors": {
      "isColorSupported": false
    },
    "utilities": {}
  },
  "doc": {
    "builders": {
      "line": {
        "type": "line"
      },
      "softline": {
        "type": "line",
        "soft": true
      },
      "hardline": [
        {
          "type": "line",
          "hard": true
        },
        {
          "type": "break-parent"
        }
      ],
      "literalline": [
        {
          "type": "line",
          "hard": true,
          "literal": true
        },
        {
          "type": "break-parent"
        }
      ],
      "lineSuffixBoundary": {
        "type": "line-suffix-boundary"
      },
      "cursor": {
        "type": "cursor"
      },
      "breakParent": {
        "type": "break-parent"
      },
      "trim": {
        "type": "trim"
      },
      "hardlineWithoutBreakParent": {
        "type": "line",
        "hard": true
      },
      "literallineWithoutBreakParent": {
        "type": "line",
        "hard": true,
        "literal": true
      }
    },
    "default": {
      "builders": {
        "line": {
          "type": "line"
        },
        "softline": {
          "type": "line",
          "soft": true
        },
        "hardline": [
          {
            "type": "line",
            "hard": true
          },
          {
            "type": "break-parent"
          }
        ],
        "literalline": [
          {
            "type": "line",
            "hard": true,
            "literal": true
          },
          {
            "type": "break-parent"
          }
        ],
        "lineSuffixBoundary": {
          "type": "line-suffix-boundary"
        },
        "cursor": {
          "type": "cursor"
        },
        "breakParent": {
          "type": "break-parent"
        },
        "trim": {
          "type": "trim"
        },
        "hardlineWithoutBreakParent": {
          "type": "line",
          "hard": true
        },
        "literallineWithoutBreakParent": {
          "type": "line",
          "hard": true,
          "literal": true
        }
      },
      "printer": {},
      "utils": {}
    },
    "printer": {},
    "utils": {}
  },
  "util": {},
  "version": "3.7.4"
}
["WARN" - 15:04:35] Unable to resolve ignore path: .prettierignore for /home/radio/.config/quickshell/shell.qml
["INFO" - 15:04:35] Resolved plugins:
[]
["INFO" - 15:04:35] File Info:
{
  "ignored": false,
  "inferredParser": null
}
["WARN" - 15:04:35] Parser not inferred, trying VS Code language.
["ERROR" - 15:04:35] Failed to resolve a parser, skipping file. If you registered a custom file extension, be sure to configure the parser.
["INFO" - 15:04:35] Document is already formatted.
["INFO" - 15:04:37] Forced formatting will not use ignore files.
["INFO" - 15:04:37] Formatting file:///home/radio/.config/quickshell/shell.qml
["INFO" - 15:04:37] EditorConfig support is enabled, checking for .editorconfig files
["INFO" - 15:04:37] No local configuration (i.e. .prettierrc or .editorconfig) detected, will fall back to VS Code configuration
["INFO" - 15:04:37] PrettierInstance:
{
  "__debug": {
    "mockable": {
      "mocked": {},
      "implementations": {}
    }
  },
  "__internal": {
    "errors": {},
    "optionCategories": {
      "CATEGORY_CONFIG": "Config",
      "CATEGORY_EDITOR": "Editor",
      "CATEGORY_FORMAT": "Format",
      "CATEGORY_GLOBAL": "Global",
      "CATEGORY_OTHER": "Other",
      "CATEGORY_OUTPUT": "Output",
      "CATEGORY_SPECIAL": "Special"
    },
    "formatOptionsHiddenDefaults": {
      "astFormat": "estree",
      "printer": {},
      "locStart": null,
      "locEnd": null,
      "getVisitorKeys": null
    },
    "vnopts": {
      "apiDescriptor": {}
    },
    "picocolors": {
      "isColorSupported": false
    },
    "utilities": {}
  },
  "doc": {
    "builders": {
      "line": {
        "type": "line"
      },
      "softline": {
        "type": "line",
        "soft": true
      },
      "hardline": [
        {
          "type": "line",
          "hard": true
        },
        {
          "type": "break-parent"
        }
      ],
      "literalline": [
        {
          "type": "line",
          "hard": true,
          "literal": true
        },
        {
          "type": "break-parent"
        }
      ],
      "lineSuffixBoundary": {
        "type": "line-suffix-boundary"
      },
      "cursor": {
        "type": "cursor"
      },
      "breakParent": {
        "type": "break-parent"
      },
      "trim": {
        "type": "trim"
      },
      "hardlineWithoutBreakParent": {
        "type": "line",
        "hard": true
      },
      "literallineWithoutBreakParent": {
        "type": "line",
        "hard": true,
        "literal": true
      }
    },
    "default": {
      "builders": {
        "line": {
          "type": "line"
        },
        "softline": {
          "type": "line",
          "soft": true
        },
        "hardline": [
          {
            "type": "line",
            "hard": true
          },
          {
            "type": "break-parent"
          }
        ],
        "literalline": [
          {
            "type": "line",
            "hard": true,
            "literal": true
          },
          {
            "type": "break-parent"
          }
        ],
        "lineSuffixBoundary": {
          "type": "line-suffix-boundary"
        },
        "cursor": {
          "type": "cursor"
        },
        "breakParent": {
          "type": "break-parent"
        },
        "trim": {
          "type": "trim"
        },
        "hardlineWithoutBreakParent": {
          "type": "line",
          "hard": true
        },
        "literallineWithoutBreakParent": {
          "type": "line",
          "hard": true,
          "literal": true
        }
      },
      "printer": {},
      "utils": {}
    },
    "printer": {},
    "utils": {}
  },
  "util": {},
  "version": "3.7.4"
}
["WARN" - 15:04:37] Unable to resolve ignore path: .prettierignore for /home/radio/.config/quickshell/shell.qml
["INFO" - 15:04:37] Resolved plugins:
[]
["INFO" - 15:04:37] File Info:
{
  "ignored": false,
  "inferredParser": null
}
["WARN" - 15:04:37] Parser not inferred, trying VS Code language.
["ERROR" - 15:04:37] Failed to resolve a parser, skipping file. If you registered a custom file extension, be sure to configure the parser.
["INFO" - 15:04:37] Document is already formatted.
