2026-09-27 15:10:07.224 [info] Extension host with pid 117426 started
2026-09-27 15:10:07.224 [info] Skipping acquiring lock for /home/radio/.config/Code/User/workspaceStorage/18c8675e86c428c599f689dad346a39c.
2026-09-27 15:10:07.472 [info] ExtensionService#_doActivateExtension vscode.github-authentication, startup: false, activationEvent: 'onAuthenticationRequest:github'
2026-09-27 15:10:07.493 [info] ExtensionService#_doActivateExtension vscode.emmet, startup: false, activationEvent: 'onLanguage'
2026-09-27 15:10:07.504 [info] ExtensionService#_doActivateExtension theqtcompany.qt-core, startup: false, activationEvent: 'onLanguage:qml', root cause: theqtcompany.qt-qml
2026-09-27 15:10:07.820 [info] ExtensionService#_doActivateExtension theqtcompany.qt-qml, startup: false, activationEvent: 'onLanguage:qml'
2026-09-27 15:10:08.011 [info] ExtensionService#_doActivateExtension vscode.git-base, startup: true, activationEvent: '*', root cause: vscode.git
2026-09-27 15:10:08.013 [info] ExtensionService#_doActivateExtension mhutchie.git-graph, startup: true, activationEvent: '*'
2026-09-27 15:10:08.149 [info] ExtensionService#_doActivateExtension vscode.git, startup: true, activationEvent: '*'
2026-09-27 15:10:08.179 [info] ExtensionService#_doActivateExtension vscode.github, startup: true, activationEvent: '*'
2026-09-27 15:10:08.229 [info] Eager extensions activated
2026-09-27 15:10:08.259 [info] ExtensionService#_doActivateExtension vscode.debug-auto-launch, startup: false, activationEvent: 'onStartupFinished'
2026-09-27 15:10:08.261 [info] ExtensionService#_doActivateExtension vscode.merge-conflict, startup: false, activationEvent: 'onStartupFinished'
2026-09-27 15:10:08.274 [info] ExtensionService#_doActivateExtension esbenp.prettier-vscode, startup: false, activationEvent: 'onStartupFinished'
2026-09-27 15:10:08.280 [info] ExtensionService#_doActivateExtension PKief.material-icon-theme, startup: false, activationEvent: 'onStartupFinished'
2026-09-27 15:10:08.291 [info] ExtensionService#_doActivateExtension ritwickdey.LiveServer, startup: false, activationEvent: 'onStartupFinished'
2026-09-27 15:10:09.043 [error] Error: write EPIPE
	at afterWriteDispatched (node:internal/stream_base_commons:159:15)
	at writeGeneric (node:internal/stream_base_commons:150:3)
	at Socket._writeGeneric (node:net:1258:11)
	at Socket._write (node:net:1270:8)
	at writeOrBuffer (node:internal/streams/writable:574:12)
	at _write (node:internal/streams/writable:503:10)
	at Writable.write (node:internal/streams/writable:512:10)
	at /home/radio/.vscode/extensions/theqtcompany.qt-qml-1.16.0/out/extension.js:84:14265
	at new Promise (<anonymous>)
	at YM.write (/home/radio/.vscode/extensions/theqtcompany.qt-qml-1.16.0/out/extension.js:84:14186)
	at JT.doWrite (/home/radio/.vscode/extensions/theqtcompany.qt-qml-1.16.0/out/extension.js:56:1627)
	at /home/radio/.vscode/extensions/theqtcompany.qt-qml-1.16.0/out/extension.js:56:1526
2026-09-27 15:10:09.043 [error] Error: Client is not running and can't be stopped. It's current state is: starting
	at h2.shutdown (/home/radio/.vscode/extensions/theqtcompany.qt-qml-1.16.0/out/extension.js:92:8500)
	at h2.stop (/home/radio/.vscode/extensions/theqtcompany.qt-qml-1.16.0/out/extension.js:92:8079)
	at h2.stop (/home/radio/.vscode/extensions/theqtcompany.qt-qml-1.16.0/out/extension.js:95:31201)
	at h2.doInitialize (/home/radio/.vscode/extensions/theqtcompany.qt-qml-1.16.0/out/extension.js:92:7904)
	at process.processTicksAndRejections (node:internal/process/task_queues:104:5)
	at async h2.start (/home/radio/.vscode/extensions/theqtcompany.qt-qml-1.16.0/out/extension.js:92:4473)
2026-09-27 15:10:09.100 [error] Error: Cannot call write after a stream was destroyed
	at _write (node:internal/streams/writable:493:11)
	at Writable.write (node:internal/streams/writable:512:10)
	at /home/radio/.vscode/extensions/theqtcompany.qt-qml-1.16.0/out/extension.js:84:14265
	at new Promise (<anonymous>)
	at YM.write (/home/radio/.vscode/extensions/theqtcompany.qt-qml-1.16.0/out/extension.js:84:14186)
	at JT.doWrite (/home/radio/.vscode/extensions/theqtcompany.qt-qml-1.16.0/out/extension.js:56:1627)
	at /home/radio/.vscode/extensions/theqtcompany.qt-qml-1.16.0/out/extension.js:56:1526
2026-09-27 15:10:09.100 [error] Error: Client is not running and can't be stopped. It's current state is: starting
	at h2.shutdown (/home/radio/.vscode/extensions/theqtcompany.qt-qml-1.16.0/out/extension.js:92:8500)
	at h2.stop (/home/radio/.vscode/extensions/theqtcompany.qt-qml-1.16.0/out/extension.js:92:8079)
	at h2.stop (/home/radio/.vscode/extensions/theqtcompany.qt-qml-1.16.0/out/extension.js:95:31201)
	at h2.doInitialize (/home/radio/.vscode/extensions/theqtcompany.qt-qml-1.16.0/out/extension.js:92:7904)
	at process.processTicksAndRejections (node:internal/process/task_queues:104:5)
	at async h2.start (/home/radio/.vscode/extensions/theqtcompany.qt-qml-1.16.0/out/extension.js:92:4473)
2026-09-27 15:10:09.117 [error] Error: Cannot call write after a stream was destroyed
	at _write (node:internal/streams/writable:493:11)
	at Writable.write (node:internal/streams/writable:512:10)
	at /home/radio/.vscode/extensions/theqtcompany.qt-qml-1.16.0/out/extension.js:84:14265
	at new Promise (<anonymous>)
	at YM.write (/home/radio/.vscode/extensions/theqtcompany.qt-qml-1.16.0/out/extension.js:84:14186)
	at JT.doWrite (/home/radio/.vscode/extensions/theqtcompany.qt-qml-1.16.0/out/extension.js:56:1627)
	at /home/radio/.vscode/extensions/theqtcompany.qt-qml-1.16.0/out/extension.js:56:1526
2026-09-27 15:10:09.117 [error] Error: Client is not running and can't be stopped. It's current state is: starting
	at h2.shutdown (/home/radio/.vscode/extensions/theqtcompany.qt-qml-1.16.0/out/extension.js:92:8500)
	at h2.stop (/home/radio/.vscode/extensions/theqtcompany.qt-qml-1.16.0/out/extension.js:92:8079)
	at h2.stop (/home/radio/.vscode/extensions/theqtcompany.qt-qml-1.16.0/out/extension.js:95:31201)
	at h2.doInitialize (/home/radio/.vscode/extensions/theqtcompany.qt-qml-1.16.0/out/extension.js:92:7904)
	at process.processTicksAndRejections (node:internal/process/task_queues:104:5)
	at async h2.start (/home/radio/.vscode/extensions/theqtcompany.qt-qml-1.16.0/out/extension.js:92:4473)
2026-09-27 15:10:09.123 [error] Error: write EPIPE
	at afterWriteDispatched (node:internal/stream_base_commons:159:15)
	at writeGeneric (node:internal/stream_base_commons:150:3)
	at Socket._writeGeneric (node:net:1258:11)
	at Socket._write (node:net:1270:8)
	at writeOrBuffer (node:internal/streams/writable:574:12)
	at _write (node:internal/streams/writable:503:10)
	at Writable.write (node:internal/streams/writable:512:10)
	at /home/radio/.vscode/extensions/theqtcompany.qt-qml-1.16.0/out/extension.js:84:14265
	at new Promise (<anonymous>)
	at YM.write (/home/radio/.vscode/extensions/theqtcompany.qt-qml-1.16.0/out/extension.js:84:14186)
	at JT.doWrite (/home/radio/.vscode/extensions/theqtcompany.qt-qml-1.16.0/out/extension.js:56:1627)
	at /home/radio/.vscode/extensions/theqtcompany.qt-qml-1.16.0/out/extension.js:56:1526
2026-09-27 15:10:09.123 [error] Error: Client is not running and can't be stopped. It's current state is: starting
	at h2.shutdown (/home/radio/.vscode/extensions/theqtcompany.qt-qml-1.16.0/out/extension.js:92:8500)
	at h2.stop (/home/radio/.vscode/extensions/theqtcompany.qt-qml-1.16.0/out/extension.js:92:8079)
	at h2.stop (/home/radio/.vscode/extensions/theqtcompany.qt-qml-1.16.0/out/extension.js:95:31201)
	at h2.doInitialize (/home/radio/.vscode/extensions/theqtcompany.qt-qml-1.16.0/out/extension.js:92:7904)
	at process.processTicksAndRejections (node:internal/process/task_queues:104:5)
	at async h2.start (/home/radio/.vscode/extensions/theqtcompany.qt-qml-1.16.0/out/extension.js:92:4473)
2026-09-27 15:10:09.136 [error] Error: Cannot call write after a stream was destroyed
	at _write (node:internal/streams/writable:493:11)
	at Writable.write (node:internal/streams/writable:512:10)
	at /home/radio/.vscode/extensions/theqtcompany.qt-qml-1.16.0/out/extension.js:84:14265
	at new Promise (<anonymous>)
	at YM.write (/home/radio/.vscode/extensions/theqtcompany.qt-qml-1.16.0/out/extension.js:84:14186)
	at JT.doWrite (/home/radio/.vscode/extensions/theqtcompany.qt-qml-1.16.0/out/extension.js:56:1627)
	at /home/radio/.vscode/extensions/theqtcompany.qt-qml-1.16.0/out/extension.js:56:1526
2026-09-27 15:10:09.137 [error] Error: Client is not running and can't be stopped. It's current state is: starting
	at h2.shutdown (/home/radio/.vscode/extensions/theqtcompany.qt-qml-1.16.0/out/extension.js:92:8500)
	at h2.stop (/home/radio/.vscode/extensions/theqtcompany.qt-qml-1.16.0/out/extension.js:92:8079)
	at h2.stop (/home/radio/.vscode/extensions/theqtcompany.qt-qml-1.16.0/out/extension.js:95:31201)
	at h2.doInitialize (/home/radio/.vscode/extensions/theqtcompany.qt-qml-1.16.0/out/extension.js:92:7904)
	at process.processTicksAndRejections (node:internal/process/task_queues:104:5)
	at async h2.start (/home/radio/.vscode/extensions/theqtcompany.qt-qml-1.16.0/out/extension.js:92:4473)
2026-09-27 15:10:25.495 [error] Error: Process exited with code 1
	at ChildProcess.<anonymous> (/home/radio/.vscode/extensions/theqtcompany.qt-core-1.16.0/out/extension.js:105:12898)
	at ChildProcess.emit (node:events:514:28)
	at maybeClose (node:internal/child_process:1141:16)
	at Socket.<anonymous> (node:internal/child_process:498:11)
	at Socket.emit (node:events:526:24)
	at Pipe.<anonymous> (node:net:362:12)
2026-09-27 15:10:36.922 [error] QtcliRestError: connect ENOENT /tmp/qtcli/qtcli-uds-ex-browser-50541f287e.sock
	at e.from (/home/radio/.vscode/extensions/theqtcompany.qt-core-1.16.0/out/extension.js:105:11915)
	at Ax.call (/home/radio/.vscode/extensions/theqtcompany.qt-core-1.16.0/out/extension.js:105:11171)
	at process.processTicksAndRejections (node:internal/process/task_queues:104:5)
2026-09-27 15:10:51.924 [error] QtcliRestError: connect ENOENT /tmp/qtcli/qtcli-uds-ex-browser-50541f287e.sock
	at e.from (/home/radio/.vscode/extensions/theqtcompany.qt-core-1.16.0/out/extension.js:105:11915)
	at Ax.call (/home/radio/.vscode/extensions/theqtcompany.qt-core-1.16.0/out/extension.js:105:11171)
	at process.processTicksAndRejections (node:internal/process/task_queues:104:5)
2026-09-27 15:11:06.920 [error] QtcliRestError: connect ENOENT /tmp/qtcli/qtcli-uds-ex-browser-50541f287e.sock
	at e.from (/home/radio/.vscode/extensions/theqtcompany.qt-core-1.16.0/out/extension.js:105:11915)
	at Ax.call (/home/radio/.vscode/extensions/theqtcompany.qt-core-1.16.0/out/extension.js:105:11171)
	at process.processTicksAndRejections (node:internal/process/task_queues:104:5)
2026-09-27 15:11:21.922 [error] QtcliRestError: connect ENOENT /tmp/qtcli/qtcli-uds-ex-browser-50541f287e.sock
	at e.from (/home/radio/.vscode/extensions/theqtcompany.qt-core-1.16.0/out/extension.js:105:11915)
	at Ax.call (/home/radio/.vscode/extensions/theqtcompany.qt-core-1.16.0/out/extension.js:105:11171)
	at process.processTicksAndRejections (node:internal/process/task_queues:104:5)
2026-09-27 15:11:36.924 [error] QtcliRestError: connect ENOENT /tmp/qtcli/qtcli-uds-ex-browser-50541f287e.sock
	at e.from (/home/radio/.vscode/extensions/theqtcompany.qt-core-1.16.0/out/extension.js:105:11915)
	at Ax.call (/home/radio/.vscode/extensions/theqtcompany.qt-core-1.16.0/out/extension.js:105:11171)
	at process.processTicksAndRejections (node:internal/process/task_queues:104:5)
2026-09-27 15:11:51.925 [error] QtcliRestError: connect ENOENT /tmp/qtcli/qtcli-uds-ex-browser-50541f287e.sock
	at e.from (/home/radio/.vscode/extensions/theqtcompany.qt-core-1.16.0/out/extension.js:105:11915)
	at Ax.call (/home/radio/.vscode/extensions/theqtcompany.qt-core-1.16.0/out/extension.js:105:11171)
	at process.processTicksAndRejections (node:internal/process/task_queues:104:5)
2026-09-27 15:12:06.926 [error] QtcliRestError: connect ENOENT /tmp/qtcli/qtcli-uds-ex-browser-50541f287e.sock
	at e.from (/home/radio/.vscode/extensions/theqtcompany.qt-core-1.16.0/out/extension.js:105:11915)
	at Ax.call (/home/radio/.vscode/extensions/theqtcompany.qt-core-1.16.0/out/extension.js:105:11171)
	at process.processTicksAndRejections (node:internal/process/task_queues:104:5)
2026-09-27 15:12:21.926 [error] QtcliRestError: connect ENOENT /tmp/qtcli/qtcli-uds-ex-browser-50541f287e.sock
	at e.from (/home/radio/.vscode/extensions/theqtcompany.qt-core-1.16.0/out/extension.js:105:11915)
	at Ax.call (/home/radio/.vscode/extensions/theqtcompany.qt-core-1.16.0/out/extension.js:105:11171)
	at process.processTicksAndRejections (node:internal/process/task_queues:104:5)
2026-09-27 15:12:36.925 [error] QtcliRestError: connect ENOENT /tmp/qtcli/qtcli-uds-ex-browser-50541f287e.sock
	at e.from (/home/radio/.vscode/extensions/theqtcompany.qt-core-1.16.0/out/extension.js:105:11915)
	at Ax.call (/home/radio/.vscode/extensions/theqtcompany.qt-core-1.16.0/out/extension.js:105:11171)
	at process.processTicksAndRejections (node:internal/process/task_queues:104:5)
2026-09-27 15:12:51.926 [error] QtcliRestError: connect ENOENT /tmp/qtcli/qtcli-uds-ex-browser-50541f287e.sock
	at e.from (/home/radio/.vscode/extensions/theqtcompany.qt-core-1.16.0/out/extension.js:105:11915)
	at Ax.call (/home/radio/.vscode/extensions/theqtcompany.qt-core-1.16.0/out/extension.js:105:11171)
	at process.processTicksAndRejections (node:internal/process/task_queues:104:5)
2026-09-27 15:13:06.926 [error] QtcliRestError: connect ENOENT /tmp/qtcli/qtcli-uds-ex-browser-50541f287e.sock
	at e.from (/home/radio/.vscode/extensions/theqtcompany.qt-core-1.16.0/out/extension.js:105:11915)
	at Ax.call (/home/radio/.vscode/extensions/theqtcompany.qt-core-1.16.0/out/extension.js:105:11171)
	at process.processTicksAndRejections (node:internal/process/task_queues:104:5)
2026-09-27 15:13:21.925 [error] QtcliRestError: connect ENOENT /tmp/qtcli/qtcli-uds-ex-browser-50541f287e.sock
	at e.from (/home/radio/.vscode/extensions/theqtcompany.qt-core-1.16.0/out/extension.js:105:11915)
	at Ax.call (/home/radio/.vscode/extensions/theqtcompany.qt-core-1.16.0/out/extension.js:105:11171)
	at process.processTicksAndRejections (node:internal/process/task_queues:104:5)
2026-09-27 15:13:36.924 [error] QtcliRestError: connect ENOENT /tmp/qtcli/qtcli-uds-ex-browser-50541f287e.sock
	at e.from (/home/radio/.vscode/extensions/theqtcompany.qt-core-1.16.0/out/extension.js:105:11915)
	at Ax.call (/home/radio/.vscode/extensions/theqtcompany.qt-core-1.16.0/out/extension.js:105:11171)
	at process.processTicksAndRejections (node:internal/process/task_queues:104:5)
2026-09-27 15:13:51.924 [error] QtcliRestError: connect ENOENT /tmp/qtcli/qtcli-uds-ex-browser-50541f287e.sock
	at e.from (/home/radio/.vscode/extensions/theqtcompany.qt-core-1.16.0/out/extension.js:105:11915)
	at Ax.call (/home/radio/.vscode/extensions/theqtcompany.qt-core-1.16.0/out/extension.js:105:11171)
	at process.processTicksAndRejections (node:internal/process/task_queues:104:5)
2026-09-27 15:14:06.927 [error] QtcliRestError: connect ENOENT /tmp/qtcli/qtcli-uds-ex-browser-50541f287e.sock
	at e.from (/home/radio/.vscode/extensions/theqtcompany.qt-core-1.16.0/out/extension.js:105:11915)
	at Ax.call (/home/radio/.vscode/extensions/theqtcompany.qt-core-1.16.0/out/extension.js:105:11171)
	at process.processTicksAndRejections (node:internal/process/task_queues:104:5)
2026-09-27 15:14:21.924 [error] QtcliRestError: connect ENOENT /tmp/qtcli/qtcli-uds-ex-browser-50541f287e.sock
	at e.from (/home/radio/.vscode/extensions/theqtcompany.qt-core-1.16.0/out/extension.js:105:11915)
	at Ax.call (/home/radio/.vscode/extensions/theqtcompany.qt-core-1.16.0/out/extension.js:105:11171)
	at process.processTicksAndRejections (node:internal/process/task_queues:104:5)
2026-09-27 15:14:36.925 [error] QtcliRestError: connect ENOENT /tmp/qtcli/qtcli-uds-ex-browser-50541f287e.sock
	at e.from (/home/radio/.vscode/extensions/theqtcompany.qt-core-1.16.0/out/extension.js:105:11915)
	at Ax.call (/home/radio/.vscode/extensions/theqtcompany.qt-core-1.16.0/out/extension.js:105:11171)
	at process.processTicksAndRejections (node:internal/process/task_queues:104:5)
2026-09-27 15:14:51.926 [error] QtcliRestError: connect ENOENT /tmp/qtcli/qtcli-uds-ex-browser-50541f287e.sock
	at e.from (/home/radio/.vscode/extensions/theqtcompany.qt-core-1.16.0/out/extension.js:105:11915)
	at Ax.call (/home/radio/.vscode/extensions/theqtcompany.qt-core-1.16.0/out/extension.js:105:11171)
	at process.processTicksAndRejections (node:internal/process/task_queues:104:5)
2026-09-27 15:15:06.926 [error] QtcliRestError: connect ENOENT /tmp/qtcli/qtcli-uds-ex-browser-50541f287e.sock
	at e.from (/home/radio/.vscode/extensions/theqtcompany.qt-core-1.16.0/out/extension.js:105:11915)
	at Ax.call (/home/radio/.vscode/extensions/theqtcompany.qt-core-1.16.0/out/extension.js:105:11171)
	at process.processTicksAndRejections (node:internal/process/task_queues:104:5)
2026-09-27 15:15:21.927 [error] QtcliRestError: connect ENOENT /tmp/qtcli/qtcli-uds-ex-browser-50541f287e.sock
	at e.from (/home/radio/.vscode/extensions/theqtcompany.qt-core-1.16.0/out/extension.js:105:11915)
	at Ax.call (/home/radio/.vscode/extensions/theqtcompany.qt-core-1.16.0/out/extension.js:105:11171)
	at process.processTicksAndRejections (node:internal/process/task_queues:104:5)
2026-09-27 15:15:36.929 [error] QtcliRestError: connect ENOENT /tmp/qtcli/qtcli-uds-ex-browser-50541f287e.sock
	at e.from (/home/radio/.vscode/extensions/theqtcompany.qt-core-1.16.0/out/extension.js:105:11915)
	at Ax.call (/home/radio/.vscode/extensions/theqtcompany.qt-core-1.16.0/out/extension.js:105:11171)
	at process.processTicksAndRejections (node:internal/process/task_queues:104:5)
2026-09-27 15:15:51.929 [error] QtcliRestError: connect ENOENT /tmp/qtcli/qtcli-uds-ex-browser-50541f287e.sock
	at e.from (/home/radio/.vscode/extensions/theqtcompany.qt-core-1.16.0/out/extension.js:105:11915)
	at Ax.call (/home/radio/.vscode/extensions/theqtcompany.qt-core-1.16.0/out/extension.js:105:11171)
	at process.processTicksAndRejections (node:internal/process/task_queues:104:5)
2026-09-27 15:16:06.929 [error] QtcliRestError: connect ENOENT /tmp/qtcli/qtcli-uds-ex-browser-50541f287e.sock
	at e.from (/home/radio/.vscode/extensions/theqtcompany.qt-core-1.16.0/out/extension.js:105:11915)
	at Ax.call (/home/radio/.vscode/extensions/theqtcompany.qt-core-1.16.0/out/extension.js:105:11171)
	at process.processTicksAndRejections (node:internal/process/task_queues:104:5)
2026-09-27 15:16:21.930 [error] QtcliRestError: connect ENOENT /tmp/qtcli/qtcli-uds-ex-browser-50541f287e.sock
	at e.from (/home/radio/.vscode/extensions/theqtcompany.qt-core-1.16.0/out/extension.js:105:11915)
	at Ax.call (/home/radio/.vscode/extensions/theqtcompany.qt-core-1.16.0/out/extension.js:105:11171)
	at process.processTicksAndRejections (node:internal/process/task_queues:104:5)
2026-09-27 15:16:36.929 [error] QtcliRestError: connect ENOENT /tmp/qtcli/qtcli-uds-ex-browser-50541f287e.sock
	at e.from (/home/radio/.vscode/extensions/theqtcompany.qt-core-1.16.0/out/extension.js:105:11915)
	at Ax.call (/home/radio/.vscode/extensions/theqtcompany.qt-core-1.16.0/out/extension.js:105:11171)
	at process.processTicksAndRejections (node:internal/process/task_queues:104:5)
2026-09-27 15:16:51.930 [error] QtcliRestError: connect ENOENT /tmp/qtcli/qtcli-uds-ex-browser-50541f287e.sock
	at e.from (/home/radio/.vscode/extensions/theqtcompany.qt-core-1.16.0/out/extension.js:105:11915)
	at Ax.call (/home/radio/.vscode/extensions/theqtcompany.qt-core-1.16.0/out/extension.js:105:11171)
	at process.processTicksAndRejections (node:internal/process/task_queues:104:5)
2026-09-27 15:17:06.931 [error] QtcliRestError: connect ENOENT /tmp/qtcli/qtcli-uds-ex-browser-50541f287e.sock
	at e.from (/home/radio/.vscode/extensions/theqtcompany.qt-core-1.16.0/out/extension.js:105:11915)
	at Ax.call (/home/radio/.vscode/extensions/theqtcompany.qt-core-1.16.0/out/extension.js:105:11171)
	at process.processTicksAndRejections (node:internal/process/task_queues:104:5)
2026-09-27 15:17:21.931 [error] QtcliRestError: connect ENOENT /tmp/qtcli/qtcli-uds-ex-browser-50541f287e.sock
	at e.from (/home/radio/.vscode/extensions/theqtcompany.qt-core-1.16.0/out/extension.js:105:11915)
	at Ax.call (/home/radio/.vscode/extensions/theqtcompany.qt-core-1.16.0/out/extension.js:105:11171)
	at process.processTicksAndRejections (node:internal/process/task_queues:104:5)
2026-09-27 15:17:36.931 [error] QtcliRestError: connect ENOENT /tmp/qtcli/qtcli-uds-ex-browser-50541f287e.sock
	at e.from (/home/radio/.vscode/extensions/theqtcompany.qt-core-1.16.0/out/extension.js:105:11915)
	at Ax.call (/home/radio/.vscode/extensions/theqtcompany.qt-core-1.16.0/out/extension.js:105:11171)
	at process.processTicksAndRejections (node:internal/process/task_queues:104:5)
2026-09-27 15:17:51.932 [error] QtcliRestError: connect ENOENT /tmp/qtcli/qtcli-uds-ex-browser-50541f287e.sock
	at e.from (/home/radio/.vscode/extensions/theqtcompany.qt-core-1.16.0/out/extension.js:105:11915)
	at Ax.call (/home/radio/.vscode/extensions/theqtcompany.qt-core-1.16.0/out/extension.js:105:11171)
	at process.processTicksAndRejections (node:internal/process/task_queues:104:5)
2026-09-27 15:18:06.932 [error] QtcliRestError: connect ENOENT /tmp/qtcli/qtcli-uds-ex-browser-50541f287e.sock
	at e.from (/home/radio/.vscode/extensions/theqtcompany.qt-core-1.16.0/out/extension.js:105:11915)
	at Ax.call (/home/radio/.vscode/extensions/theqtcompany.qt-core-1.16.0/out/extension.js:105:11171)
	at process.processTicksAndRejections (node:internal/process/task_queues:104:5)
2026-09-27 15:18:21.933 [error] QtcliRestError: connect ENOENT /tmp/qtcli/qtcli-uds-ex-browser-50541f287e.sock
	at e.from (/home/radio/.vscode/extensions/theqtcompany.qt-core-1.16.0/out/extension.js:105:11915)
	at Ax.call (/home/radio/.vscode/extensions/theqtcompany.qt-core-1.16.0/out/extension.js:105:11171)
	at process.processTicksAndRejections (node:internal/process/task_queues:104:5)
2026-09-27 15:18:36.934 [error] QtcliRestError: connect ENOENT /tmp/qtcli/qtcli-uds-ex-browser-50541f287e.sock
	at e.from (/home/radio/.vscode/extensions/theqtcompany.qt-core-1.16.0/out/extension.js:105:11915)
	at Ax.call (/home/radio/.vscode/extensions/theqtcompany.qt-core-1.16.0/out/extension.js:105:11171)
	at process.processTicksAndRejections (node:internal/process/task_queues:104:5)
2026-09-27 15:18:51.934 [error] QtcliRestError: connect ENOENT /tmp/qtcli/qtcli-uds-ex-browser-50541f287e.sock
	at e.from (/home/radio/.vscode/extensions/theqtcompany.qt-core-1.16.0/out/extension.js:105:11915)
	at Ax.call (/home/radio/.vscode/extensions/theqtcompany.qt-core-1.16.0/out/extension.js:105:11171)
	at process.processTicksAndRejections (node:internal/process/task_queues:104:5)
2026-09-27 15:19:06.935 [error] QtcliRestError: connect ENOENT /tmp/qtcli/qtcli-uds-ex-browser-50541f287e.sock
	at e.from (/home/radio/.vscode/extensions/theqtcompany.qt-core-1.16.0/out/extension.js:105:11915)
	at Ax.call (/home/radio/.vscode/extensions/theqtcompany.qt-core-1.16.0/out/extension.js:105:11171)
	at process.processTicksAndRejections (node:internal/process/task_queues:104:5)
2026-09-27 15:19:21.934 [error] QtcliRestError: connect ENOENT /tmp/qtcli/qtcli-uds-ex-browser-50541f287e.sock
	at e.from (/home/radio/.vscode/extensions/theqtcompany.qt-core-1.16.0/out/extension.js:105:11915)
	at Ax.call (/home/radio/.vscode/extensions/theqtcompany.qt-core-1.16.0/out/extension.js:105:11171)
	at process.processTicksAndRejections (node:internal/process/task_queues:104:5)
2026-09-27 15:19:36.935 [error] QtcliRestError: connect ENOENT /tmp/qtcli/qtcli-uds-ex-browser-50541f287e.sock
	at e.from (/home/radio/.vscode/extensions/theqtcompany.qt-core-1.16.0/out/extension.js:105:11915)
	at Ax.call (/home/radio/.vscode/extensions/theqtcompany.qt-core-1.16.0/out/extension.js:105:11171)
	at process.processTicksAndRejections (node:internal/process/task_queues:104:5)
2026-09-27 15:19:51.934 [error] QtcliRestError: connect ENOENT /tmp/qtcli/qtcli-uds-ex-browser-50541f287e.sock
	at e.from (/home/radio/.vscode/extensions/theqtcompany.qt-core-1.16.0/out/extension.js:105:11915)
	at Ax.call (/home/radio/.vscode/extensions/theqtcompany.qt-core-1.16.0/out/extension.js:105:11171)
	at process.processTicksAndRejections (node:internal/process/task_queues:104:5)
2026-09-27 15:20:06.935 [error] QtcliRestError: connect ENOENT /tmp/qtcli/qtcli-uds-ex-browser-50541f287e.sock
	at e.from (/home/radio/.vscode/extensions/theqtcompany.qt-core-1.16.0/out/extension.js:105:11915)
	at Ax.call (/home/radio/.vscode/extensions/theqtcompany.qt-core-1.16.0/out/extension.js:105:11171)
	at process.processTicksAndRejections (node:internal/process/task_queues:104:5)
2026-09-27 15:20:21.936 [error] QtcliRestError: connect ENOENT /tmp/qtcli/qtcli-uds-ex-browser-50541f287e.sock
	at e.from (/home/radio/.vscode/extensions/theqtcompany.qt-core-1.16.0/out/extension.js:105:11915)
	at Ax.call (/home/radio/.vscode/extensions/theqtcompany.qt-core-1.16.0/out/extension.js:105:11171)
	at process.processTicksAndRejections (node:internal/process/task_queues:104:5)
2026-09-27 15:20:36.935 [error] QtcliRestError: connect ENOENT /tmp/qtcli/qtcli-uds-ex-browser-50541f287e.sock
	at e.from (/home/radio/.vscode/extensions/theqtcompany.qt-core-1.16.0/out/extension.js:105:11915)
	at Ax.call (/home/radio/.vscode/extensions/theqtcompany.qt-core-1.16.0/out/extension.js:105:11171)
	at process.processTicksAndRejections (node:internal/process/task_queues:104:5)
2026-09-27 15:20:51.934 [error] QtcliRestError: connect ENOENT /tmp/qtcli/qtcli-uds-ex-browser-50541f287e.sock
	at e.from (/home/radio/.vscode/extensions/theqtcompany.qt-core-1.16.0/out/extension.js:105:11915)
	at Ax.call (/home/radio/.vscode/extensions/theqtcompany.qt-core-1.16.0/out/extension.js:105:11171)
	at process.processTicksAndRejections (node:internal/process/task_queues:104:5)
2026-09-27 15:21:06.935 [error] QtcliRestError: connect ENOENT /tmp/qtcli/qtcli-uds-ex-browser-50541f287e.sock
	at e.from (/home/radio/.vscode/extensions/theqtcompany.qt-core-1.16.0/out/extension.js:105:11915)
	at Ax.call (/home/radio/.vscode/extensions/theqtcompany.qt-core-1.16.0/out/extension.js:105:11171)
	at process.processTicksAndRejections (node:internal/process/task_queues:104:5)
2026-09-27 15:21:21.936 [error] QtcliRestError: connect ENOENT /tmp/qtcli/qtcli-uds-ex-browser-50541f287e.sock
	at e.from (/home/radio/.vscode/extensions/theqtcompany.qt-core-1.16.0/out/extension.js:105:11915)
	at Ax.call (/home/radio/.vscode/extensions/theqtcompany.qt-core-1.16.0/out/extension.js:105:11171)
	at process.processTicksAndRejections (node:internal/process/task_queues:104:5)
2026-09-27 15:21:36.937 [error] QtcliRestError: connect ENOENT /tmp/qtcli/qtcli-uds-ex-browser-50541f287e.sock
	at e.from (/home/radio/.vscode/extensions/theqtcompany.qt-core-1.16.0/out/extension.js:105:11915)
	at Ax.call (/home/radio/.vscode/extensions/theqtcompany.qt-core-1.16.0/out/extension.js:105:11171)
	at process.processTicksAndRejections (node:internal/process/task_queues:104:5)
2026-09-27 15:21:51.937 [error] QtcliRestError: connect ENOENT /tmp/qtcli/qtcli-uds-ex-browser-50541f287e.sock
	at e.from (/home/radio/.vscode/extensions/theqtcompany.qt-core-1.16.0/out/extension.js:105:11915)
	at Ax.call (/home/radio/.vscode/extensions/theqtcompany.qt-core-1.16.0/out/extension.js:105:11171)
	at process.processTicksAndRejections (node:internal/process/task_queues:104:5)
2026-09-27 15:22:06.936 [error] QtcliRestError: connect ENOENT /tmp/qtcli/qtcli-uds-ex-browser-50541f287e.sock
	at e.from (/home/radio/.vscode/extensions/theqtcompany.qt-core-1.16.0/out/extension.js:105:11915)
	at Ax.call (/home/radio/.vscode/extensions/theqtcompany.qt-core-1.16.0/out/extension.js:105:11171)
	at process.processTicksAndRejections (node:internal/process/task_queues:104:5)
2026-09-27 15:22:21.938 [error] QtcliRestError: connect ENOENT /tmp/qtcli/qtcli-uds-ex-browser-50541f287e.sock
	at e.from (/home/radio/.vscode/extensions/theqtcompany.qt-core-1.16.0/out/extension.js:105:11915)
	at Ax.call (/home/radio/.vscode/extensions/theqtcompany.qt-core-1.16.0/out/extension.js:105:11171)
	at process.processTicksAndRejections (node:internal/process/task_queues:104:5)
2026-09-27 15:22:36.938 [error] QtcliRestError: connect ENOENT /tmp/qtcli/qtcli-uds-ex-browser-50541f287e.sock
	at e.from (/home/radio/.vscode/extensions/theqtcompany.qt-core-1.16.0/out/extension.js:105:11915)
	at Ax.call (/home/radio/.vscode/extensions/theqtcompany.qt-core-1.16.0/out/extension.js:105:11171)
	at process.processTicksAndRejections (node:internal/process/task_queues:104:5)
2026-09-27 15:22:51.938 [error] QtcliRestError: connect ENOENT /tmp/qtcli/qtcli-uds-ex-browser-50541f287e.sock
	at e.from (/home/radio/.vscode/extensions/theqtcompany.qt-core-1.16.0/out/extension.js:105:11915)
	at Ax.call (/home/radio/.vscode/extensions/theqtcompany.qt-core-1.16.0/out/extension.js:105:11171)
	at process.processTicksAndRejections (node:internal/process/task_queues:104:5)
2026-09-27 15:23:06.940 [error] QtcliRestError: connect ENOENT /tmp/qtcli/qtcli-uds-ex-browser-50541f287e.sock
	at e.from (/home/radio/.vscode/extensions/theqtcompany.qt-core-1.16.0/out/extension.js:105:11915)
	at Ax.call (/home/radio/.vscode/extensions/theqtcompany.qt-core-1.16.0/out/extension.js:105:11171)
	at process.processTicksAndRejections (node:internal/process/task_queues:104:5)
2026-09-27 15:23:21.939 [error] QtcliRestError: connect ENOENT /tmp/qtcli/qtcli-uds-ex-browser-50541f287e.sock
	at e.from (/home/radio/.vscode/extensions/theqtcompany.qt-core-1.16.0/out/extension.js:105:11915)
	at Ax.call (/home/radio/.vscode/extensions/theqtcompany.qt-core-1.16.0/out/extension.js:105:11171)
	at process.processTicksAndRejections (node:internal/process/task_queues:104:5)
2026-09-27 15:23:24.125 [info] ExtensionService#_doActivateExtension vscode.configuration-editing, startup: false, activationEvent: 'onLanguage:jsonc'
2026-09-27 15:23:24.129 [info] ExtensionService#_doActivateExtension vscode.json-language-features, startup: false, activationEvent: 'onLanguage:jsonc'
2026-09-27 15:23:24.173 [info] ExtensionService#_doActivateExtension vscode.typescript-language-features, startup: false, activationEvent: 'onLanguage:jsonc'
2026-09-27 15:23:36.941 [error] QtcliRestError: connect ENOENT /tmp/qtcli/qtcli-uds-ex-browser-50541f287e.sock
	at e.from (/home/radio/.vscode/extensions/theqtcompany.qt-core-1.16.0/out/extension.js:105:11915)
	at Ax.call (/home/radio/.vscode/extensions/theqtcompany.qt-core-1.16.0/out/extension.js:105:11171)
	at process.processTicksAndRejections (node:internal/process/task_queues:104:5)
2026-09-27 15:23:46.475 [info] Extension host terminating: received terminate message from renderer
2026-09-27 15:23:46.499 [info] Extension host with pid 117426 exiting with code 0
2026-09-27 15:23:47.331 [info] Extension host with pid 118709 started
2026-09-27 15:23:47.331 [info] Skipping acquiring lock for /home/radio/.config/Code/User/workspaceStorage/a1d357cf2790ffd4a0a1a25c0196c009.
2026-09-27 15:23:47.608 [info] ExtensionService#_doActivateExtension vscode.github-authentication, startup: false, activationEvent: 'onAuthenticationRequest:github'
2026-09-27 15:23:47.631 [info] ExtensionService#_doActivateExtension vscode.emmet, startup: false, activationEvent: 'onLanguage'
2026-09-27 15:23:47.640 [info] ExtensionService#_doActivateExtension yinfei.luahelper, startup: false, activationEvent: 'onLanguage:lua'
2026-09-27 15:23:47.792 [info] ExtensionService#_doActivateExtension vscode.git-base, startup: true, activationEvent: '*', root cause: vscode.git
2026-09-27 15:23:47.794 [info] ExtensionService#_doActivateExtension mhutchie.git-graph, startup: true, activationEvent: '*'
2026-09-27 15:23:47.854 [info] ExtensionService#_doActivateExtension vscode.git, startup: true, activationEvent: '*'
2026-09-27 15:23:47.897 [info] ExtensionService#_doActivateExtension vscode.github, startup: true, activationEvent: '*'
2026-09-27 15:23:47.998 [info] Eager extensions activated
2026-09-27 15:23:48.010 [info] ExtensionService#_doActivateExtension vscode.debug-auto-launch, startup: false, activationEvent: 'onStartupFinished'
2026-09-27 15:23:48.012 [info] ExtensionService#_doActivateExtension vscode.merge-conflict, startup: false, activationEvent: 'onStartupFinished'
2026-09-27 15:23:48.023 [info] ExtensionService#_doActivateExtension esbenp.prettier-vscode, startup: false, activationEvent: 'onStartupFinished'
2026-09-27 15:23:48.029 [info] ExtensionService#_doActivateExtension PKief.material-icon-theme, startup: false, activationEvent: 'onStartupFinished'
2026-09-27 15:23:48.037 [info] ExtensionService#_doActivateExtension ritwickdey.LiveServer, startup: false, activationEvent: 'onStartupFinished'
2026-09-27 15:23:48.346 [info] Extension host terminating: received terminate message from renderer
2026-09-27 15:23:48.408 [error] ProxyResolver#resolveProxy undefined Canceled: Canceled
	at new gS (file:///usr/share/code/resources/app/out/vs/workbench/api/node/extensionHostProcess.js:32:153524)
	at i._remoteCall (file:///usr/share/code/resources/app/out/vs/workbench/api/node/extensionHostProcess.js:32:159608)
	at r.<computed>.s.charCodeAt.r.<computed> (file:///usr/share/code/resources/app/out/vs/workbench/api/node/extensionHostProcess.js:32:156361)
	at nf.resolveProxy (file:///usr/share/code/resources/app/out/vs/workbench/api/node/extensionHostProcess.js:163:82586)
	at Object.resolveProxy (file:///usr/share/code/resources/app/out/vs/workbench/api/node/extensionHostProcess.js:296:25930)
	at useProxySettings (/usr/share/code/resources/app/node_modules.asar/@vscode/proxy-agent/out/index.js:283:16)
	at /usr/share/code/resources/app/node_modules.asar/@vscode/proxy-agent/out/index.js:220:13
	at /usr/share/code/resources/app/node_modules.asar/@vscode/proxy-agent/out/index.js:1140:13
	at process.processTicksAndRejections (node:internal/process/task_queues:104:5) 
2026-09-27 15:23:48.408 [info] Extension host with pid 118709 exiting with code 0
