2026-10-01 17:26:25.692 [info] [installer] Installer initialized with path: /home/radio/.config/Code/User/globalStorage/theqtcompany.qt-qml/qmlls
2026-10-01 17:26:25.692 [info] [project] Creating project:/home/radio
2026-10-01 17:26:25.692 [info] [qmlls-queue] Enqueueing start operation
2026-10-01 17:26:25.692 [info] [qmlls] Fetching release information
2026-10-01 17:26:25.692 [info] [qmlls-queue] Processing start operation
2026-10-01 17:26:25.692 [info] [qmlls] Starting QML Language Server with:
2026-10-01 17:26:25.692 [info] [qmlls-queue] Completed start operation
2026-10-01 17:26:25.692 [error] [qmlls] LanguageClient has failed to start with /home/radio/.config/Code/User/globalStorage/theqtcompany.qt-qml/qmlls/files/qmlls
2026-10-01 17:26:25.850 [info] [installer] Fetched release info from: https://qtccache.qt.io/QMLLS/LatestRelease
2026-10-01 17:26:25.971 [info] [installer] Selected asset: qmllanguageserver-linux-x64-0.8.zip
2026-10-01 17:26:25.974 [info] [qmlls] Status Check: Found, but not executable
2026-10-01 17:26:26.425 [info] [extension] Updating workspace features for projectradio
2026-10-01 17:26:26.425 [info] [extension] Setting qmlPreviewLaunchEnabled to false for folder "undefined"
2026-10-01 17:26:36.549 [info] [extension] Setting qmlPreviewLaunchEnabled to true for folder "radio"
2026-10-01 17:58:56.419 [info] [extension] Setting qmlPreviewLaunchEnabled to false for folder "undefined"
2026-10-01 17:58:57.422 [info] [extension] Setting qmlPreviewLaunchEnabled to true for folder "radio"
2026-10-01 17:59:15.685 [info] [extension] Setting qmlPreviewLaunchEnabled to false for folder "undefined"
2026-10-01 17:59:15.710 [info] [extension] Setting qmlPreviewLaunchEnabled to true for folder "radio"
2026-10-01 17:59:34.112 [info] [qmlls] Updating QML language server
2026-10-01 17:59:34.112 [info] [qmlls] Stopping QML language server to install new version
2026-10-01 17:59:34.112 [info] [qmlls-queue] Enqueueing stop operation
2026-10-01 17:59:34.113 [info] [qmlls-queue] Processing stop operation
2026-10-01 17:59:34.118 [info] [qmlls-queue] Completed stop operation
2026-10-01 17:59:34.118 [info] [qmlls] Installing: qmllanguageserver-linux-x64-0.8.zip, 0.8
2026-10-01 17:59:34.118 [info] [qmlls-queue] Enqueueing install operation
2026-10-01 17:59:34.120 [info] [qmlls-queue] Processing install operation
2026-10-01 17:59:34.120 [info] [installer] Downloading from: https://github.com/TheQtCompanyRnD/qmlls-workflow/releases/download/0.8/qmllanguageserver-linux-x64-0.8.zip
2026-10-01 17:59:37.113 [info] [installer] Removing existing installation: /home/radio/.config/Code/User/globalStorage/theqtcompany.qt-qml/qmlls/files
2026-10-01 17:59:37.113 [info] [installer] Unzipping to: /home/radio/.config/Code/User/globalStorage/theqtcompany.qt-qml/qmlls/files
2026-10-01 17:59:37.292 [info] [installer] QML language server installed to: /home/radio/.config/Code/User/globalStorage/theqtcompany.qt-qml/qmlls/files/qmlls
2026-10-01 17:59:37.292 [info] [qmlls-queue] Completed install operation
2026-10-01 17:59:37.292 [info] [qmlls] Installation done
2026-10-01 17:59:37.292 [info] [qmlls-queue] Enqueueing start operation
2026-10-01 17:59:37.292 [info] [qmlls-queue] Processing start operation
2026-10-01 17:59:37.296 [info] [qmlls] Starting QML Language Server with:
2026-10-01 17:59:37.296 [info] [qmlls-queue] Completed start operation
2026-10-01 17:59:37.302 [error] [qmlls] LanguageClient has failed to start with /home/radio/.config/Code/User/globalStorage/theqtcompany.qt-qml/qmlls/files/qmlls
2026-10-01 18:06:34.723 [info] [extension] Setting qmlPreviewLaunchEnabled to false for folder "undefined"
2026-10-01 18:06:41.589 [info] [extension] Deactivating qt-qml
2026-10-01 18:06:41.589 [info] [project] Disposing project:/home/radio
2026-10-01 18:06:42.645 [info] [installer] Installer initialized with path: /home/radio/.config/Code/User/globalStorage/theqtcompany.qt-qml/qmlls
2026-10-01 18:06:42.646 [info] [project] Creating project:/home/radio
2026-10-01 18:06:42.646 [info] [qmlls-queue] Enqueueing start operation
2026-10-01 18:06:42.646 [info] [qmlls] Fetching release information
2026-10-01 18:06:42.646 [info] [qmlls-queue] Processing start operation
2026-10-01 18:06:42.646 [info] [qmlls] Starting QML Language Server with:
2026-10-01 18:06:42.646 [info] [qmlls-queue] Completed start operation
2026-10-01 18:06:42.646 [error] [qmlls] LanguageClient has failed to start with /home/radio/.config/Code/User/globalStorage/theqtcompany.qt-qml/qmlls/files/qmlls
2026-10-01 18:06:42.821 [info] [installer] Fetched release info from: https://qtccache.qt.io/QMLLS/LatestRelease
2026-10-01 18:06:42.827 [info] [installer] Selected asset: qmllanguageserver-linux-x64-0.8.zip
2026-10-01 18:06:42.832 [info] [qmlls] Status Check: Found, but not executable
2026-10-01 18:07:02.360 [info] [extension] Setting qmlPreviewLaunchEnabled to false for folder "radio"
