2026-10-01 17:26:25.347 [info] [extension] Activating theqtcompany.qt-core
2026-10-01 17:26:25.347 [info] [project] Creating project:"/home/radio"
2026-10-01 17:26:25.347 [info] [vcpkg] vcpkg is not installed
2026-10-01 17:26:25.347 [info] [qtpaths] Found qmake in PATH: /usr/bin/qmake
2026-10-01 17:26:25.347 [warning] [api] Cannot determine target architecture for /usr/bin/qmake
2026-10-01 17:26:25.347 [warning] [api] Cannot determine target architectures for /usr/bin/qmake
2026-10-01 17:26:25.347 [info] [qtpaths] /usr/bin/qmake already exists in the settings
2026-10-01 17:26:25.347 [info] [project] Setting Qt installation root for /home/radio to: 
2026-10-01 17:26:25.347 [info] [project] Setting additional Qt paths for /home/radio to: 
2026-10-01 17:26:25.347 [info] [project] Config values initialized for:/home/radio
2026-10-01 18:06:41.588 [info] [extension] Deactivating qt-core
2026-10-01 18:06:41.589 [info] [project] Disposing project:/home/radio
2026-10-01 18:06:42.106 [info] [extension] Activating theqtcompany.qt-core
2026-10-01 18:06:42.106 [info] [project] Creating project:"/home/radio"
2026-10-01 18:06:42.106 [info] [vcpkg] vcpkg is not installed
2026-10-01 18:06:42.106 [info] [qtpaths] Found qmake in PATH: /usr/bin/qmake
2026-10-01 18:06:42.106 [warning] [api] Cannot determine target architecture for /usr/bin/qmake
2026-10-01 18:06:42.106 [warning] [api] Cannot determine target architectures for /usr/bin/qmake
2026-10-01 18:06:42.106 [info] [qtpaths] /usr/bin/qmake already exists in the settings
2026-10-01 18:06:42.106 [info] [project] Setting Qt installation root for /home/radio to: 
2026-10-01 18:06:42.106 [info] [project] Setting additional Qt paths for /home/radio to: 
2026-10-01 18:06:42.106 [info] [project] Config values initialized for:/home/radio
