2026-09-30 16:20:48.608 [info] Extension host with pid 59969 started
2026-09-30 16:20:48.778 [info] ExtensionService#_doActivateExtension vscode.github-authentication, startup: false, activationEvent: 'onAuthenticationRequest:github'
2026-09-30 16:20:48.801 [info] ExtensionService#_doActivateExtension vscode.emmet, startup: false, activationEvent: 'onLanguage'
2026-09-30 16:20:48.812 [info] ExtensionService#_doActivateExtension vscode.configuration-editing, startup: false, activationEvent: 'onLanguage:json'
2026-09-30 16:20:48.817 [info] ExtensionService#_doActivateExtension vscode.extension-editing, startup: false, activationEvent: 'onLanguage:json'
2026-09-30 16:20:48.827 [info] ExtensionService#_doActivateExtension vscode.json-language-features, startup: false, activationEvent: 'onLanguage:json'
2026-09-30 16:20:48.876 [info] ExtensionService#_doActivateExtension vscode.npm, startup: false, activationEvent: 'onLanguage:json'
2026-09-30 16:20:49.058 [info] ExtensionService#_doActivateExtension vscode.git-base, startup: true, activationEvent: '*', root cause: vscode.git
2026-09-30 16:20:49.061 [info] ExtensionService#_doActivateExtension mhutchie.git-graph, startup: true, activationEvent: '*'
2026-09-30 16:20:49.085 [info] ExtensionService#_doActivateExtension vscode.git, startup: true, activationEvent: '*'
2026-09-30 16:20:49.119 [info] ExtensionService#_doActivateExtension vscode.github, startup: true, activationEvent: '*'
2026-09-30 16:20:49.182 [info] Eager extensions activated
2026-09-30 16:20:49.224 [info] ExtensionService#_doActivateExtension vscode.debug-auto-launch, startup: false, activationEvent: 'onStartupFinished'
2026-09-30 16:20:49.226 [info] ExtensionService#_doActivateExtension vscode.merge-conflict, startup: false, activationEvent: 'onStartupFinished'
2026-09-30 16:20:49.238 [info] ExtensionService#_doActivateExtension esbenp.prettier-vscode, startup: false, activationEvent: 'onStartupFinished'
2026-09-30 16:20:49.244 [info] ExtensionService#_doActivateExtension PKief.material-icon-theme, startup: false, activationEvent: 'onStartupFinished'
2026-09-30 16:20:49.253 [info] ExtensionService#_doActivateExtension ritwickdey.LiveServer, startup: false, activationEvent: 'onStartupFinished'
2026-09-30 16:20:50.398 [info] Extension host terminating: received terminate message from renderer
2026-09-30 16:20:50.482 [error] ProxyResolver#resolveProxy undefined Canceled: Canceled
	at new gS (file:///usr/share/code/resources/app/out/vs/workbench/api/node/extensionHostProcess.js:32:153524)
	at i._remoteCall (file:///usr/share/code/resources/app/out/vs/workbench/api/node/extensionHostProcess.js:32:159608)
	at r.<computed>.s.charCodeAt.r.<computed> (file:///usr/share/code/resources/app/out/vs/workbench/api/node/extensionHostProcess.js:32:156361)
	at nf.resolveProxy (file:///usr/share/code/resources/app/out/vs/workbench/api/node/extensionHostProcess.js:163:82586)
	at Object.resolveProxy (file:///usr/share/code/resources/app/out/vs/workbench/api/node/extensionHostProcess.js:296:25930)
	at useProxySettings (/usr/share/code/resources/app/node_modules.asar/@vscode/proxy-agent/out/index.js:283:16)
	at /usr/share/code/resources/app/node_modules.asar/@vscode/proxy-agent/out/index.js:220:13
	at /usr/share/code/resources/app/node_modules.asar/@vscode/proxy-agent/out/index.js:1140:13
	at process.processTicksAndRejections (node:internal/process/task_queues:104:5) 
2026-09-30 16:20:50.503 [info] Extension host with pid 59969 exiting with code 0
