2026-09-27 14:58:07.763 [info] Extension host with pid 111717 started
2026-09-27 14:58:07.763 [info] Skipping acquiring lock for /home/radio/.config/Code/User/workspaceStorage/6b35ea08b5be49477345569ecb5d1042.
2026-09-27 14:58:08.004 [info] ExtensionService#_doActivateExtension vscode.github-authentication, startup: false, activationEvent: 'onAuthenticationRequest:github'
2026-09-27 14:58:08.023 [info] ExtensionService#_doActivateExtension vscode.emmet, startup: false, activationEvent: 'onLanguage'
2026-09-27 14:58:08.033 [info] ExtensionService#_doActivateExtension vscode.configuration-editing, startup: false, activationEvent: 'onLanguage:jsonc'
2026-09-27 14:58:08.038 [info] ExtensionService#_doActivateExtension vscode.json-language-features, startup: false, activationEvent: 'onLanguage:jsonc'
2026-09-27 14:58:08.083 [info] ExtensionService#_doActivateExtension vscode.typescript-language-features, startup: false, activationEvent: 'onLanguage:jsonc'
2026-09-27 14:58:08.450 [info] ExtensionService#_doActivateExtension vscode.git-base, startup: true, activationEvent: '*', root cause: vscode.git
2026-09-27 14:58:08.453 [info] ExtensionService#_doActivateExtension mhutchie.git-graph, startup: true, activationEvent: '*'
2026-09-27 14:58:08.493 [info] ExtensionService#_doActivateExtension vscode.git, startup: true, activationEvent: '*'
2026-09-27 14:58:08.525 [info] ExtensionService#_doActivateExtension vscode.github, startup: true, activationEvent: '*'
2026-09-27 14:58:08.618 [info] Eager extensions activated
2026-09-27 14:58:08.630 [info] ExtensionService#_doActivateExtension vscode.debug-auto-launch, startup: false, activationEvent: 'onStartupFinished'
2026-09-27 14:58:08.632 [info] ExtensionService#_doActivateExtension vscode.merge-conflict, startup: false, activationEvent: 'onStartupFinished'
2026-09-27 14:58:08.643 [info] ExtensionService#_doActivateExtension esbenp.prettier-vscode, startup: false, activationEvent: 'onStartupFinished'
2026-09-27 14:58:08.648 [info] ExtensionService#_doActivateExtension PKief.material-icon-theme, startup: false, activationEvent: 'onStartupFinished'
2026-09-27 14:58:08.656 [info] ExtensionService#_doActivateExtension ritwickdey.LiveServer, startup: false, activationEvent: 'onStartupFinished'
2026-09-27 15:00:18.014 [info] Extension host terminating: received terminate message from renderer
2026-09-27 15:00:18.029 [info] Extension host with pid 111717 exiting with code 0
2026-09-27 15:00:18.860 [info] Extension host with pid 116093 started
2026-09-27 15:00:18.860 [info] Skipping acquiring lock for /home/radio/.config/Code/User/workspaceStorage/18c8675e86c428c599f689dad346a39c.
2026-09-27 15:00:18.909 [info] ExtensionService#_doActivateExtension vscode.github-authentication, startup: false, activationEvent: 'onAuthenticationRequest:github'
2026-09-27 15:00:18.929 [info] ExtensionService#_doActivateExtension vscode.emmet, startup: false, activationEvent: 'onLanguage'
2026-09-27 15:00:18.988 [info] ExtensionService#_doActivateExtension vscode.git-base, startup: true, activationEvent: '*', root cause: vscode.git
2026-09-27 15:00:18.991 [info] ExtensionService#_doActivateExtension mhutchie.git-graph, startup: true, activationEvent: '*'
2026-09-27 15:00:19.033 [info] ExtensionService#_doActivateExtension vscode.git, startup: true, activationEvent: '*'
2026-09-27 15:00:19.064 [info] ExtensionService#_doActivateExtension vscode.github, startup: true, activationEvent: '*'
2026-09-27 15:00:19.138 [info] Eager extensions activated
2026-09-27 15:00:19.189 [info] ExtensionService#_doActivateExtension vscode.debug-auto-launch, startup: false, activationEvent: 'onStartupFinished'
2026-09-27 15:00:19.191 [info] ExtensionService#_doActivateExtension vscode.merge-conflict, startup: false, activationEvent: 'onStartupFinished'
2026-09-27 15:00:19.205 [info] ExtensionService#_doActivateExtension esbenp.prettier-vscode, startup: false, activationEvent: 'onStartupFinished'
2026-09-27 15:00:19.211 [info] ExtensionService#_doActivateExtension PKief.material-icon-theme, startup: false, activationEvent: 'onStartupFinished'
2026-09-27 15:00:19.219 [info] ExtensionService#_doActivateExtension ritwickdey.LiveServer, startup: false, activationEvent: 'onStartupFinished'
2026-09-27 15:03:12.334 [info] ExtensionService#_doActivateExtension theqtcompany.qt-core, startup: false, activationEvent: 'onLanguage:qml', root cause: theqtcompany.qt-qml
2026-09-27 15:03:12.531 [info] ExtensionService#_doActivateExtension theqtcompany.qt-qml, startup: false, activationEvent: 'onLanguage:qml'
2026-09-27 15:03:12.607 [info] ExtensionService#_doActivateExtension vscode.configuration-editing, startup: false, activationEvent: 'onLanguage:jsonc'
2026-09-27 15:03:12.611 [info] ExtensionService#_doActivateExtension vscode.json-language-features, startup: false, activationEvent: 'onLanguage:jsonc'
2026-09-27 15:03:12.656 [info] ExtensionService#_doActivateExtension vscode.typescript-language-features, startup: false, activationEvent: 'onLanguage:jsonc'
2026-09-27 15:03:19.032 [error] Error: write EPIPE
	at afterWriteDispatched (node:internal/stream_base_commons:159:15)
	at writeGeneric (node:internal/stream_base_commons:150:3)
	at Socket._writeGeneric (node:net:1258:11)
	at Socket._write (node:net:1270:8)
	at writeOrBuffer (node:internal/streams/writable:574:12)
	at _write (node:internal/streams/writable:503:10)
	at Writable.write (node:internal/streams/writable:512:10)
	at /home/radio/.vscode/extensions/theqtcompany.qt-qml-1.16.0/out/extension.js:84:14265
	at new Promise (<anonymous>)
	at YM.write (/home/radio/.vscode/extensions/theqtcompany.qt-qml-1.16.0/out/extension.js:84:14186)
	at JT.doWrite (/home/radio/.vscode/extensions/theqtcompany.qt-qml-1.16.0/out/extension.js:56:1627)
	at /home/radio/.vscode/extensions/theqtcompany.qt-qml-1.16.0/out/extension.js:56:1526
2026-09-27 15:03:19.033 [error] Error: Client is not running and can't be stopped. It's current state is: starting
	at h2.shutdown (/home/radio/.vscode/extensions/theqtcompany.qt-qml-1.16.0/out/extension.js:92:8500)
	at h2.stop (/home/radio/.vscode/extensions/theqtcompany.qt-qml-1.16.0/out/extension.js:92:8079)
	at h2.stop (/home/radio/.vscode/extensions/theqtcompany.qt-qml-1.16.0/out/extension.js:95:31201)
	at h2.doInitialize (/home/radio/.vscode/extensions/theqtcompany.qt-qml-1.16.0/out/extension.js:92:7904)
	at process.processTicksAndRejections (node:internal/process/task_queues:104:5)
	at async h2.start (/home/radio/.vscode/extensions/theqtcompany.qt-qml-1.16.0/out/extension.js:92:4473)
2026-09-27 15:03:19.038 [error] Error: Cannot call write after a stream was destroyed
	at _write (node:internal/streams/writable:493:11)
	at Writable.write (node:internal/streams/writable:512:10)
	at /home/radio/.vscode/extensions/theqtcompany.qt-qml-1.16.0/out/extension.js:84:14265
	at new Promise (<anonymous>)
	at YM.write (/home/radio/.vscode/extensions/theqtcompany.qt-qml-1.16.0/out/extension.js:84:14186)
	at JT.doWrite (/home/radio/.vscode/extensions/theqtcompany.qt-qml-1.16.0/out/extension.js:56:1627)
	at /home/radio/.vscode/extensions/theqtcompany.qt-qml-1.16.0/out/extension.js:56:1526
2026-09-27 15:03:19.039 [error] Error: Client is not running and can't be stopped. It's current state is: starting
	at h2.shutdown (/home/radio/.vscode/extensions/theqtcompany.qt-qml-1.16.0/out/extension.js:92:8500)
	at h2.stop (/home/radio/.vscode/extensions/theqtcompany.qt-qml-1.16.0/out/extension.js:92:8079)
	at h2.stop (/home/radio/.vscode/extensions/theqtcompany.qt-qml-1.16.0/out/extension.js:95:31201)
	at h2.doInitialize (/home/radio/.vscode/extensions/theqtcompany.qt-qml-1.16.0/out/extension.js:92:7904)
	at process.processTicksAndRejections (node:internal/process/task_queues:104:5)
	at async h2.start (/home/radio/.vscode/extensions/theqtcompany.qt-qml-1.16.0/out/extension.js:92:4473)
2026-09-27 15:03:19.043 [error] Error: write EPIPE
	at afterWriteDispatched (node:internal/stream_base_commons:159:15)
	at writeGeneric (node:internal/stream_base_commons:150:3)
	at Socket._writeGeneric (node:net:1258:11)
	at Socket._write (node:net:1270:8)
	at writeOrBuffer (node:internal/streams/writable:574:12)
	at _write (node:internal/streams/writable:503:10)
	at Writable.write (node:internal/streams/writable:512:10)
	at /home/radio/.vscode/extensions/theqtcompany.qt-qml-1.16.0/out/extension.js:84:14265
	at new Promise (<anonymous>)
	at YM.write (/home/radio/.vscode/extensions/theqtcompany.qt-qml-1.16.0/out/extension.js:84:14186)
	at JT.doWrite (/home/radio/.vscode/extensions/theqtcompany.qt-qml-1.16.0/out/extension.js:56:1627)
	at /home/radio/.vscode/extensions/theqtcompany.qt-qml-1.16.0/out/extension.js:56:1526
2026-09-27 15:03:19.044 [error] Error: Client is not running and can't be stopped. It's current state is: starting
	at h2.shutdown (/home/radio/.vscode/extensions/theqtcompany.qt-qml-1.16.0/out/extension.js:92:8500)
	at h2.stop (/home/radio/.vscode/extensions/theqtcompany.qt-qml-1.16.0/out/extension.js:92:8079)
	at h2.stop (/home/radio/.vscode/extensions/theqtcompany.qt-qml-1.16.0/out/extension.js:95:31201)
	at h2.doInitialize (/home/radio/.vscode/extensions/theqtcompany.qt-qml-1.16.0/out/extension.js:92:7904)
	at process.processTicksAndRejections (node:internal/process/task_queues:104:5)
	at async h2.start (/home/radio/.vscode/extensions/theqtcompany.qt-qml-1.16.0/out/extension.js:92:4473)
2026-09-27 15:03:19.048 [error] Error: Cannot call write after a stream was destroyed
	at _write (node:internal/streams/writable:493:11)
	at Writable.write (node:internal/streams/writable:512:10)
	at /home/radio/.vscode/extensions/theqtcompany.qt-qml-1.16.0/out/extension.js:84:14265
	at new Promise (<anonymous>)
	at YM.write (/home/radio/.vscode/extensions/theqtcompany.qt-qml-1.16.0/out/extension.js:84:14186)
	at JT.doWrite (/home/radio/.vscode/extensions/theqtcompany.qt-qml-1.16.0/out/extension.js:56:1627)
	at /home/radio/.vscode/extensions/theqtcompany.qt-qml-1.16.0/out/extension.js:56:1526
2026-09-27 15:03:19.048 [error] Error: Client is not running and can't be stopped. It's current state is: starting
	at h2.shutdown (/home/radio/.vscode/extensions/theqtcompany.qt-qml-1.16.0/out/extension.js:92:8500)
	at h2.stop (/home/radio/.vscode/extensions/theqtcompany.qt-qml-1.16.0/out/extension.js:92:8079)
	at h2.stop (/home/radio/.vscode/extensions/theqtcompany.qt-qml-1.16.0/out/extension.js:95:31201)
	at h2.doInitialize (/home/radio/.vscode/extensions/theqtcompany.qt-qml-1.16.0/out/extension.js:92:7904)
	at process.processTicksAndRejections (node:internal/process/task_queues:104:5)
	at async h2.start (/home/radio/.vscode/extensions/theqtcompany.qt-qml-1.16.0/out/extension.js:92:4473)
2026-09-27 15:03:19.053 [error] Error: write EPIPE
	at afterWriteDispatched (node:internal/stream_base_commons:159:15)
	at writeGeneric (node:internal/stream_base_commons:150:3)
	at Socket._writeGeneric (node:net:1258:11)
	at Socket._write (node:net:1270:8)
	at writeOrBuffer (node:internal/streams/writable:574:12)
	at _write (node:internal/streams/writable:503:10)
	at Writable.write (node:internal/streams/writable:512:10)
	at /home/radio/.vscode/extensions/theqtcompany.qt-qml-1.16.0/out/extension.js:84:14265
	at new Promise (<anonymous>)
	at YM.write (/home/radio/.vscode/extensions/theqtcompany.qt-qml-1.16.0/out/extension.js:84:14186)
	at JT.doWrite (/home/radio/.vscode/extensions/theqtcompany.qt-qml-1.16.0/out/extension.js:56:1627)
	at /home/radio/.vscode/extensions/theqtcompany.qt-qml-1.16.0/out/extension.js:56:1526
2026-09-27 15:03:19.053 [error] Error: Client is not running and can't be stopped. It's current state is: starting
	at h2.shutdown (/home/radio/.vscode/extensions/theqtcompany.qt-qml-1.16.0/out/extension.js:92:8500)
	at h2.stop (/home/radio/.vscode/extensions/theqtcompany.qt-qml-1.16.0/out/extension.js:92:8079)
	at h2.stop (/home/radio/.vscode/extensions/theqtcompany.qt-qml-1.16.0/out/extension.js:95:31201)
	at h2.doInitialize (/home/radio/.vscode/extensions/theqtcompany.qt-qml-1.16.0/out/extension.js:92:7904)
	at process.processTicksAndRejections (node:internal/process/task_queues:104:5)
	at async h2.start (/home/radio/.vscode/extensions/theqtcompany.qt-qml-1.16.0/out/extension.js:92:4473)
2026-09-27 15:03:44.784 [error] Error: Process exited with code 1
	at ChildProcess.<anonymous> (/home/radio/.vscode/extensions/theqtcompany.qt-core-1.16.0/out/extension.js:105:12898)
	at ChildProcess.emit (node:events:514:28)
	at maybeClose (node:internal/child_process:1141:16)
	at Socket.<anonymous> (node:internal/child_process:498:11)
	at Socket.emit (node:events:526:24)
	at Pipe.<anonymous> (node:net:362:12)
2026-09-27 15:09:26.911 [info] Extension host terminating: received terminate message from renderer
2026-09-27 15:09:26.933 [info] Extension host with pid 116093 exiting with code 0
