2026-09-28 05:03:05.263 [info] [installer] Installer initialized with path: /home/radio/.config/Code/User/globalStorage/theqtcompany.qt-qml/qmlls
2026-09-28 05:03:05.263 [info] [project] Creating project:/home/radio/.config
2026-09-28 05:03:05.263 [info] [qmlls-queue] Enqueueing start operation
2026-09-28 05:03:05.263 [info] [qmlls] Fetching release information
2026-09-28 05:03:05.263 [info] [qmlls-queue] Processing start operation
2026-09-28 05:03:05.263 [info] [qmlls] Starting QML Language Server with:-E
2026-09-28 05:03:05.263 [info] [qmlls-queue] Completed start operation
2026-09-28 05:03:05.263 [error] [qmlls] LanguageClient has failed to start with /home/radio/.config/Code/User/globalStorage/theqtcompany.qt-qml/qmlls/files/qmlls
2026-09-28 05:03:05.307 [info] [installer] Fetched release info from: https://qtccache.qt.io/QMLLS/LatestRelease
2026-09-28 05:03:05.314 [info] [installer] Selected asset: qmllanguageserver-linux-x64-0.8.zip
2026-09-28 05:03:05.318 [info] [qmlls] Status Check: Found, but not executable
2026-09-28 05:03:05.605 [info] [extension] Setting qmlPreviewLaunchEnabled to false for folder "undefined"
2026-09-28 05:03:05.631 [info] [extension] Setting qmlPreviewLaunchEnabled to false for folder ".config"
2026-09-28 05:03:09.053 [info] [extension] Setting qmlPreviewLaunchEnabled to false for folder "undefined"
2026-09-28 05:03:09.109 [info] [extension] Setting qmlPreviewLaunchEnabled to false for folder ".config"
2026-09-28 05:03:16.542 [info] [extension] Setting qmlPreviewLaunchEnabled to false for folder "undefined"
2026-09-28 05:03:16.591 [info] [extension] Setting qmlPreviewLaunchEnabled to false for folder ".config"
2026-09-28 05:04:12.337 [info] [extension] Setting qmlPreviewLaunchEnabled to false for folder "undefined"
2026-09-28 05:04:12.409 [info] [extension] Setting qmlPreviewLaunchEnabled to false for folder "undefined"
2026-09-28 05:04:14.457 [info] [extension] Setting qmlPreviewLaunchEnabled to false for folder "undefined"
2026-09-28 05:04:16.028 [info] [extension] Setting qmlPreviewLaunchEnabled to false for folder ".config"
2026-09-28 05:05:20.881 [info] [extension] Deactivating qt-qml
2026-09-28 05:05:20.881 [info] [project] Disposing project:/home/radio/.config
2026-09-28 05:05:20.882 [warning] [qmlls] Canceled
