[2026-10-01 17:26:25.072] Starting Git Graph ...
[2026-10-01 17:26:25.285] Using git (version: 2.55.0)
[2026-10-01 17:26:25.288] Started Git Graph - Ready to use!
[2026-10-01 17:26:25.288] Searching workspace for new repos ...
[2026-10-01 17:26:25.291] > git rev-parse --show-toplevel
[2026-10-01 17:26:25.340] Successfully set Visual Studio Code Context "git-graph:codiconsSupported" to "true"
[2026-10-01 17:26:25.343] Completed searching workspace for new repos
[2026-10-01 17:26:27.444] > git rev-parse --show-toplevel
[2026-10-01 17:26:27.450] > git rev-parse --show-toplevel
[2026-10-01 17:26:27.456] > git rev-parse --show-toplevel
[2026-10-01 17:26:27.462] > git rev-parse --show-toplevel
[2026-10-01 17:26:27.468] > git rev-parse --show-toplevel
[2026-10-01 17:26:27.473] > git rev-parse --show-toplevel
[2026-10-01 17:26:47.890] > git rev-parse --show-toplevel
[2026-10-01 17:26:59.892] > git rev-parse --show-toplevel
[2026-10-01 17:26:59.901] > git rev-parse --show-toplevel
[2026-10-01 17:26:59.909] > git rev-parse --show-toplevel
[2026-10-01 17:26:59.917] > git rev-parse --show-toplevel
[2026-10-01 17:26:59.924] > git rev-parse --show-toplevel
[2026-10-01 17:26:59.932] > git rev-parse --show-toplevel
[2026-10-01 17:26:59.940] > git rev-parse --show-toplevel
[2026-10-01 17:26:59.946] > git rev-parse --show-toplevel
[2026-10-01 17:26:59.954] > git rev-parse --show-toplevel
[2026-10-01 17:26:59.961] > git rev-parse --show-toplevel
[2026-10-01 17:26:59.969] > git rev-parse --show-toplevel
[2026-10-01 17:26:59.977] > git rev-parse --show-toplevel
[2026-10-01 17:26:59.985] > git rev-parse --show-toplevel
[2026-10-01 17:26:59.991] > git rev-parse --show-toplevel
[2026-10-01 17:26:59.997] > git rev-parse --show-toplevel
[2026-10-01 17:27:00.001] > git rev-parse --show-toplevel
[2026-10-01 17:27:00.007] > git rev-parse --show-toplevel
[2026-10-01 17:27:00.012] > git rev-parse --show-toplevel
[2026-10-01 17:27:00.017] > git rev-parse --show-toplevel
[2026-10-01 17:27:00.022] > git rev-parse --show-toplevel
[2026-10-01 17:27:00.029] > git rev-parse --show-toplevel
[2026-10-01 17:27:00.035] > git rev-parse --show-toplevel
[2026-10-01 17:27:00.040] > git rev-parse --show-toplevel
[2026-10-01 17:27:00.046] > git rev-parse --show-toplevel
[2026-10-01 17:27:00.053] > git rev-parse --show-toplevel
[2026-10-01 17:27:00.059] > git rev-parse --show-toplevel
[2026-10-01 17:27:00.066] > git rev-parse --show-toplevel
[2026-10-01 17:27:00.072] > git rev-parse --show-toplevel
[2026-10-01 17:27:00.080] > git rev-parse --show-toplevel
[2026-10-01 17:27:00.086] > git rev-parse --show-toplevel
[2026-10-01 17:27:00.093] > git rev-parse --show-toplevel
[2026-10-01 17:27:00.100] > git rev-parse --show-toplevel
[2026-10-01 17:27:00.106] > git rev-parse --show-toplevel
[2026-10-01 17:27:00.112] > git rev-parse --show-toplevel
[2026-10-01 17:27:00.117] > git rev-parse --show-toplevel
[2026-10-01 17:27:00.124] > git rev-parse --show-toplevel
[2026-10-01 17:27:00.132] > git rev-parse --show-toplevel
[2026-10-01 17:27:00.141] > git rev-parse --show-toplevel
[2026-10-01 17:27:00.147] > git rev-parse --show-toplevel
[2026-10-01 17:27:00.154] > git rev-parse --show-toplevel
[2026-10-01 17:27:00.162] > git rev-parse --show-toplevel
[2026-10-01 17:27:00.171] > git rev-parse --show-toplevel
[2026-10-01 17:27:00.179] > git rev-parse --show-toplevel
[2026-10-01 17:27:02.001] > git rev-parse --show-toplevel
[2026-10-01 17:27:02.007] > git rev-parse --show-toplevel
[2026-10-01 17:27:02.012] > git rev-parse --show-toplevel
[2026-10-01 17:27:02.018] > git rev-parse --show-toplevel
[2026-10-01 17:27:02.022] > git rev-parse --show-toplevel
[2026-10-01 17:27:02.027] > git rev-parse --show-toplevel
[2026-10-01 17:27:02.033] > git rev-parse --show-toplevel
[2026-10-01 17:27:02.039] > git rev-parse --show-toplevel
[2026-10-01 17:27:02.043] > git rev-parse --show-toplevel
[2026-10-01 17:28:05.304] > git rev-parse --show-toplevel
[2026-10-01 17:28:05.308] > git rev-parse --show-toplevel
[2026-10-01 17:28:05.312] > git rev-parse --show-toplevel
[2026-10-01 17:28:05.316] > git rev-parse --show-toplevel
[2026-10-01 17:28:05.319] > git rev-parse --show-toplevel
[2026-10-01 17:28:05.323] > git rev-parse --show-toplevel
[2026-10-01 17:28:05.326] > git rev-parse --show-toplevel
[2026-10-01 17:28:05.330] > git rev-parse --show-toplevel
[2026-10-01 17:28:05.333] > git rev-parse --show-toplevel
[2026-10-01 17:28:05.337] > git rev-parse --show-toplevel
[2026-10-01 17:28:05.340] > git rev-parse --show-toplevel
[2026-10-01 17:28:05.343] > git rev-parse --show-toplevel
[2026-10-01 17:28:05.347] > git rev-parse --show-toplevel
[2026-10-01 17:28:05.350] > git rev-parse --show-toplevel
[2026-10-01 17:28:05.353] > git rev-parse --show-toplevel
[2026-10-01 17:28:05.356] > git rev-parse --show-toplevel
[2026-10-01 17:28:05.358] > git rev-parse --show-toplevel
[2026-10-01 17:28:05.362] > git rev-parse --show-toplevel
[2026-10-01 17:28:05.366] > git rev-parse --show-toplevel
[2026-10-01 17:28:05.370] > git rev-parse --show-toplevel
[2026-10-01 17:28:05.373] > git rev-parse --show-toplevel
[2026-10-01 17:28:05.376] > git rev-parse --show-toplevel
[2026-10-01 17:28:05.380] > git rev-parse --show-toplevel
[2026-10-01 17:28:05.383] > git rev-parse --show-toplevel
[2026-10-01 17:28:05.387] > git rev-parse --show-toplevel
[2026-10-01 17:28:05.392] > git rev-parse --show-toplevel
[2026-10-01 17:28:08.134] > git rev-parse --show-toplevel
[2026-10-01 17:28:18.177] > git rev-parse --show-toplevel
[2026-10-01 17:28:18.184] > git rev-parse --show-toplevel
[2026-10-01 17:28:18.191] > git rev-parse --show-toplevel
[2026-10-01 17:28:18.198] > git rev-parse --show-toplevel
[2026-10-01 17:28:18.204] > git rev-parse --show-toplevel
[2026-10-01 17:28:18.210] > git rev-parse --show-toplevel
[2026-10-01 17:28:18.216] > git rev-parse --show-toplevel
[2026-10-01 17:28:18.221] > git rev-parse --show-toplevel
[2026-10-01 17:28:18.228] > git rev-parse --show-toplevel
[2026-10-01 17:28:18.237] > git rev-parse --show-toplevel
[2026-10-01 17:28:32.979] > git rev-parse --show-toplevel
[2026-10-01 17:28:32.983] > git rev-parse --show-toplevel
[2026-10-01 17:28:32.986] > git rev-parse --show-toplevel
[2026-10-01 17:28:32.988] > git rev-parse --show-toplevel
[2026-10-01 17:28:32.991] > git rev-parse --show-toplevel
[2026-10-01 17:28:32.994] > git rev-parse --show-toplevel
[2026-10-01 17:28:32.998] > git rev-parse --show-toplevel
[2026-10-01 17:28:35.981] > git rev-parse --show-toplevel
[2026-10-01 17:28:35.987] > git rev-parse --show-toplevel
[2026-10-01 17:28:37.375] > git rev-parse --show-toplevel
[2026-10-01 17:28:53.371] > git rev-parse --show-toplevel
[2026-10-01 17:28:53.377] > git rev-parse --show-toplevel
[2026-10-01 17:29:02.865] > git rev-parse --show-toplevel
[2026-10-01 17:29:02.871] > git rev-parse --show-toplevel
[2026-10-01 17:29:02.877] > git rev-parse --show-toplevel
[2026-10-01 17:30:57.617] > git rev-parse --show-toplevel
[2026-10-01 17:30:57.623] > git rev-parse --show-toplevel
[2026-10-01 17:30:57.626] > git rev-parse --show-toplevel
[2026-10-01 17:31:03.086] > git rev-parse --show-toplevel
[2026-10-01 17:31:03.092] > git rev-parse --show-toplevel
[2026-10-01 17:31:03.098] > git rev-parse --show-toplevel
[2026-10-01 17:38:41.482] > git rev-parse --show-toplevel
[2026-10-01 17:38:41.487] > git rev-parse --show-toplevel
[2026-10-01 17:38:41.493] > git rev-parse --show-toplevel
[2026-10-01 17:38:41.499] > git rev-parse --show-toplevel
[2026-10-01 17:38:41.505] > git rev-parse --show-toplevel
[2026-10-01 17:38:41.510] > git rev-parse --show-toplevel
[2026-10-01 17:38:41.516] > git rev-parse --show-toplevel
[2026-10-01 17:38:41.521] > git rev-parse --show-toplevel
[2026-10-01 17:38:41.527] > git rev-parse --show-toplevel
[2026-10-01 17:38:41.532] > git rev-parse --show-toplevel
[2026-10-01 17:38:41.538] > git rev-parse --show-toplevel
[2026-10-01 17:38:41.545] > git rev-parse --show-toplevel
[2026-10-01 17:38:41.552] > git rev-parse --show-toplevel
[2026-10-01 17:38:41.558] > git rev-parse --show-toplevel
[2026-10-01 17:38:41.564] > git rev-parse --show-toplevel
[2026-10-01 17:38:41.570] > git rev-parse --show-toplevel
[2026-10-01 17:38:41.575] > git rev-parse --show-toplevel
[2026-10-01 17:38:41.580] > git rev-parse --show-toplevel
[2026-10-01 17:38:41.585] > git rev-parse --show-toplevel
[2026-10-01 17:38:41.590] > git rev-parse --show-toplevel
[2026-10-01 17:38:41.596] > git rev-parse --show-toplevel
[2026-10-01 17:38:41.603] > git rev-parse --show-toplevel
[2026-10-01 17:38:41.609] > git rev-parse --show-toplevel
[2026-10-01 17:38:41.614] > git rev-parse --show-toplevel
[2026-10-01 17:38:41.621] > git rev-parse --show-toplevel
[2026-10-01 17:38:41.627] > git rev-parse --show-toplevel
[2026-10-01 17:38:41.632] > git rev-parse --show-toplevel
[2026-10-01 17:38:41.638] > git rev-parse --show-toplevel
[2026-10-01 17:38:41.643] > git rev-parse --show-toplevel
[2026-10-01 17:38:41.648] > git rev-parse --show-toplevel
[2026-10-01 17:38:41.654] > git rev-parse --show-toplevel
[2026-10-01 17:38:41.659] > git rev-parse --show-toplevel
[2026-10-01 17:38:41.664] > git rev-parse --show-toplevel
[2026-10-01 17:38:41.670] > git rev-parse --show-toplevel
[2026-10-01 17:38:41.676] > git rev-parse --show-toplevel
[2026-10-01 17:38:41.682] > git rev-parse --show-toplevel
[2026-10-01 17:38:41.687] > git rev-parse --show-toplevel
[2026-10-01 17:38:41.693] > git rev-parse --show-toplevel
[2026-10-01 17:38:41.699] > git rev-parse --show-toplevel
[2026-10-01 17:38:41.704] > git rev-parse --show-toplevel
[2026-10-01 17:38:41.710] > git rev-parse --show-toplevel
[2026-10-01 17:38:41.716] > git rev-parse --show-toplevel
[2026-10-01 17:38:41.719] > git rev-parse --show-toplevel
[2026-10-01 17:38:41.723] > git rev-parse --show-toplevel
[2026-10-01 17:38:41.727] > git rev-parse --show-toplevel
[2026-10-01 17:38:41.731] > git rev-parse --show-toplevel
[2026-10-01 17:38:41.734] > git rev-parse --show-toplevel
[2026-10-01 17:38:41.738] > git rev-parse --show-toplevel
[2026-10-01 17:38:41.741] > git rev-parse --show-toplevel
[2026-10-01 17:38:41.746] > git rev-parse --show-toplevel
[2026-10-01 17:38:41.749] > git rev-parse --show-toplevel
[2026-10-01 17:38:41.753] > git rev-parse --show-toplevel
[2026-10-01 17:38:41.757] > git rev-parse --show-toplevel
[2026-10-01 17:38:41.761] > git rev-parse --show-toplevel
[2026-10-01 17:38:41.764] > git rev-parse --show-toplevel
[2026-10-01 17:38:41.768] > git rev-parse --show-toplevel
[2026-10-01 17:38:41.771] > git rev-parse --show-toplevel
[2026-10-01 17:38:41.775] > git rev-parse --show-toplevel
[2026-10-01 17:38:41.779] > git rev-parse --show-toplevel
[2026-10-01 17:38:41.784] > git rev-parse --show-toplevel
[2026-10-01 17:38:41.790] > git rev-parse --show-toplevel
[2026-10-01 17:38:41.795] > git rev-parse --show-toplevel
[2026-10-01 17:38:41.801] > git rev-parse --show-toplevel
[2026-10-01 17:38:41.807] > git rev-parse --show-toplevel
[2026-10-01 17:38:41.812] > git rev-parse --show-toplevel
[2026-10-01 17:38:41.818] > git rev-parse --show-toplevel
[2026-10-01 17:38:41.823] > git rev-parse --show-toplevel
[2026-10-01 17:38:41.829] > git rev-parse --show-toplevel
[2026-10-01 17:38:41.834] > git rev-parse --show-toplevel
[2026-10-01 17:38:41.839] > git rev-parse --show-toplevel
[2026-10-01 17:38:41.844] > git rev-parse --show-toplevel
[2026-10-01 17:38:41.849] > git rev-parse --show-toplevel
[2026-10-01 17:38:41.852] > git rev-parse --show-toplevel
[2026-10-01 17:38:41.855] > git rev-parse --show-toplevel
[2026-10-01 17:38:41.859] > git rev-parse --show-toplevel
[2026-10-01 17:38:41.863] > git rev-parse --show-toplevel
[2026-10-01 17:38:41.865] > git rev-parse --show-toplevel
[2026-10-01 17:38:41.868] > git rev-parse --show-toplevel
[2026-10-01 17:38:41.872] > git rev-parse --show-toplevel
[2026-10-01 17:38:41.875] > git rev-parse --show-toplevel
[2026-10-01 17:38:41.881] > git rev-parse --show-toplevel
[2026-10-01 17:38:41.886] > git rev-parse --show-toplevel
[2026-10-01 17:38:41.890] > git rev-parse --show-toplevel
[2026-10-01 17:38:41.895] > git rev-parse --show-toplevel
[2026-10-01 17:38:41.901] > git rev-parse --show-toplevel
[2026-10-01 17:38:41.906] > git rev-parse --show-toplevel
[2026-10-01 17:38:41.912] > git rev-parse --show-toplevel
[2026-10-01 17:38:41.917] > git rev-parse --show-toplevel
[2026-10-01 17:38:41.924] > git rev-parse --show-toplevel
[2026-10-01 17:38:41.930] > git rev-parse --show-toplevel
[2026-10-01 17:38:41.937] > git rev-parse --show-toplevel
[2026-10-01 17:38:41.943] > git rev-parse --show-toplevel
[2026-10-01 17:38:41.948] > git rev-parse --show-toplevel
[2026-10-01 17:38:41.954] > git rev-parse --show-toplevel
[2026-10-01 17:38:41.960] > git rev-parse --show-toplevel
[2026-10-01 17:38:41.966] > git rev-parse --show-toplevel
[2026-10-01 17:38:41.971] > git rev-parse --show-toplevel
[2026-10-01 17:38:41.978] > git rev-parse --show-toplevel
[2026-10-01 17:38:41.983] > git rev-parse --show-toplevel
[2026-10-01 17:38:41.988] > git rev-parse --show-toplevel
[2026-10-01 17:38:41.993] > git rev-parse --show-toplevel
[2026-10-01 17:38:41.996] > git rev-parse --show-toplevel
[2026-10-01 17:38:42.000] > git rev-parse --show-toplevel
[2026-10-01 17:38:42.006] > git rev-parse --show-toplevel
[2026-10-01 17:38:42.012] > git rev-parse --show-toplevel
[2026-10-01 17:38:42.017] > git rev-parse --show-toplevel
[2026-10-01 17:38:42.022] > git rev-parse --show-toplevel
[2026-10-01 17:38:42.028] > git rev-parse --show-toplevel
[2026-10-01 17:38:42.033] > git rev-parse --show-toplevel
[2026-10-01 17:38:43.845] > git rev-parse --show-toplevel
[2026-10-01 17:38:46.520] > git rev-parse --show-toplevel
[2026-10-01 17:38:46.524] > git rev-parse --show-toplevel
[2026-10-01 17:38:46.527] > git rev-parse --show-toplevel
[2026-10-01 17:38:46.530] > git rev-parse --show-toplevel
[2026-10-01 17:38:46.533] > git rev-parse --show-toplevel
[2026-10-01 17:38:46.538] > git rev-parse --show-toplevel
[2026-10-01 17:38:46.542] > git rev-parse --show-toplevel
[2026-10-01 17:38:46.545] > git rev-parse --show-toplevel
[2026-10-01 17:38:49.208] > git rev-parse --show-toplevel
[2026-10-01 17:39:31.120] > git rev-parse --show-toplevel
[2026-10-01 17:40:16.647] > git rev-parse --show-toplevel
[2026-10-01 17:40:16.652] > git rev-parse --show-toplevel
[2026-10-01 17:40:16.656] > git rev-parse --show-toplevel
[2026-10-01 17:40:16.660] > git rev-parse --show-toplevel
[2026-10-01 17:40:16.665] > git rev-parse --show-toplevel
[2026-10-01 17:40:22.758] > git rev-parse --show-toplevel
[2026-10-01 17:40:22.762] > git rev-parse --show-toplevel
[2026-10-01 17:40:22.766] > git rev-parse --show-toplevel
[2026-10-01 17:40:22.769] > git rev-parse --show-toplevel
[2026-10-01 17:58:55.791] > git rev-parse --show-toplevel
[2026-10-01 17:58:55.797] > git rev-parse --show-toplevel
[2026-10-01 17:59:03.251] > git rev-parse --show-toplevel
[2026-10-01 18:01:55.613] > git rev-parse --show-toplevel
[2026-10-01 18:01:55.617] > git rev-parse --show-toplevel
[2026-10-01 18:01:55.620] > git rev-parse --show-toplevel
[2026-10-01 18:01:55.624] > git rev-parse --show-toplevel
[2026-10-01 18:01:55.628] > git rev-parse --show-toplevel
[2026-10-01 18:01:55.634] > git rev-parse --show-toplevel
[2026-10-01 18:01:57.621] > git rev-parse --show-toplevel
[2026-10-01 18:02:00.398] > git rev-parse --show-toplevel
[2026-10-01 18:02:03.213] > git rev-parse --show-toplevel
[2026-10-01 18:02:03.218] > git rev-parse --show-toplevel
[2026-10-01 18:02:03.222] > git rev-parse --show-toplevel
[2026-10-01 18:02:03.227] > git rev-parse --show-toplevel
[2026-10-01 18:02:03.231] > git rev-parse --show-toplevel
[2026-10-01 18:02:07.388] > git rev-parse --show-toplevel
[2026-10-01 18:02:12.763] > git rev-parse --show-toplevel
[2026-10-01 18:02:12.769] > git rev-parse --show-toplevel
[2026-10-01 18:02:24.702] > git rev-parse --show-toplevel
[2026-10-01 18:02:24.709] > git rev-parse --show-toplevel
[2026-10-01 18:02:27.570] > git rev-parse --show-toplevel
[2026-10-01 18:02:27.577] > git rev-parse --show-toplevel
[2026-10-01 18:02:27.584] > git rev-parse --show-toplevel
[2026-10-01 18:02:27.589] > git rev-parse --show-toplevel
[2026-10-01 18:02:27.595] > git rev-parse --show-toplevel
[2026-10-01 18:02:27.601] > git rev-parse --show-toplevel
[2026-10-01 18:02:33.459] > git rev-parse --show-toplevel
[2026-10-01 18:02:33.465] > git rev-parse --show-toplevel
[2026-10-01 18:02:33.470] > git rev-parse --show-toplevel
[2026-10-01 18:03:55.211] > git rev-parse --show-toplevel
[2026-10-01 18:04:16.759] > git rev-parse --show-toplevel
[2026-10-01 18:05:00.410] > git rev-parse --show-toplevel
[2026-10-01 18:05:00.416] > git rev-parse --show-toplevel
[2026-10-01 18:05:04.755] > git rev-parse --show-toplevel
