[bookmarks] Loaded 0 bookmarks
[variant] Loaded new set of variants
[kit] Detected kits definition version change from undefined to 2. Silently scanning for kits.
[proc] Executing command: /usr/bin/clang -v
[proc] Executing command: /usr/bin/clang-22 -v
[proc] Executing command: /usr/bin/clang-cl -v
[proc] Executing command: /usr/bin/gcc -v
[proc] Executing command: /usr/bin/x86_64-linux-gnu-gcc -v
[proc] Executing command: /usr/bin/x86_64-pc-linux-gnu-gcc -v
[proc] Executing command: /usr/bin/x86_64-pc-linux-gnu-gcc-16 -v
[proc] Executing command: /usr/bin/x86_64-pc-linux-gnu-gcc -v
[proc] Executing command: /usr/bin/clang -v
[proc] Executing command: /usr/bin/clang -v
[proc] Executing command: /usr/bin/clang-22 -v
[proc] Executing command: /usr/bin/clang-cl -v
[proc] Executing command: /usr/bin/gcc -v
[proc] Executing command: /usr/bin/x86_64-linux-gnu-gcc -v
[proc] Executing command: /usr/bin/x86_64-pc-linux-gnu-gcc -v
[proc] Executing command: /usr/bin/x86_64-pc-linux-gnu-gcc-16 -v
[kit] Found Kit (trusted): Clang 22.1.8 x86_64-pc-linux-gnu
[kit] Found Kit (trusted): Clang 22.1.8 x86_64-pc-linux-gnu
[kit] Found Kit (trusted): Clang-cl 22.1.8 x86_64-pc-windows-msvc
[kit] Found Kit (trusted): GCC 16.2.1 x86_64-pc-linux-gnu
[kit] Found Kit (trusted): GCC 16.2.1 x86_64-pc-linux-gnu
[kit] Found Kit (trusted): GCC 16.2.1 x86_64-pc-linux-gnu
[kit] Found Kit (trusted): GCC 16.2.1 x86_64-pc-linux-gnu
[proc] Executing command: /usr/bin/x86_64-pc-linux-gnu-gcc -v
[proc] Executing command: /usr/bin/clang -v
[kit] Found Kit (trusted): Clang 22.1.8 x86_64-pc-linux-gnu
[kit] Found Kit (trusted): Clang 22.1.8 x86_64-pc-linux-gnu
[kit] Found Kit (trusted): Clang-cl 22.1.8 x86_64-pc-windows-msvc
[kit] Found Kit (trusted): GCC 16.2.1 x86_64-pc-linux-gnu
[kit] Found Kit (trusted): GCC 16.2.1 x86_64-pc-linux-gnu
[kit] Found Kit (trusted): GCC 16.2.1 x86_64-pc-linux-gnu
[kit] Found Kit (trusted): GCC 16.2.1 x86_64-pc-linux-gnu
[proc] Executing command: /usr/bin/clang -v
[proc] Executing command: /usr/bin/clang-22 -v
[proc] Executing command: /usr/bin/clang-cl -v
[proc] Executing command: /usr/bin/gcc -v
[proc] Executing command: /usr/bin/x86_64-linux-gnu-gcc -v
[proc] Executing command: /usr/bin/x86_64-pc-linux-gnu-gcc -v
[proc] Executing command: /usr/bin/x86_64-pc-linux-gnu-gcc-16 -v
[proc] Executing command: /usr/bin/x86_64-pc-linux-gnu-gcc -v
[proc] Executing command: /usr/bin/clang -v
[kit] Found Kit (trusted): Clang 22.1.8 x86_64-pc-linux-gnu
[kit] Found Kit (trusted): Clang 22.1.8 x86_64-pc-linux-gnu
[kit] Found Kit (trusted): Clang-cl 22.1.8 x86_64-pc-windows-msvc
[kit] Found Kit (trusted): GCC 16.2.1 x86_64-pc-linux-gnu
[kit] Found Kit (trusted): GCC 16.2.1 x86_64-pc-linux-gnu
[kit] Found Kit (trusted): GCC 16.2.1 x86_64-pc-linux-gnu
[kit] Found Kit (trusted): GCC 16.2.1 x86_64-pc-linux-gnu
[proc] Executing command: /usr/bin/clang -v
[proc] Executing command: /usr/bin/clang-22 -v
[proc] Executing command: /usr/bin/clang-cl -v
[proc] Executing command: /usr/bin/gcc -v
[proc] Executing command: /usr/bin/x86_64-linux-gnu-gcc -v
[proc] Executing command: /usr/bin/x86_64-pc-linux-gnu-gcc -v
[proc] Executing command: /usr/bin/x86_64-pc-linux-gnu-gcc-16 -v
[proc] Executing command: /usr/bin/x86_64-pc-linux-gnu-gcc -v
[proc] Executing command: /usr/bin/clang -v
[kit] Found Kit (trusted): Clang 22.1.8 x86_64-pc-linux-gnu
[kit] Found Kit (trusted): Clang 22.1.8 x86_64-pc-linux-gnu
[kit] Found Kit (trusted): Clang-cl 22.1.8 x86_64-pc-windows-msvc
[kit] Found Kit (trusted): GCC 16.2.1 x86_64-pc-linux-gnu
[kit] Found Kit (trusted): GCC 16.2.1 x86_64-pc-linux-gnu
[kit] Found Kit (trusted): GCC 16.2.1 x86_64-pc-linux-gnu
[kit] Found Kit (trusted): GCC 16.2.1 x86_64-pc-linux-gnu
[kit] Successfully loaded 3 kits from /home/radio/.local/share/CMakeTools/cmake-tools-kits.json
[kit] Successfully loaded 3 kits from /home/radio/.local/share/CMakeTools/cmake-tools-kits.json
