2026-09-27 15:49:20.143 [info] Python-envs extension version: 1.38.0
2026-09-27 15:49:20.143 [info] 
=== Python Envs Configuration Levels ===
2026-09-27 15:49:20.143 [info] {
  "section": "Python Envs Configuration Levels",
  "defaultEnvManager": {
    "workspaceFolderValue": "undefined",
    "workspaceValue": "undefined",
    "globalValue": "undefined",
    "defaultValue": "ms-python.python:venv"
  },
  "defaultPackageManager": {
    "workspaceFolderValue": "undefined",
    "workspaceValue": "undefined",
    "globalValue": "undefined",
    "defaultValue": "ms-python.python:pip"
  }
}
2026-09-27 15:49:20.143 [info] Python API: Projects changed. Added: 1, Removed: 0
2026-09-27 15:49:20.143 [info] [pet] Starting Python Locator /home/radio/.vscode/extensions/ms-python.vscode-python-envs-1.38.0-linux-x64/python-env-tools/bin/pet server
2026-09-27 15:49:20.143 [info] Registering conda manager (environments will be discovered lazily)
2026-09-27 15:49:20.143 [info] Registering pyenv manager (environments will be discovered lazily)
2026-09-27 15:49:20.143 [info] Registering pipenv manager (environments will be discovered lazily)
2026-09-27 15:49:20.143 [info] Registering poetry manager (environments will be discovered lazily)
2026-09-27 15:49:20.143 [info] [interpreterSelection] Applying initial environment selection for 1 workspace folder(s)
2026-09-27 15:49:20.143 [info] [pet] configure: Sending configuration update: {"workspaceDirectories":["/home/radio/.config/waybar"],"environmentDirectories":["/home/radio/.config/waybar/.venv","/home/radio/.config/waybar/*/.venv"],"pipenvExecutable":"pipenv","poetryExecutable":"poetry","cacheDirectory":"/home/radio/.config/Code/User/globalStorage/ms-python.vscode-python-envs/pythonLocator"}
2026-09-27 15:49:20.167 [info] Refreshing Conda Environments
2026-09-27 15:49:20.167 [info] Refreshing conda environments (hardRefresh=true)
2026-09-27 15:49:20.167 [info] Refreshing Pyenv Environments
2026-09-27 15:49:20.167 [info] Refreshing pyenv environments
2026-09-27 15:49:20.167 [info] Refreshing Pipenv Environments
2026-09-27 15:49:20.167 [info] Refreshing pipenv environments
2026-09-27 15:49:20.167 [info] Refreshing Poetry Environments
2026-09-27 15:49:20.167 [info] Refreshing poetry environments
2026-09-27 15:49:20.243 [info] Discovered env: /usr/bin/python
2026-09-27 15:49:20.267 [info] [SYS_SET] scope=/home/radio/.config/waybar, project=/home/radio/.config/waybar, normalizedKey=/home/radio/.config/waybar, env=Python 3.14.7-jnhppg23gam
2026-09-27 15:49:20.277 [warning] No conda manager found in native finder data
2026-09-27 15:49:20.277 [warning] No conda manager found in native finder data
2026-09-27 15:49:20.277 [info] Pipenv not found via settings, cache, or PATH
2026-09-27 15:49:20.277 [info] Found 0 pipenv environments
2026-09-27 15:49:20.279 [info] Poetry executable not found
2026-09-27 15:49:20.280 [info] Refreshing conda environments (hardRefresh=false)
2026-09-27 15:49:20.281 [info] Pipenv not found via settings, cache, or PATH
2026-09-27 15:49:20.281 [info] Refreshing pipenv environments
2026-09-27 15:49:20.283 [warning] No conda manager found in native finder data
2026-09-27 15:49:20.283 [warning] No conda manager found in native finder data
2026-09-27 15:49:20.283 [info] Refreshing pyenv environments
2026-09-27 15:49:20.283 [info] Refreshing poetry environments
2026-09-27 15:49:20.284 [info] Pipenv not found via settings, cache, or PATH
2026-09-27 15:49:20.284 [info] Found 0 pipenv environments
2026-09-27 15:49:20.314 [info] Conda not found, conda features will be inactive.
2026-09-27 15:49:20.316 [info] Pipenv not found via settings, cache, or PATH
2026-09-27 15:49:20.319 [info] Python API: Changed environment from undefined to Python 3.14.7 for: /home/radio/.config/waybar
2026-09-27 15:49:20.319 [info] Internal: Changed environment from undefined to Python 3.14.7 for: /home/radio/.config/waybar
2026-09-27 15:49:20.319 [info] [interpreterSelection] waybar: Python 3.14.7 (source: autoDiscovery)
2026-09-27 15:49:20.319 [info] [interpreterSelection] Workspace env resolved, deferring global scope to background
2026-09-27 15:49:20.327 [info] Poetry executable not found
2026-09-27 15:49:20.332 [info] Python API: Changed environment from undefined to Python 3.14.7 for: global
2026-09-27 15:49:20.332 [info] Internal: Changed environment from undefined to Python 3.14.7 for: global
2026-09-27 15:49:20.332 [info] [interpreterSelection] global: Python 3.14.7 (source: autoDiscovery)
2026-09-27 15:49:20.335 [info] Environment discovery complete: 1 environments found (Global: 1)
