2026-09-28 04:46:15.607 [info] [main] Log level: Info
2026-09-28 04:46:15.607 [info] [main] Validating found git in: "git"
2026-09-28 04:46:15.607 [info] [main] Using git "2.55.0" from "git"
2026-09-28 04:46:15.607 [info] [Model][doInitialScan] Initial repository scan started
2026-09-28 04:46:15.607 [info] > git rev-parse --show-toplevel [3ms]
2026-09-28 04:46:15.607 [info] fatal: not a git repository (or any of the parent directories): .git
2026-09-28 04:46:15.609 [info] > git rev-parse --show-toplevel [8ms]
2026-09-28 04:46:15.609 [info] fatal: not a git repository (or any of the parent directories): .git
2026-09-28 04:46:15.611 [info] [Model][doInitialScan] Initial repository scan completed - repositories (0), closed repositories (0), parent repositories (0), unsafe repositories (0)
2026-09-28 04:46:15.656 [info] > git rev-parse --show-toplevel [42ms]
2026-09-28 04:46:15.656 [info] fatal: not a git repository (or any of the parent directories): .git
2026-09-28 04:46:15.704 [info] > git rev-parse --show-toplevel [8ms]
2026-09-28 04:46:15.704 [info] fatal: not a git repository (or any of the parent directories): .git
2026-09-28 04:46:15.707 [info] > git rev-parse --show-toplevel [1ms]
2026-09-28 04:46:15.707 [info] fatal: not a git repository (or any of the parent directories): .git
2026-09-28 04:46:15.772 [info] > git rev-parse --show-toplevel [1ms]
2026-09-28 04:46:15.772 [info] fatal: not a git repository (or any of the parent directories): .git
2026-09-28 04:46:15.816 [info] > git rev-parse --show-toplevel [1ms]
2026-09-28 04:46:15.816 [info] fatal: not a git repository (or any of the parent directories): .git
2026-09-28 04:46:15.867 [info] > git rev-parse --show-toplevel [1ms]
2026-09-28 04:46:15.867 [info] fatal: not a git repository (or any of the parent directories): .git
2026-09-28 04:46:17.349 [info] > git rev-parse --show-toplevel [0ms]
2026-09-28 04:46:17.349 [info] fatal: not a git repository (or any of the parent directories): .git
2026-09-28 04:46:20.648 [info] > git rev-parse --show-toplevel [1ms]
2026-09-28 04:46:20.648 [info] fatal: not a git repository (or any of the parent directories): .git
2026-09-28 04:48:23.840 [info] > git rev-parse --show-toplevel [1ms]
2026-09-28 04:48:23.840 [info] fatal: not a git repository (or any of the parent directories): .git
2026-09-28 04:48:30.563 [info] > git rev-parse --show-toplevel [1ms]
2026-09-28 04:48:30.563 [info] fatal: not a git repository (or any of the parent directories): .git
2026-09-28 04:50:54.104 [info] > git rev-parse --show-toplevel [1ms]
2026-09-28 04:50:54.104 [info] fatal: not a git repository (or any of the parent directories): .git
2026-09-28 04:51:03.099 [info] > git rev-parse --show-toplevel [2ms]
2026-09-28 04:51:03.099 [info] fatal: not a git repository (or any of the parent directories): .git
2026-09-28 04:51:13.077 [info] > git rev-parse --show-toplevel [1ms]
2026-09-28 04:51:13.077 [info] fatal: not a git repository (or any of the parent directories): .git
2026-09-28 04:51:17.858 [info] > git rev-parse --show-toplevel [1ms]
2026-09-28 04:51:17.858 [info] fatal: not a git repository (or any of the parent directories): .git
2026-09-28 04:51:26.637 [info] > git rev-parse --show-toplevel [1ms]
2026-09-28 04:51:26.637 [info] fatal: not a git repository (or any of the parent directories): .git
