2026-10-01 17:26:07.489 [info] [RemoteAgentHost] Reconciling: desired=[], current=[]
2026-10-01 17:26:07.785 [info] Started local extension host with pid 15770.
2026-10-01 17:26:08.418 [error] [Extension Host] (node:15770) [DEP0169] DeprecationWarning: `url.parse()` behavior is not standardized and prone to errors that have security implications. Use the WHATWG URL API instead. CVEs are not issued for `url.parse()` vulnerabilities.
(Use `exe --trace-deprecation ...` to show where the warning was created)
2026-10-01 17:26:08.557 [info] [AccountPolicyGate] apply: state=inactive, reason=undefined, isRestricted=false
2026-10-01 17:26:08.822 [info] Settings Sync: Account status changed from uninitialized to unavailable
2026-10-01 17:26:10.477 [info] [perf] Render performance baseline is 13ms
2026-10-01 17:26:13.558 [info] [AccountPolicyGate] apply: state=inactive, reason=undefined, isRestricted=false
2026-10-01 17:26:20.877 [info] [RemoteAgentHost] Reconciling: desired=[], current=[]
2026-10-01 17:26:20.979 [info] Started local extension host with pid 20486.
2026-10-01 17:26:21.454 [info] [AccountPolicyGate] apply: state=inactive, reason=undefined, isRestricted=false
2026-10-01 17:26:21.590 [info] Settings Sync: Account status changed from uninitialized to unavailable
2026-10-01 17:26:23.595 [info] [perf] Render performance baseline is 13ms
2026-10-01 17:26:25.500 [error] [Extension Host] (node:20486) [DEP0169] DeprecationWarning: `url.parse()` behavior is not standardized and prone to errors that have security implications. Use the WHATWG URL API instead. CVEs are not issued for `url.parse()` vulnerabilities.
(Use `exe --trace-deprecation ...` to show where the warning was created)
2026-10-01 17:26:25.647 [error] [Extension Host] Sending request failed.
2026-10-01 17:26:25.666 [error] [Extension Host] Error: Unexpected SIGPIPE
	at process.<anonymous> (file:///usr/share/code/resources/app/out/bootstrap-fork.js:4:1691)
	at process.emit (node:events:514:28)
2026-10-01 17:26:25.667 [error] [Extension Host] Sending request failed.
2026-10-01 17:26:25.673 [error] [Extension Host] Sending request failed.
2026-10-01 17:26:25.684 [error] [Extension Host] Sending request failed.
2026-10-01 17:26:25.691 [error] [Extension Host] Sending request failed.
2026-10-01 17:26:26.454 [info] [AccountPolicyGate] apply: state=inactive, reason=undefined, isRestricted=false
2026-10-01 17:26:26.641 [error] An unknown error occurred. Please consult the log for more details.
2026-10-01 17:59:37.314 [error] [Extension Host] Sending request failed.
2026-10-01 17:59:37.329 [error] [Extension Host] Sending request failed.
2026-10-01 17:59:37.343 [error] [Extension Host] Sending request failed.
2026-10-01 17:59:37.351 [error] [Extension Host] Sending request failed.
2026-10-01 17:59:37.363 [error] [Extension Host] Sending request failed.
2026-10-01 17:59:38.305 [error] An unknown error occurred. Please consult the log for more details.
2026-10-01 18:06:41.672 [info] Started local extension host with pid 26558.
2026-10-01 18:06:42.456 [error] [Extension Host] (node:26558) [DEP0169] DeprecationWarning: `url.parse()` behavior is not standardized and prone to errors that have security implications. Use the WHATWG URL API instead. CVEs are not issued for `url.parse()` vulnerabilities.
(Use `exe --trace-deprecation ...` to show where the warning was created)
2026-10-01 18:06:42.561 [error] [Extension Host] Sending request failed.
2026-10-01 18:06:42.597 [error] [Extension Host] Sending request failed.
2026-10-01 18:06:42.644 [error] [Extension Host] Error: Unexpected SIGPIPE
	at process.<anonymous> (file:///usr/share/code/resources/app/out/bootstrap-fork.js:4:1691)
	at process.emit (node:events:514:28)
2026-10-01 18:06:42.647 [error] [Extension Host] Sending request failed.
2026-10-01 18:06:42.650 [error] [Extension Host] Sending request failed.
2026-10-01 18:06:42.655 [error] [Extension Host] Sending request failed.
2026-10-01 18:06:43.564 [error] An unknown error occurred. Please consult the log for more details.
