2026-09-27 15:48:24.279 [info] Extension host with pid 121055 started
2026-09-27 15:48:24.279 [info] Skipping acquiring lock for /home/radio/.config/Code/User/workspaceStorage/a1d357cf2790ffd4a0a1a25c0196c009.
2026-09-27 15:48:24.526 [info] ExtensionService#_doActivateExtension vscode.github-authentication, startup: false, activationEvent: 'onAuthenticationRequest:github'
2026-09-27 15:48:24.549 [info] ExtensionService#_doActivateExtension vscode.emmet, startup: false, activationEvent: 'onLanguage'
2026-09-27 15:48:24.561 [info] ExtensionService#_doActivateExtension yinfei.luahelper, startup: false, activationEvent: 'onLanguage:lua'
2026-09-27 15:48:24.718 [info] ExtensionService#_doActivateExtension vscode.git-base, startup: true, activationEvent: '*', root cause: vscode.git
2026-09-27 15:48:24.720 [info] ExtensionService#_doActivateExtension mhutchie.git-graph, startup: true, activationEvent: '*'
2026-09-27 15:48:24.791 [info] ExtensionService#_doActivateExtension vscode.git, startup: true, activationEvent: '*'
2026-09-27 15:48:24.825 [info] ExtensionService#_doActivateExtension vscode.github, startup: true, activationEvent: '*'
2026-09-27 15:48:24.897 [info] Eager extensions activated
2026-09-27 15:48:24.906 [info] ExtensionService#_doActivateExtension vscode.debug-auto-launch, startup: false, activationEvent: 'onStartupFinished'
2026-09-27 15:48:24.907 [info] ExtensionService#_doActivateExtension vscode.merge-conflict, startup: false, activationEvent: 'onStartupFinished'
2026-09-27 15:48:24.919 [info] ExtensionService#_doActivateExtension esbenp.prettier-vscode, startup: false, activationEvent: 'onStartupFinished'
2026-09-27 15:48:24.925 [info] ExtensionService#_doActivateExtension PKief.material-icon-theme, startup: false, activationEvent: 'onStartupFinished'
2026-09-27 15:48:24.934 [info] ExtensionService#_doActivateExtension ritwickdey.LiveServer, startup: false, activationEvent: 'onStartupFinished'
2026-09-27 15:48:28.931 [info] Extension host terminating: received terminate message from renderer
2026-09-27 15:48:28.943 [info] Extension host with pid 121055 exiting with code 0
2026-09-27 15:48:29.748 [info] Extension host with pid 121305 started
2026-09-27 15:48:29.748 [info] Skipping acquiring lock for /home/radio/.config/Code/User/workspaceStorage/6b35ea08b5be49477345569ecb5d1042.
2026-09-27 15:48:29.816 [info] ExtensionService#_doActivateExtension vscode.github-authentication, startup: false, activationEvent: 'onAuthenticationRequest:github'
2026-09-27 15:48:29.842 [info] ExtensionService#_doActivateExtension vscode.emmet, startup: false, activationEvent: 'onLanguage'
2026-09-27 15:48:29.884 [info] ExtensionService#_doActivateExtension vscode.git-base, startup: true, activationEvent: '*', root cause: vscode.git
2026-09-27 15:48:29.887 [info] ExtensionService#_doActivateExtension mhutchie.git-graph, startup: true, activationEvent: '*'
2026-09-27 15:48:29.994 [info] ExtensionService#_doActivateExtension vscode.git, startup: true, activationEvent: '*'
2026-09-27 15:48:30.024 [info] ExtensionService#_doActivateExtension vscode.github, startup: true, activationEvent: '*'
2026-09-27 15:48:30.084 [info] Eager extensions activated
2026-09-27 15:48:30.089 [info] ExtensionService#_doActivateExtension vscode.debug-auto-launch, startup: false, activationEvent: 'onStartupFinished'
2026-09-27 15:48:30.090 [info] ExtensionService#_doActivateExtension vscode.merge-conflict, startup: false, activationEvent: 'onStartupFinished'
2026-09-27 15:48:30.101 [info] ExtensionService#_doActivateExtension esbenp.prettier-vscode, startup: false, activationEvent: 'onStartupFinished'
2026-09-27 15:48:30.107 [info] ExtensionService#_doActivateExtension PKief.material-icon-theme, startup: false, activationEvent: 'onStartupFinished'
2026-09-27 15:48:30.115 [info] ExtensionService#_doActivateExtension ritwickdey.LiveServer, startup: false, activationEvent: 'onStartupFinished'
2026-09-27 15:48:30.942 [info] ExtensionService#_doActivateExtension vscode.css-language-features, startup: false, activationEvent: 'onLanguage:css'
2026-09-27 15:48:56.214 [info] ExtensionService#_doActivateExtension vscode.configuration-editing, startup: false, activationEvent: 'onLanguage:jsonc'
2026-09-27 15:48:56.219 [info] ExtensionService#_doActivateExtension vscode.json-language-features, startup: false, activationEvent: 'onLanguage:jsonc'
2026-09-27 15:48:56.284 [info] ExtensionService#_doActivateExtension vscode.typescript-language-features, startup: false, activationEvent: 'onLanguage:jsonc'
2026-09-27 15:49:19.670 [info] ExtensionService#_doActivateExtension ms-python.python, startup: false, activationEvent: 'onLanguage:python', root cause: ms-python.debugpy
2026-09-27 15:49:19.791 [info] ExtensionService#_doActivateExtension ms-python.vscode-pylance, startup: false, activationEvent: 'onLanguage:python'
2026-09-27 15:49:20.007 [info] ExtensionService#_doActivateExtension ms-python.vscode-python-envs, startup: false, activationEvent: 'onLanguage:python'
2026-09-27 15:49:20.215 [info] ExtensionService#_doActivateExtension ms-python.debugpy, startup: false, activationEvent: 'onLanguage:python'
2026-09-27 15:49:20.461 [info] ExtensionService#_doActivateExtension vscode.terminal-suggest, startup: false, activationEvent: 'onTerminalShellIntegration:*'
2026-09-27 15:49:22.009 [warning] DiagnosticCollection with name 'Pylance' does already exist.
2026-09-27 16:31:52.675 [info] Extension host terminating: received terminate message from renderer
2026-09-27 16:31:52.736 [error] An error occurred when disposing the subscriptions for extension 'ms-python.vscode-python-envs':
2026-09-27 16:31:52.736 [error] Error: Channel has been closed
	at r (file:///usr/share/code/resources/app/out/vs/workbench/api/node/extensionHostProcess.js:171:3935)
	at Object.error (file:///usr/share/code/resources/app/out/vs/workbench/api/node/extensionHostProcess.js:171:4394)
	at Object.dispose (/home/radio/.vscode/extensions/ms-python.vscode-python-envs-1.38.0-linux-x64/dist/extension.js:2:763474)
	at /home/radio/.vscode/extensions/ms-python.vscode-python-envs-1.38.0-linux-x64/dist/extension.js:2:762061
	at Array.forEach (<anonymous>)
	at D.dispose (/home/radio/.vscode/extensions/ms-python.vscode-python-envs-1.38.0-linux-x64/dist/extension.js:2:762048)
	at xn (file:///usr/share/code/resources/app/out/vs/workbench/api/node/extensionHostProcess.js:26:736)
	at U_._fn (file:///usr/share/code/resources/app/out/vs/workbench/api/node/extensionHostProcess.js:168:18537)
	at U_.dispose (file:///usr/share/code/resources/app/out/vs/workbench/api/node/extensionHostProcess.js:26:1248)
	at t_._deactivate (file:///usr/share/code/resources/app/out/vs/workbench/api/node/extensionHostProcess.js:168:14854)
	at file:///usr/share/code/resources/app/out/vs/workbench/api/node/extensionHostProcess.js:168:12156
	at Array.map (<anonymous>)
	at t_._deactivateAll (file:///usr/share/code/resources/app/out/vs/workbench/api/node/extensionHostProcess.js:168:12144)
	at t_.terminate (file:///usr/share/code/resources/app/out/vs/workbench/api/node/extensionHostProcess.js:168:12495)
	at i.terminate (file:///usr/share/code/resources/app/out/vs/workbench/api/node/extensionHostProcess.js:170:1072)
	at ya (file:///usr/share/code/resources/app/out/vs/workbench/api/node/extensionHostProcess.js:473:11797)
	at $p.value (file:///usr/share/code/resources/app/out/vs/workbench/api/node/extensionHostProcess.js:473:9939)
	at T._deliver (file:///usr/share/code/resources/app/out/vs/workbench/api/node/extensionHostProcess.js:28:3617)
	at T.fire (file:///usr/share/code/resources/app/out/vs/workbench/api/node/extensionHostProcess.js:28:3935)
	at ws.fire (file:///usr/share/code/resources/app/out/vs/workbench/api/node/extensionHostProcess.js:30:8627)
	at MessagePortMain.<anonymous> (file:///usr/share/code/resources/app/out/vs/workbench/api/node/extensionHostProcess.js:473:8171)
	at MessagePortMain.emit (node:events:514:28)
	at Object.emit (node:electron/js2c/utility_init:2:2934)
2026-09-27 16:31:52.739 [error] TypeError: Cannot read properties of undefined (reading 'subscriptions')
	at Object.le [as deactivate] (/home/radio/.vscode/extensions/ms-python.vscode-python-envs-1.38.0-linux-x64/dist/extension.js:2:976515)
	at t_._deactivate (file:///usr/share/code/resources/app/out/vs/workbench/api/node/extensionHostProcess.js:168:14629)
	at file:///usr/share/code/resources/app/out/vs/workbench/api/node/extensionHostProcess.js:168:12156
	at Array.map (<anonymous>)
	at t_._deactivateAll (file:///usr/share/code/resources/app/out/vs/workbench/api/node/extensionHostProcess.js:168:12144)
	at t_.terminate (file:///usr/share/code/resources/app/out/vs/workbench/api/node/extensionHostProcess.js:168:12495)
	at i.terminate (file:///usr/share/code/resources/app/out/vs/workbench/api/node/extensionHostProcess.js:170:1072)
	at ya (file:///usr/share/code/resources/app/out/vs/workbench/api/node/extensionHostProcess.js:473:11797)
	at $p.value (file:///usr/share/code/resources/app/out/vs/workbench/api/node/extensionHostProcess.js:473:9939)
	at T._deliver (file:///usr/share/code/resources/app/out/vs/workbench/api/node/extensionHostProcess.js:28:3617)
	at T.fire (file:///usr/share/code/resources/app/out/vs/workbench/api/node/extensionHostProcess.js:28:3935)
	at ws.fire (file:///usr/share/code/resources/app/out/vs/workbench/api/node/extensionHostProcess.js:30:8627)
	at MessagePortMain.<anonymous> (file:///usr/share/code/resources/app/out/vs/workbench/api/node/extensionHostProcess.js:473:8171)
	at MessagePortMain.emit (node:events:514:28)
	at Object.emit (node:electron/js2c/utility_init:2:2934)
2026-09-27 16:31:52.742 [info] Extension host with pid 121305 exiting with code 0
