2026-09-27 10:32:48.706 [info] [main] Log level: Info
2026-09-27 10:32:48.706 [info] [main] Validating found git in: "git"
2026-09-27 10:32:48.706 [info] [main] Using git "2.55.0" from "git"
2026-09-27 10:32:48.706 [info] [Model][doInitialScan] Initial repository scan started
2026-09-27 10:32:48.706 [info] > git rev-parse --show-toplevel [1ms]
2026-09-27 10:32:48.706 [info] fatal: not a git repository (or any of the parent directories): .git
2026-09-27 10:32:48.711 [info] > git rev-parse --show-toplevel [1ms]
2026-09-27 10:32:48.711 [info] fatal: not a git repository (or any of the parent directories): .git
2026-09-27 10:32:48.718 [info] > git rev-parse --show-toplevel [3ms]
2026-09-27 10:32:48.718 [info] fatal: not a git repository (or any of the parent directories): .git
2026-09-27 10:32:48.724 [info] > git rev-parse --show-toplevel [2ms]
2026-09-27 10:32:48.724 [info] fatal: not a git repository (or any of the parent directories): .git
2026-09-27 10:32:48.727 [info] > git rev-parse --show-toplevel [1ms]
2026-09-27 10:32:48.727 [info] fatal: not a git repository (or any of the parent directories): .git
2026-09-27 10:32:48.731 [info] > git rev-parse --show-toplevel [1ms]
2026-09-27 10:32:48.731 [info] fatal: not a git repository (or any of the parent directories): .git
2026-09-27 10:32:48.813 [info] > git rev-parse --show-toplevel [79ms]
2026-09-27 10:32:48.813 [info] fatal: not a git repository (or any of the parent directories): .git
2026-09-27 10:32:48.818 [info] > git rev-parse --show-toplevel [2ms]
2026-09-27 10:32:48.818 [info] fatal: not a git repository (or any of the parent directories): .git
2026-09-27 10:32:48.822 [info] > git rev-parse --show-toplevel [1ms]
2026-09-27 10:32:48.822 [info] fatal: not a git repository (or any of the parent directories): .git
2026-09-27 10:32:48.826 [info] > git rev-parse --show-toplevel [1ms]
2026-09-27 10:32:48.826 [info] fatal: not a git repository (or any of the parent directories): .git
2026-09-27 10:32:48.829 [info] > git rev-parse --show-toplevel [1ms]
2026-09-27 10:32:48.829 [info] fatal: not a git repository (or any of the parent directories): .git
2026-09-27 10:32:48.831 [info] > git rev-parse --show-toplevel [0ms]
2026-09-27 10:32:48.831 [info] fatal: not a git repository (or any of the parent directories): .git
2026-09-27 10:32:48.835 [info] > git rev-parse --show-toplevel [1ms]
2026-09-27 10:32:48.835 [info] fatal: not a git repository (or any of the parent directories): .git
2026-09-27 10:32:48.840 [info] > git rev-parse --show-toplevel [3ms]
2026-09-27 10:32:48.840 [info] fatal: not a git repository (or any of the parent directories): .git
2026-09-27 10:32:48.843 [info] > git rev-parse --show-toplevel [0ms]
2026-09-27 10:32:48.843 [info] fatal: not a git repository (or any of the parent directories): .git
2026-09-27 10:32:48.846 [info] > git rev-parse --show-toplevel [0ms]
2026-09-27 10:32:48.846 [info] fatal: not a git repository (or any of the parent directories): .git
2026-09-27 10:32:48.850 [info] > git rev-parse --show-toplevel [1ms]
2026-09-27 10:32:48.850 [info] fatal: not a git repository (or any of the parent directories): .git
2026-09-27 10:32:48.852 [info] > git rev-parse --show-toplevel [0ms]
2026-09-27 10:32:48.852 [info] fatal: not a git repository (or any of the parent directories): .git
2026-09-27 10:32:48.855 [info] > git rev-parse --show-toplevel [0ms]
2026-09-27 10:32:48.855 [info] fatal: not a git repository (or any of the parent directories): .git
2026-09-27 10:32:48.858 [info] > git rev-parse --show-toplevel [0ms]
2026-09-27 10:32:48.858 [info] fatal: not a git repository (or any of the parent directories): .git
2026-09-27 10:32:48.861 [info] > git rev-parse --show-toplevel [1ms]
2026-09-27 10:32:48.861 [info] fatal: not a git repository (or any of the parent directories): .git
2026-09-27 10:32:48.864 [info] > git rev-parse --show-toplevel [1ms]
2026-09-27 10:32:48.864 [info] fatal: not a git repository (or any of the parent directories): .git
2026-09-27 10:32:48.867 [info] > git rev-parse --show-toplevel [1ms]
2026-09-27 10:32:48.867 [info] fatal: not a git repository (or any of the parent directories): .git
2026-09-27 10:32:48.870 [info] > git rev-parse --show-toplevel [1ms]
2026-09-27 10:32:48.870 [info] fatal: not a git repository (or any of the parent directories): .git
2026-09-27 10:32:48.873 [info] > git rev-parse --show-toplevel [1ms]
2026-09-27 10:32:48.873 [info] fatal: not a git repository (or any of the parent directories): .git
2026-09-27 10:32:48.878 [info] > git rev-parse --show-toplevel [2ms]
2026-09-27 10:32:48.878 [info] fatal: not a git repository (or any of the parent directories): .git
2026-09-27 10:32:48.882 [info] > git rev-parse --show-toplevel [0ms]
2026-09-27 10:32:48.882 [info] fatal: not a git repository (or any of the parent directories): .git
2026-09-27 10:32:48.886 [info] > git rev-parse --show-toplevel [1ms]
2026-09-27 10:32:48.886 [info] fatal: not a git repository (or any of the parent directories): .git
2026-09-27 10:32:48.890 [info] > git rev-parse --show-toplevel [1ms]
2026-09-27 10:32:48.890 [info] fatal: not a git repository (or any of the parent directories): .git
2026-09-27 10:32:48.893 [info] [Model][doInitialScan] Initial repository scan completed - repositories (0), closed repositories (0), parent repositories (0), unsafe repositories (0)
2026-09-27 10:32:49.702 [info] > git rev-parse --show-toplevel [3ms]
2026-09-27 10:32:49.702 [info] fatal: not a git repository (or any of the parent directories): .git
2026-09-27 10:32:52.168 [info] > git rev-parse --show-toplevel [2ms]
2026-09-27 10:32:52.168 [info] fatal: not a git repository (or any of the parent directories): .git
2026-09-27 10:33:03.691 [info] > git rev-parse --show-toplevel [2ms]
2026-09-27 10:33:03.691 [info] fatal: not a git repository (or any of the parent directories): .git
2026-09-27 10:39:48.782 [info] > git rev-parse --show-toplevel [2ms]
2026-09-27 10:39:48.782 [info] fatal: not a git repository (or any of the parent directories): .git
2026-09-27 10:39:54.058 [info] > git rev-parse --show-toplevel [1ms]
2026-09-27 10:39:54.058 [info] fatal: not a git repository (or any of the parent directories): .git
2026-09-27 10:39:57.208 [info] > git rev-parse --show-toplevel [1ms]
2026-09-27 10:39:57.208 [info] fatal: not a git repository (or any of the parent directories): .git
2026-09-27 10:40:03.689 [info] > git rev-parse --show-toplevel [1ms]
2026-09-27 10:40:03.689 [info] fatal: not a git repository (or any of the parent directories): .git
2026-09-27 10:40:05.097 [info] > git rev-parse --show-toplevel [1ms]
2026-09-27 10:40:05.097 [info] fatal: not a git repository (or any of the parent directories): .git
2026-09-27 10:40:25.655 [info] > git rev-parse --show-toplevel [1ms]
2026-09-27 10:40:25.655 [info] fatal: not a git repository (or any of the parent directories): .git
2026-09-27 10:40:32.250 [info] > git rev-parse --show-toplevel [1ms]
2026-09-27 10:40:32.250 [info] fatal: not a git repository (or any of the parent directories): .git
2026-09-27 10:40:50.871 [info] > git rev-parse --show-toplevel [1ms]
2026-09-27 10:40:50.871 [info] fatal: not a git repository (or any of the parent directories): .git
2026-09-27 10:40:59.878 [info] > git rev-parse --show-toplevel [2ms]
2026-09-27 10:40:59.878 [info] fatal: not a git repository (or any of the parent directories): .git
2026-09-27 10:41:03.678 [info] > git rev-parse --show-toplevel [1ms]
2026-09-27 10:41:03.678 [info] fatal: not a git repository (or any of the parent directories): .git
2026-09-27 10:41:15.241 [info] > git rev-parse --show-toplevel [0ms]
2026-09-27 10:41:15.242 [info] fatal: not a git repository (or any of the parent directories): .git
2026-09-27 10:41:16.780 [info] > git rev-parse --show-toplevel [0ms]
2026-09-27 10:41:16.780 [info] fatal: not a git repository (or any of the parent directories): .git
2026-09-27 10:41:23.365 [info] > git rev-parse --show-toplevel [1ms]
2026-09-27 10:41:23.365 [info] fatal: not a git repository (or any of the parent directories): .git
2026-09-27 10:41:25.736 [info] > git rev-parse --show-toplevel [1ms]
2026-09-27 10:41:25.736 [info] fatal: not a git repository (or any of the parent directories): .git
2026-09-27 10:41:26.015 [info] > git rev-parse --show-toplevel [1ms]
2026-09-27 10:41:26.015 [info] fatal: not a git repository (or any of the parent directories): .git
2026-09-27 10:41:27.641 [info] > git rev-parse --show-toplevel [1ms]
2026-09-27 10:41:27.641 [info] fatal: not a git repository (or any of the parent directories): .git
